Archive member included to satisfy reference by file (symbol)

/home/marc/SJSU-Dev/tools/gcc-arm-none-eabi-6-2017-q2-update/bin/../lib/gcc/arm-none-eabi/6.3.1/../../../../arm-none-eabi/lib/thumb/v7-m/libstdc++_nano.a(class_type_info.o)
                              obj//home/marc/SJSU-Dev/firmware/lib/L3_Utils/src/scheduler_task.o (vtable for __cxxabiv1::__class_type_info)
/home/marc/SJSU-Dev/tools/gcc-arm-none-eabi-6-2017-q2-update/bin/../lib/gcc/arm-none-eabi/6.3.1/../../../../arm-none-eabi/lib/thumb/v7-m/libstdc++_nano.a(si_class_type_info.o)
                              obj//home/marc/SJSU-Dev/firmware/lib/L2_Drivers/base/uart_dev.o (vtable for __cxxabiv1::__si_class_type_info)
/home/marc/SJSU-Dev/tools/gcc-arm-none-eabi-6-2017-q2-update/bin/../lib/gcc/arm-none-eabi/6.3.1/../../../../arm-none-eabi/lib/thumb/v7-m/libstdc++_nano.a(del_ops.o)
                              obj//home/marc/SJSU-Dev/firmware/lib/L3_Utils/src/str.o (operator delete(void*, unsigned int))
/home/marc/SJSU-Dev/tools/gcc-arm-none-eabi-6-2017-q2-update/bin/../lib/gcc/arm-none-eabi/6.3.1/../../../../arm-none-eabi/lib/thumb/v7-m/libstdc++_nano.a(guard.o)
                              obj//home/marc/SJSU-Dev/firmware/lib/L5_HighLevel/source/high_level_init.o (__cxa_guard_acquire)
/home/marc/SJSU-Dev/tools/gcc-arm-none-eabi-6-2017-q2-update/bin/../lib/gcc/arm-none-eabi/6.3.1/../../../../arm-none-eabi/lib/thumb/v7-m/libstdc++_nano.a(pure.o)
                              obj//home/marc/SJSU-Dev/firmware/lib/L3_Utils/src/scheduler_task.o (__cxa_pure_virtual)
/home/marc/SJSU-Dev/tools/gcc-arm-none-eabi-6-2017-q2-update/bin/../lib/gcc/arm-none-eabi/6.3.1/../../../../arm-none-eabi/lib/thumb/v7-m/libstdc++_nano.a(vmi_class_type_info.o)
                              obj//home/marc/SJSU-Dev/firmware/lib/L2_Drivers/src/nrf_stream.o (vtable for __cxxabiv1::__vmi_class_type_info)
/home/marc/SJSU-Dev/tools/gcc-arm-none-eabi-6-2017-q2-update/bin/../lib/gcc/arm-none-eabi/6.3.1/../../../../arm-none-eabi/lib/thumb/v7-m/libstdc++_nano.a(tinfo.o)
                              /home/marc/SJSU-Dev/tools/gcc-arm-none-eabi-6-2017-q2-update/bin/../lib/gcc/arm-none-eabi/6.3.1/../../../../arm-none-eabi/lib/thumb/v7-m/libstdc++_nano.a(class_type_info.o) (std::type_info::~type_info())
/home/marc/SJSU-Dev/tools/gcc-arm-none-eabi-6-2017-q2-update/bin/../lib/gcc/arm-none-eabi/6.3.1/../../../../arm-none-eabi/lib/thumb/v7-m/libstdc++_nano.a(eh_terminate.o)
                              /home/marc/SJSU-Dev/tools/gcc-arm-none-eabi-6-2017-q2-update/bin/../lib/gcc/arm-none-eabi/6.3.1/../../../../arm-none-eabi/lib/thumb/v7-m/libstdc++_nano.a(pure.o) (std::terminate())
/home/marc/SJSU-Dev/tools/gcc-arm-none-eabi-6-2017-q2-update/bin/../lib/gcc/arm-none-eabi/6.3.1/../../../../arm-none-eabi/lib/thumb/v7-m/libstdc++_nano.a(eh_term_handler.o)
                              /home/marc/SJSU-Dev/tools/gcc-arm-none-eabi-6-2017-q2-update/bin/../lib/gcc/arm-none-eabi/6.3.1/../../../../arm-none-eabi/lib/thumb/v7-m/libstdc++_nano.a(eh_terminate.o) (__cxxabiv1::__terminate_handler)
/home/marc/SJSU-Dev/tools/gcc-arm-none-eabi-6-2017-q2-update/bin/../lib/gcc/arm-none-eabi/6.3.1/../../../../arm-none-eabi/lib/thumb/v7-m/libstdc++_nano.a(eh_unex_handler.o)
                              /home/marc/SJSU-Dev/tools/gcc-arm-none-eabi-6-2017-q2-update/bin/../lib/gcc/arm-none-eabi/6.3.1/../../../../arm-none-eabi/lib/thumb/v7-m/libstdc++_nano.a(eh_terminate.o) (__cxxabiv1::__unexpected_handler)
/home/marc/SJSU-Dev/tools/gcc-arm-none-eabi-6-2017-q2-update/bin/../lib/gcc/arm-none-eabi/6.3.1/thumb/v7-m/libgcc.a(_ashldi3.o)
                              obj//home/marc/SJSU-Dev/firmware/lib/L0_LowLevel/source/lpc_peripherals.o (__aeabi_llsl)
/home/marc/SJSU-Dev/tools/gcc-arm-none-eabi-6-2017-q2-update/bin/../lib/gcc/arm-none-eabi/6.3.1/thumb/v7-m/libgcc.a(_arm_addsubdf3.o)
                              obj//home/marc/SJSU-Dev/firmware/lib/L2_Drivers/base/uart_dev.o (__aeabi_dadd)
/home/marc/SJSU-Dev/tools/gcc-arm-none-eabi-6-2017-q2-update/bin/../lib/gcc/arm-none-eabi/6.3.1/thumb/v7-m/libgcc.a(_arm_fixunsdfsi.o)
                              obj//home/marc/SJSU-Dev/firmware/lib/L2_Drivers/base/uart_dev.o (__aeabi_d2uiz)
/home/marc/SJSU-Dev/tools/gcc-arm-none-eabi-6-2017-q2-update/bin/../lib/gcc/arm-none-eabi/6.3.1/thumb/v7-m/libgcc.a(_arm_truncdfsf2.o)
                              obj//home/marc/SJSU-Dev/firmware/lib/L3_Utils/src/str.o (__aeabi_d2f)
/home/marc/SJSU-Dev/tools/gcc-arm-none-eabi-6-2017-q2-update/bin/../lib/gcc/arm-none-eabi/6.3.1/thumb/v7-m/libgcc.a(_arm_addsubsf3.o)
                              obj//home/marc/SJSU-Dev/firmware/lib/L3_Utils/src/str.o (__aeabi_fsub)
/home/marc/SJSU-Dev/tools/gcc-arm-none-eabi-6-2017-q2-update/bin/../lib/gcc/arm-none-eabi/6.3.1/thumb/v7-m/libgcc.a(_arm_muldivsf3.o)
                              obj//home/marc/SJSU-Dev/firmware/lib/L2_Drivers/src/lpc_pwm.o (__aeabi_fmul)
[...]
Memory Configuration

Name             Origin             Length             Attributes
FLASH            0x0000000000010000 0x0000000000070000 xr
SRAM             0x0000000010000000 0x0000000000008000 xrw
SRAM_AHB         0x000000002007c000 0x0000000000008000 xrw
*default*        0x0000000000000000 0xffffffffffffffff

Linker script and memory map

LOAD bin/firmware.sym.o
LOAD obj//home/marc/SJSU-Dev/firmware/lib/L3_Utils/tlm/src/c_tlm_var.o
LOAD obj//home/marc/SJSU-Dev/firmware/lib/L3_Utils/tlm/src/c_tlm_comp.o
LOAD obj//home/marc/SJSU-Dev/firmware/lib/L3_Utils/tlm/src/c_tlm_stream.o
LOAD obj//home/marc/SJSU-Dev/firmware/lib/L3_Utils/tlm/src/c_tlm_binary.o
LOAD obj//home/marc/SJSU-Dev/firmware/lib/L3_Utils/src/printf_lib.o
LOAD obj//home/marc/SJSU-Dev/firmware/lib/L3_Utils/src/str.o
LOAD obj//home/marc/SJSU-Dev/firmware/lib/L3_Utils/src/rtc_alarm.o
LOAD obj//home/marc/SJSU-Dev/firmware/lib/L3_Utils/src/command_handler.o
LOAD obj//home/marc/SJSU-Dev/firmware/lib/L3_Utils/src/scheduler_task.o
LOAD obj//home/marc/SJSU-Dev/firmware/lib/L3_Utils/src/freertos_timer.o
LOAD obj//home/marc/SJSU-Dev/firmware/lib/L3_Utils/src/file_logger.o
LOAD obj//home/marc/SJSU-Dev/firmware/lib/L3_Utils/src/c_list.o
LOAD obj//home/marc/SJSU-Dev/firmware/lib/L3_Utils/src/utilities.o
LOAD obj//home/marc/SJSU-Dev/firmware/lib/L2_Drivers/base/uart_dev.o
LOAD obj//home/marc/SJSU-Dev/firmware/lib/L2_Drivers/base/i2c_base.o
LOAD obj//home/marc/SJSU-Dev/firmware/lib/L2_Drivers/base/char_dev.o
LOAD obj//home/marc/SJSU-Dev/firmware/lib/L2_Drivers/src/i2c2.o
LOAD obj//home/marc/SJSU-Dev/firmware/lib/L2_Drivers/src/rtc.o
LOAD obj//home/marc/SJSU-Dev/firmware/lib/L2_Drivers/src/spi_dma.o
LOAD obj//home/marc/SJSU-Dev/firmware/lib/L2_Drivers/src/nrf_stream.o
LOAD obj//home/marc/SJSU-Dev/firmware/lib/L2_Drivers/src/spi_sem.o
LOAD obj//home/marc/SJSU-Dev/firmware/lib/L2_Drivers/src/uart2.o
LOAD obj//home/marc/SJSU-Dev/firmware/lib/L2_Drivers/src/adc.o
LOAD obj//home/marc/SJSU-Dev/firmware/lib/L2_Drivers/src/lpc_rit.o
LOAD obj//home/marc/SJSU-Dev/firmware/lib/L2_Drivers/src/uart0.o
LOAD obj//home/marc/SJSU-Dev/firmware/lib/L2_Drivers/src/eint.o
LOAD obj//home/marc/SJSU-Dev/firmware/lib/L2_Drivers/src/can.o
LOAD obj//home/marc/SJSU-Dev/firmware/lib/L2_Drivers/src/lpc_pwm.o
LOAD obj//home/marc/SJSU-Dev/firmware/lib/L2_Drivers/src/lpc_timers.o
LOAD obj//home/marc/SJSU-Dev/firmware/lib/L2_Drivers/src/uart3.o
LOAD obj//home/marc/SJSU-Dev/firmware/lib/L5_HighLevel/source/terminal.o
LOAD obj//home/marc/SJSU-Dev/firmware/lib/L5_HighLevel/source/high_level_init.o
LOAD obj//home/marc/SJSU-Dev/firmware/lib/L5_HighLevel/source/cmd_handlers/handlers.o
LOAD obj//home/marc/SJSU-Dev/firmware/lib/L5_HighLevel/source/cmd_handlers/prog_handlers.o
LOAD obj//home/marc/SJSU-Dev/firmware/lib/L5_HighLevel/source/cmd_handlers/wireless_handlers.o
LOAD obj//home/marc/SJSU-Dev/firmware/lib/L5_HighLevel/source/remote.o
LOAD obj//home/marc/SJSU-Dev/firmware/lib/L5_HighLevel/examples/examples.o
LOAD obj//home/marc/SJSU-Dev/firmware/lib/L5_HighLevel/examples/rn_xv_task.o
LOAD obj//home/marc/SJSU-Dev/firmware/lib/L5_HighLevel/periodic_scheduler/prd_dispatcher.o
LOAD obj//home/marc/SJSU-Dev/firmware/lib/L1_FreeRTOS/MemMang/freertos_mem_man.o
LOAD obj//home/marc/SJSU-Dev/firmware/lib/L1_FreeRTOS/portable/run_time_stats.o
LOAD obj//home/marc/SJSU-Dev/firmware/lib/L1_FreeRTOS/portable/no_mpu/port.o
LOAD obj//home/marc/SJSU-Dev/firmware/lib/L1_FreeRTOS/src/tasks.o
LOAD obj//home/marc/SJSU-Dev/firmware/lib/L1_FreeRTOS/src/list.o
LOAD obj//home/marc/SJSU-Dev/firmware/lib/L1_FreeRTOS/src/event_groups.o
LOAD obj//home/marc/SJSU-Dev/firmware/lib/L1_FreeRTOS/src/timers.o
LOAD obj//home/marc/SJSU-Dev/firmware/lib/L1_FreeRTOS/src/queue.o
LOAD obj//home/marc/SJSU-Dev/firmware/lib/L1_FreeRTOS/src/croutine.o
LOAD obj//home/marc/SJSU-Dev/firmware/lib/L1_FreeRTOS/trace/trcHardwarePort.o
LOAD obj//home/marc/SJSU-Dev/firmware/lib/L1_FreeRTOS/trace/trcBase.o
LOAD obj//home/marc/SJSU-Dev/firmware/lib/L1_FreeRTOS/trace/trcKernel.o
LOAD obj//home/marc/SJSU-Dev/firmware/lib/L1_FreeRTOS/trace/run_time_counter.o
LOAD obj//home/marc/SJSU-Dev/firmware/lib/L1_FreeRTOS/trace/trcKernelPort.o
LOAD obj//home/marc/SJSU-Dev/firmware/lib/L1_FreeRTOS/trace/trcUser.o
LOAD obj//home/marc/SJSU-Dev/firmware/lib/L1_FreeRTOS/hooks/hooks.o
LOAD obj//home/marc/SJSU-Dev/firmware/lib/newlib/newlib_syscalls.o
LOAD obj//home/marc/SJSU-Dev/firmware/lib/newlib/memory.o
LOAD obj//home/marc/SJSU-Dev/firmware/lib/newlib/malloc_lock.o
LOAD obj//home/marc/SJSU-Dev/firmware/lib/newlib/newlib_time.o
LOAD obj//home/marc/SJSU-Dev/firmware/lib/L0_LowLevel/source/lpc_peripherals.o
LOAD obj//home/marc/SJSU-Dev/firmware/lib/L0_LowLevel/source/core_cm3.o
LOAD obj//home/marc/SJSU-Dev/firmware/lib/L0_LowLevel/source/sys_clock.o
LOAD obj//home/marc/SJSU-Dev/firmware/lib/L0_LowLevel/source/lpc_sys.o
LOAD obj//home/marc/SJSU-Dev/firmware/lib/L0_LowLevel/source/startup.o
LOAD obj//home/marc/SJSU-Dev/firmware/lib/L0_LowLevel/source/low_level_init.o
LOAD obj//home/marc/SJSU-Dev/firmware/lib/L0_LowLevel/source/uart0_min.o
LOAD obj//home/marc/SJSU-Dev/firmware/lib/L4_IO/wireless/src/mesh.o
LOAD obj//home/marc/SJSU-Dev/firmware/lib/L4_IO/wireless/src/nrf24L01Plus.o
LOAD obj//home/marc/SJSU-Dev/firmware/lib/L4_IO/wireless/src/wireless.o
LOAD obj//home/marc/SJSU-Dev/firmware/lib/L4_IO/fat/fatfs_time.o
LOAD obj//home/marc/SJSU-Dev/firmware/lib/L4_IO/fat/ff.o
LOAD obj//home/marc/SJSU-Dev/firmware/lib/L4_IO/fat/option/ccsbcs.o
LOAD obj//home/marc/SJSU-Dev/firmware/lib/L4_IO/fat/option/reentrant.o
LOAD obj//home/marc/SJSU-Dev/firmware/lib/L4_IO/fat/disk/sd.o
LOAD obj//home/marc/SJSU-Dev/firmware/lib/L4_IO/fat/disk/spi_flash.o
LOAD obj//home/marc/SJSU-Dev/firmware/lib/L4_IO/fat/disk/diskio.o
LOAD obj//home/marc/SJSU-Dev/firmware/lib/L4_IO/src/gpio.o
LOAD obj//home/marc/SJSU-Dev/firmware/lib/L4_IO/src/io_source.o
LOAD obj//home/marc/SJSU-Dev/firmware/lib/L4_IO/src/storage.o
LOAD obj/L5_Application/LabGPIO.o
LOAD obj/L5_Application/LabGPIOInterrupts.o
LOAD obj/L5_Application/main.o
LOAD /home/marc/SJSU-Dev/tools/gcc-arm-none-eabi-6-2017-q2-update/bin/../lib/gcc/arm-none-eabi/6.3.1/../../../../arm-none-eabi/lib/thumb/v7-m/libstdc++_nano.a
LOAD /home/marc/SJSU-Dev/tools/gcc-arm-none-eabi-6-2017-q2-update/bin/../lib/gcc/arm-none-eabi/6.3.1/../../../../arm-none-eabi/lib/thumb/v7-m/libm.a
START GROUP
LOAD /home/marc/SJSU-Dev/tools/gcc-arm-none-eabi-6-2017-q2-update/bin/../lib/gcc/arm-none-eabi/6.3.1/thumb/v7-m/libgcc.a
LOAD /home/marc/SJSU-Dev/tools/gcc-arm-none-eabi-6-2017-q2-update/bin/../lib/gcc/arm-none-eabi/6.3.1/../../../../arm-none-eabi/lib/thumb/v7-m/libc_nano.a
END GROUP
START GROUP
LOAD /home/marc/SJSU-Dev/tools/gcc-arm-none-eabi-6-2017-q2-update/bin/../lib/gcc/arm-none-eabi/6.3.1/thumb/v7-m/libgcc.a
LOAD /home/marc/SJSU-Dev/tools/gcc-arm-none-eabi-6-2017-q2-update/bin/../lib/gcc/arm-none-eabi/6.3.1/../../../../arm-none-eabi/lib/thumb/v7-m/libc_nano.a
END GROUP

.text           0x0000000000010000    0x1bc17
 FILL mask 0xff
 *(.isr_vector)
 .isr_vector    0x0000000000010000       0xcc obj//home/marc/SJSU-Dev/firmware/lib/L0_LowLevel/source/startup.o
                0x0000000000010000                g_pfnVectors
                0x00000000000100cc                . = ALIGN (0x4)
                0x00000000000100cc                __section_table_start = .
                0x00000000000100cc                __data_section_table = .
                0x00000000000100cc        0x4 LONG 0x2bc20 LOADADDR (.data)
                0x00000000000100d0        0x4 LONG 0x2007c000 ADDR (.data)
                0x00000000000100d4        0x4 LONG 0x300 SIZEOF (.data)
                0x00000000000100d8                __data_section_table_end = .
                0x00000000000100d8                __bss_section_table = .
                0x00000000000100d8        0x4 LONG 0x2007c300 ADDR (.bss)
                0x00000000000100dc        0x4 LONG 0x5f4 SIZEOF (.bss)
                0x00000000000100e0                __bss_section_table_end = .
                0x00000000000100e0                __section_table_end = .
 *(.after_vectors*)
 .after_vectors
                0x00000000000100e0      0x120 obj//home/marc/SJSU-Dev/firmware/lib/L0_LowLevel/source/startup.o
                0x00000000000100e0                isr_hard_fault
                0x00000000000100fa                isr_nmi
                0x0000000000010108                isr_mem_fault
                0x0000000000010118                isr_bus_fault
                0x0000000000010128                isr_usage_fault
                0x0000000000010138                isr_debug_mon
                0x0000000000010148                TIMER2_IRQHandler
                0x0000000000010148                I2C0_IRQHandler
                0x0000000000010148                PWM1_IRQHandler
                0x0000000000010148                I2C1_IRQHandler
                0x0000000000010148                EINT2_IRQHandler
                0x0000000000010148                UART1_IRQHandler
                0x0000000000010148                TIMER3_IRQHandler
                0x0000000000010148                PLL0_IRQHandler
                0x0000000000010148                PLL1_IRQHandler
                0x0000000000010148                SSP0_IRQHandler
                0x0000000000010148                CANAct_IRQHandler
                0x0000000000010148                I2S_IRQHandler
                0x0000000000010148                TIMER0_IRQHandler
                0x0000000000010148                SPI_IRQHandler
                0x0000000000010148                EINT1_IRQHandler
                0x0000000000010148                isr_default_handler
                0x0000000000010148                SSP1_IRQHandler
                0x0000000000010148                USB_IRQHandler
                0x0000000000010148                BOD_IRQHandler
                0x0000000000010148                WDT_IRQHandler
                0x0000000000010148                QEI_IRQHandler
                0x0000000000010148                EINT0_IRQHandler
                0x0000000000010148                DMA_IRQHandler
                0x0000000000010148                MCPWM_IRQHandler
                0x0000000000010148                ENET_IRQHandler
                0x0000000000010148                USBAct_IRQHandler
                0x0000000000010158                isr_sys_tick
                0x000000000001016a                data_init(unsigned int, unsigned int, unsigned int)
                0x0000000000010180                bss_init(unsigned int, unsigned int)
                0x0000000000010194                isr_reset
 *(.text*)
 .text.tlm_variable_check_dup
                0x0000000000010200       0x1e obj//home/marc/SJSU-Dev/firmware/lib/L3_Utils/tlm/src/c_tlm_var.o
 .text.tlm_component_find_callback
                0x000000000001021e       0x14 obj//home/marc/SJSU-Dev/firmware/lib/L3_Utils/tlm/src/c_tlm_var.o
 *fill*         0x0000000000010232        0x2 ff
 .text.tlm_variable_register
                0x0000000000010234       0x7c obj//home/marc/SJSU-Dev/firmware/lib/L3_Utils/tlm/src/c_tlm_var.o
                0x0000000000010234                tlm_variable_register
 .text.tlm_variable_get_by_name
                0x00000000000102b0       0x28 obj//home/marc/SJSU-Dev/firmware/lib/L3_Utils/tlm/src/c_tlm_var.o
                0x00000000000102b0                tlm_variable_get_by_name
 .text.tlm_variable_get_by_comp_and_name
                0x00000000000102d8       0x30 obj//home/marc/SJSU-Dev/firmware/lib/L3_Utils/tlm/src/c_tlm_var.o
                0x00000000000102d8                tlm_variable_get_by_comp_and_name
 .text.tlm_variable_set_value
                0x0000000000010308      0x1ec obj//home/marc/SJSU-Dev/firmware/lib/L3_Utils/tlm/src/c_tlm_var.o
                0x0000000000010308                tlm_variable_set_value
 .text.tlm_variable_print_value
                0x00000000000104f4      0x410 obj//home/marc/SJSU-Dev/firmware/lib/L3_Utils/tlm/src/c_tlm_var.o
                0x00000000000104f4                tlm_variable_print_value
 .text.tlm_variable_get_value
                0x0000000000010904       0x1a obj//home/marc/SJSU-Dev/firmware/lib/L3_Utils/tlm/src/c_tlm_var.o
                0x0000000000010904                tlm_variable_get_value
 .text.tlm_component_for_each_callback
                0x000000000001091e        0xe obj//home/marc/SJSU-Dev/firmware/lib/L3_Utils/tlm/src/c_tlm_comp.o
 .text.tlm_component_find_by_name
                0x000000000001092c       0x10 obj//home/marc/SJSU-Dev/firmware/lib/L3_Utils/tlm/src/c_tlm_comp.o
 .text.tlm_component_get_by_name
                0x000000000001093c       0x24 obj//home/marc/SJSU-Dev/firmware/lib/L3_Utils/tlm/src/c_tlm_comp.o
                0x000000000001093c                tlm_component_get_by_name
 .text.tlm_component_add
                0x0000000000010960       0x6c obj//home/marc/SJSU-Dev/firmware/lib/L3_Utils/tlm/src/c_tlm_comp.o
                0x0000000000010960                tlm_component_add
 .text.tlm_component_for_each
                0x00000000000109cc       0x24 obj//home/marc/SJSU-Dev/firmware/lib/L3_Utils/tlm/src/c_tlm_comp.o
                0x00000000000109cc                tlm_component_for_each
 .text.tlm_stream_for_each_component_var
                0x00000000000109f0       0xd0 obj//home/marc/SJSU-Dev/firmware/lib/L3_Utils/tlm/src/c_tlm_stream.o
 .text.tlm_stream_file_ptr
                0x0000000000010ac0       0x1a obj//home/marc/SJSU-Dev/firmware/lib/L3_Utils/tlm/src/c_tlm_stream.o
 *fill*         0x0000000000010ada        0x2 ff
 .text.tlm_stream_one
                0x0000000000010adc       0x80 obj//home/marc/SJSU-Dev/firmware/lib/L3_Utils/tlm/src/c_tlm_stream.o
                0x0000000000010adc                tlm_stream_one
 .text.tlm_stream_all_args
                0x0000000000010b5c        0xa obj//home/marc/SJSU-Dev/firmware/lib/L3_Utils/tlm/src/c_tlm_stream.o
 *fill*         0x0000000000010b66        0x2 ff
 .text.tlm_stream_all
                0x0000000000010b68       0x1c obj//home/marc/SJSU-Dev/firmware/lib/L3_Utils/tlm/src/c_tlm_stream.o
                0x0000000000010b68                tlm_stream_all
 .text.tlm_stream_one_file
                0x0000000000010b84       0x14 obj//home/marc/SJSU-Dev/firmware/lib/L3_Utils/tlm/src/c_tlm_stream.o
                0x0000000000010b84                tlm_stream_one_file
 .text.tlm_stream_decode_file
                0x0000000000010b98      0x1b8 obj//home/marc/SJSU-Dev/firmware/lib/L3_Utils/tlm/src/c_tlm_stream.o
                0x0000000000010b98                tlm_stream_decode_file
 .text.get_tlm_one_comp
                0x0000000000010d50       0x52 obj//home/marc/SJSU-Dev/firmware/lib/L3_Utils/tlm/src/c_tlm_binary.o
 .text.cmp_tlm_one_comp
                0x0000000000010da2       0x50 obj//home/marc/SJSU-Dev/firmware/lib/L3_Utils/tlm/src/c_tlm_binary.o
 .text.tlm_binary_get_size_one
                0x0000000000010df2       0x16 obj//home/marc/SJSU-Dev/firmware/lib/L3_Utils/tlm/src/c_tlm_binary.o
                0x0000000000010df2                tlm_binary_get_size_one
 .text.tlm_binary_get_one
                0x0000000000010e08       0x1a obj//home/marc/SJSU-Dev/firmware/lib/L3_Utils/tlm/src/c_tlm_binary.o
                0x0000000000010e08                tlm_binary_get_one
 .text.tlm_binary_compare_one
                0x0000000000010e22       0x1c obj//home/marc/SJSU-Dev/firmware/lib/L3_Utils/tlm/src/c_tlm_binary.o
                0x0000000000010e22                tlm_binary_compare_one
 .text.u0_dbg_put
                0x0000000000010e3e       0x1e obj//home/marc/SJSU-Dev/firmware/lib/L3_Utils/src/printf_lib.o
                0x0000000000010e3e                u0_dbg_put
 .text.u0_dbg_printf
                0x0000000000010e5c       0x3c obj//home/marc/SJSU-Dev/firmware/lib/L3_Utils/src/printf_lib.o
                0x0000000000010e5c                u0_dbg_printf
 .text._ZN3strC2EPci
                0x0000000000010e98       0x28 obj//home/marc/SJSU-Dev/firmware/lib/L3_Utils/src/str.o
                0x0000000000010e98                str::str(char*, int)
                0x0000000000010e98                str::str(char*, int)
 .text._ZN3strD2Ev
                0x0000000000010ec0       0x26 obj//home/marc/SJSU-Dev/firmware/lib/L3_Utils/src/str.o
                0x0000000000010ec0                str::~str()
                0x0000000000010ec0                str::~str()
 .text._ZNK3str6getLenEv
                0x0000000000010ee6        0x6 obj//home/marc/SJSU-Dev/firmware/lib/L3_Utils/src/str.o
                0x0000000000010ee6                str::getLen() const
 .text._ZNK3str11getCapacityEv
                0x0000000000010eec        0x4 obj//home/marc/SJSU-Dev/firmware/lib/L3_Utils/src/str.o
                0x0000000000010eec                str::getCapacity() const
 .text._ZN3str5clearEv
                0x0000000000010ef0        0x8 obj//home/marc/SJSU-Dev/firmware/lib/L3_Utils/src/str.o
                0x0000000000010ef0                str::clear()
 .text._ZN3str5scanfEPKcz
                0x0000000000010ef8       0x1c obj//home/marc/SJSU-Dev/firmware/lib/L3_Utils/src/str.o
                0x0000000000010ef8                str::scanf(char const*, ...)
 .text._ZN3str8tokenizeEPKciz
                0x0000000000010f14       0x4c obj//home/marc/SJSU-Dev/firmware/lib/L3_Utils/src/str.o
                0x0000000000010f14                str::tokenize(char const*, int, ...)
 .text._ZNK3str9compareToEPKc
                0x0000000000010f60       0x14 obj//home/marc/SJSU-Dev/firmware/lib/L3_Utils/src/str.o
                0x0000000000010f60                str::compareTo(char const*) const
 .text._ZNK3str19compareToIgnoreCaseEPKc
                0x0000000000010f74       0x10 obj//home/marc/SJSU-Dev/firmware/lib/L3_Utils/src/str.o
                0x0000000000010f74                str::compareToIgnoreCase(char const*) const
 .text._ZNK3str22firstIndexOfIgnoreCaseEPKc
                0x0000000000010f84       0x80 obj//home/marc/SJSU-Dev/firmware/lib/L3_Utils/src/str.o
                0x0000000000010f84                str::firstIndexOfIgnoreCase(char const*) const
 .text._ZNK3str18containsIgnoreCaseEPKc
                0x0000000000011004        0xe obj//home/marc/SJSU-Dev/firmware/lib/L3_Utils/src/str.o
                0x0000000000011004                str::containsIgnoreCase(char const*) const
 .text._ZNK3str12firstIndexOfEPKc
                0x0000000000011012       0x16 obj//home/marc/SJSU-Dev/firmware/lib/L3_Utils/src/str.o
                0x0000000000011012                str::firstIndexOf(char const*) const
 .text._ZNK3str10beginsWithEPKc
                0x0000000000011028       0x2e obj//home/marc/SJSU-Dev/firmware/lib/L3_Utils/src/str.o
                0x0000000000011028                str::beginsWith(char const*) const
 .text._ZNK3str20beginsWithIgnoreCaseEPKc
                0x0000000000011056       0x2e obj//home/marc/SJSU-Dev/firmware/lib/L3_Utils/src/str.o
                0x0000000000011056                str::beginsWithIgnoreCase(char const*) const
 .text._ZNK3str29beginsWithWholeWordIgnoreCaseEPKcc
                0x0000000000011084       0x38 obj//home/marc/SJSU-Dev/firmware/lib/L3_Utils/src/str.o
                0x0000000000011084                str::beginsWithWholeWordIgnoreCase(char const*, char) const
 .text._ZN3str10eraseFirstEi
                0x00000000000110bc       0x28 obj//home/marc/SJSU-Dev/firmware/lib/L3_Utils/src/str.o
                0x00000000000110bc                str::eraseFirst(int)
 .text._ZN3str9eraseLastEi
                0x00000000000110e4       0x1e obj//home/marc/SJSU-Dev/firmware/lib/L3_Utils/src/str.o
                0x00000000000110e4                str::eraseLast(int)
 .text._ZN3str10eraseAfterEii
                0x0000000000011102       0x38 obj//home/marc/SJSU-Dev/firmware/lib/L3_Utils/src/str.o
                0x0000000000011102                str::eraseAfter(int, int)
 .text._ZN3str5eraseEPKc
                0x000000000001113a       0x28 obj//home/marc/SJSU-Dev/firmware/lib/L3_Utils/src/str.o
                0x000000000001113a                str::erase(char const*)
 .text._ZN3str15eraseFirstWordsEic
                0x0000000000011162       0x2a obj//home/marc/SJSU-Dev/firmware/lib/L3_Utils/src/str.o
                0x0000000000011162                str::eraseFirstWords(int, char)
 .text._ZN3str9trimStartEPKc
                0x000000000001118c       0x40 obj//home/marc/SJSU-Dev/firmware/lib/L3_Utils/src/str.o
                0x000000000001118c                str::trimStart(char const*)
 .text._ZN3str7trimEndEPKc
                0x00000000000111cc       0x3a obj//home/marc/SJSU-Dev/firmware/lib/L3_Utils/src/str.o
                0x00000000000111cc                str::trimEnd(char const*)
 .text._ZNK3streqEPKc
                0x0000000000011206        0x4 obj//home/marc/SJSU-Dev/firmware/lib/L3_Utils/src/str.o
                0x0000000000011206                str::operator==(char const*) const
 .text._ZNK3strclEv
                0x000000000001120a        0x4 obj//home/marc/SJSU-Dev/firmware/lib/L3_Utils/src/str.o
                0x000000000001120a                str::operator()() const
 .text._ZNK3strcviEv
                0x000000000001120e        0x6 obj//home/marc/SJSU-Dev/firmware/lib/L3_Utils/src/str.o
                0x000000000001120e                str::operator int() const
 .text._ZN3strixEi
                0x0000000000011214       0x14 obj//home/marc/SJSU-Dev/firmware/lib/L3_Utils/src/str.o
                0x0000000000011214                str::operator[](int)
 .text._ZN3str13reAllocateMemEi
                0x0000000000011228       0x4c obj//home/marc/SJSU-Dev/firmware/lib/L3_Utils/src/str.o
                0x0000000000011228                str::reAllocateMem(int)
 .text._ZN3str4initEi
                0x0000000000011274       0x10 obj//home/marc/SJSU-Dev/firmware/lib/L3_Utils/src/str.o
                0x0000000000011274                str::init(int)
 .text._ZN3strC2Ei
                0x0000000000011284        0xc obj//home/marc/SJSU-Dev/firmware/lib/L3_Utils/src/str.o
                0x0000000000011284                str::str(int)
                0x0000000000011284                str::str(int)
 .text._ZN3str7reserveEi
                0x0000000000011290        0xe obj//home/marc/SJSU-Dev/firmware/lib/L3_Utils/src/str.o
                0x0000000000011290                str::reserve(int)
 .text._ZN3str6printfEPKcz
                0x000000000001129e       0x42 obj//home/marc/SJSU-Dev/firmware/lib/L3_Utils/src/str.o
                0x000000000001129e                str::printf(char const*, ...)
 .text._ZN3str26ensureMemoryToInsertNCharsEi
                0x00000000000112e0       0x22 obj//home/marc/SJSU-Dev/firmware/lib/L3_Utils/src/str.o
                0x00000000000112e0                str::ensureMemoryToInsertNChars(int)
 .text._ZN3str11insertAtEndEPKc
                0x0000000000011302       0x24 obj//home/marc/SJSU-Dev/firmware/lib/L3_Utils/src/str.o
                0x0000000000011302                str::insertAtEnd(char const*)
 .text._ZN3strpLEc
                0x0000000000011326       0x1a obj//home/marc/SJSU-Dev/firmware/lib/L3_Utils/src/str.o
                0x0000000000011326                str::operator+=(char)
 .text._ZN3str8copyFromEPKc
                0x0000000000011340       0x3c obj//home/marc/SJSU-Dev/firmware/lib/L3_Utils/src/str.o
                0x0000000000011340                str::copyFrom(char const*)
 .text._ZN3straSEPKc
                0x000000000001137c        0x4 obj//home/marc/SJSU-Dev/firmware/lib/L3_Utils/src/str.o
                0x000000000001137c                str::operator=(char const*)
 .text.for_each_recur_alarm_callback
                0x0000000000011380       0x24 obj//home/marc/SJSU-Dev/firmware/lib/L3_Utils/src/rtc_alarm.o
 .text.for_each_alarm_callback
                0x00000000000113a4       0x5a obj//home/marc/SJSU-Dev/firmware/lib/L3_Utils/src/rtc_alarm.o
 *fill*         0x00000000000113fe        0x2 ff
 .text.RTC_IRQHandler
                0x0000000000011400       0xac obj//home/marc/SJSU-Dev/firmware/lib/L3_Utils/src/rtc_alarm.o
                0x0000000000011400                RTC_IRQHandler
 .text._ZN16CommandProcessor10addHandlerEPFbR3strR7CharDevPvEPKcS8_S4_
                0x00000000000114ac       0x7c obj//home/marc/SJSU-Dev/firmware/lib/L3_Utils/src/command_handler.o
                0x00000000000114ac                CommandProcessor::addHandler(bool (*)(str&, CharDev&, void*), char const*, char const*, void*)
 .text._ZN16CommandProcessor24getRegisteredCommandListER7CharDev
                0x0000000000011528       0xa0 obj//home/marc/SJSU-Dev/firmware/lib/L3_Utils/src/command_handler.o
                0x0000000000011528                CommandProcessor::getRegisteredCommandList(CharDev&)
 .text._ZN16CommandProcessor11getHelpTextER3strR7CharDev
                0x00000000000115c8       0x70 obj//home/marc/SJSU-Dev/firmware/lib/L3_Utils/src/command_handler.o
                0x00000000000115c8                CommandProcessor::getHelpText(str&, CharDev&)
 .text._ZN16CommandProcessor15prepareCmdParamER3strPKc
                0x0000000000011638       0x3c obj//home/marc/SJSU-Dev/firmware/lib/L3_Utils/src/command_handler.o
                0x0000000000011638                CommandProcessor::prepareCmdParam(str&, char const*)
 .text._ZN16CommandProcessor13handleCommandER3strR7CharDev
                0x0000000000011674      0x164 obj//home/marc/SJSU-Dev/firmware/lib/L3_Utils/src/command_handler.o
                0x0000000000011674                CommandProcessor::handleCommand(str&, CharDev&)
 .text._ZN14scheduler_task4initEv
                0x00000000000117d8        0x4 obj//home/marc/SJSU-Dev/firmware/lib/L3_Utils/src/scheduler_task.o
                0x00000000000117d8                scheduler_task::init()
 .text._ZN14scheduler_task6regTlmEv
                0x00000000000117dc        0x4 obj//home/marc/SJSU-Dev/firmware/lib/L3_Utils/src/scheduler_task.o
                0x00000000000117dc                scheduler_task::regTlm()
 .text._ZN14scheduler_task9taskEntryEv
                0x00000000000117e0        0x4 obj//home/marc/SJSU-Dev/firmware/lib/L3_Utils/src/scheduler_task.o
                0x00000000000117e0                scheduler_task::taskEntry()
 .text.__sputc_r
                0x00000000000117e4       0x2c obj//home/marc/SJSU-Dev/firmware/lib/L3_Utils/src/scheduler_task.o
 .text._ZL9dbg_printPKcS0_
                0x0000000000011810       0x34 obj//home/marc/SJSU-Dev/firmware/lib/L3_Utils/src/scheduler_task.o
 .text._ZL9printlinePKcS0_
                0x0000000000011844       0x38 obj//home/marc/SJSU-Dev/firmware/lib/L3_Utils/src/scheduler_task.o
 .text._Z24scheduler_c_task_privatePv
                0x000000000001187c      0x124 obj//home/marc/SJSU-Dev/firmware/lib/L3_Utils/src/scheduler_task.o
                0x000000000001187c                scheduler_c_task_private(void*)
 .text._Z18scheduler_init_allb
                0x00000000000119a0      0x1b0 obj//home/marc/SJSU-Dev/firmware/lib/L3_Utils/src/scheduler_task.o
                0x00000000000119a0                scheduler_init_all(bool)
 .text._Z18scheduler_add_taskP14scheduler_task
                0x0000000000011b50       0x1c obj//home/marc/SJSU-Dev/firmware/lib/L3_Utils/src/scheduler_task.o
                0x0000000000011b50                scheduler_add_task(scheduler_task*)
 .text._Z15scheduler_startbb
                0x0000000000011b6c       0x40 obj//home/marc/SJSU-Dev/firmware/lib/L3_Utils/src/scheduler_task.o
                0x0000000000011b6c                scheduler_start(bool, bool)
 .text._ZN14scheduler_taskC2EPKcmhPv
                0x0000000000011bac       0x34 obj//home/marc/SJSU-Dev/firmware/lib/L3_Utils/src/scheduler_task.o
                0x0000000000011bac                scheduler_task::scheduler_task(char const*, unsigned long, unsigned char, void*)
                0x0000000000011bac                scheduler_task::scheduler_task(char const*, unsigned long, unsigned char, void*)
 .text._ZN14scheduler_task15getSharedObjectEh
                0x0000000000011be0       0x18 obj//home/marc/SJSU-Dev/firmware/lib/L3_Utils/src/scheduler_task.o
                0x0000000000011be0                scheduler_task::getSharedObject(unsigned char)
 .text.logger_get_buffer_ptr
                0x0000000000011bf8       0x48 obj//home/marc/SJSU-Dev/firmware/lib/L3_Utils/src/file_logger.o
 .text.logger_write_to_file
                0x0000000000011c40       0xb4 obj//home/marc/SJSU-Dev/firmware/lib/L3_Utils/src/file_logger.o
 .text.logger_task
                0x0000000000011cf4       0xd0 obj//home/marc/SJSU-Dev/firmware/lib/L3_Utils/src/file_logger.o
 .text.logger_write_log_message
                0x0000000000011dc4       0x48 obj//home/marc/SJSU-Dev/firmware/lib/L3_Utils/src/file_logger.o
 .text.logger_send_flush_request
                0x0000000000011e0c       0x34 obj//home/marc/SJSU-Dev/firmware/lib/L3_Utils/src/file_logger.o
                0x0000000000011e0c                logger_send_flush_request
 .text.logger_get_logged_call_count
                0x0000000000011e40       0x14 obj//home/marc/SJSU-Dev/firmware/lib/L3_Utils/src/file_logger.o
                0x0000000000011e40                logger_get_logged_call_count
 .text.logger_get_blocked_call_count
                0x0000000000011e54        0xc obj//home/marc/SJSU-Dev/firmware/lib/L3_Utils/src/file_logger.o
                0x0000000000011e54                logger_get_blocked_call_count
 .text.logger_get_highest_file_write_time_ms
                0x0000000000011e60        0xc obj//home/marc/SJSU-Dev/firmware/lib/L3_Utils/src/file_logger.o
                0x0000000000011e60                logger_get_highest_file_write_time_ms
 .text.logger_get_num_buffers_watermark
                0x0000000000011e6c        0xc obj//home/marc/SJSU-Dev/firmware/lib/L3_Utils/src/file_logger.o
                0x0000000000011e6c                logger_get_num_buffers_watermark
 .text.logger_init
                0x0000000000011e78       0xcc obj//home/marc/SJSU-Dev/firmware/lib/L3_Utils/src/file_logger.o
                0x0000000000011e78                logger_init
 .text.logger_set_printf
                0x0000000000011f44       0x1c obj//home/marc/SJSU-Dev/firmware/lib/L3_Utils/src/file_logger.o
                0x0000000000011f44                logger_set_printf
 .text.logger_log
                0x0000000000011f60      0x138 obj//home/marc/SJSU-Dev/firmware/lib/L3_Utils/src/file_logger.o
                0x0000000000011f60                logger_log
 .text.logger_log_raw
                0x0000000000012098       0x40 obj//home/marc/SJSU-Dev/firmware/lib/L3_Utils/src/file_logger.o
                0x0000000000012098                logger_log_raw
 .text.c_list_create
                0x00000000000120d8       0x14 obj//home/marc/SJSU-Dev/firmware/lib/L3_Utils/src/c_list.o
                0x00000000000120d8                c_list_create
 .text.c_list_node_count
                0x00000000000120ec        0x6 obj//home/marc/SJSU-Dev/firmware/lib/L3_Utils/src/c_list.o
                0x00000000000120ec                c_list_node_count
 .text.c_list_insert_elm_end
                0x00000000000120f2       0x38 obj//home/marc/SJSU-Dev/firmware/lib/L3_Utils/src/c_list.o
                0x00000000000120f2                c_list_insert_elm_end
 .text.c_list_get_elm_at
                0x000000000001212a       0x2c obj//home/marc/SJSU-Dev/firmware/lib/L3_Utils/src/c_list.o
                0x000000000001212a                c_list_get_elm_at
 .text.c_list_find_elm
                0x0000000000012156       0x2c obj//home/marc/SJSU-Dev/firmware/lib/L3_Utils/src/c_list.o
                0x0000000000012156                c_list_find_elm
 .text.c_list_for_each_elm
                0x0000000000012182       0x2a obj//home/marc/SJSU-Dev/firmware/lib/L3_Utils/src/c_list.o
                0x0000000000012182                c_list_for_each_elm
 .text.delay_us
                0x00000000000121ac       0x1c obj//home/marc/SJSU-Dev/firmware/lib/L3_Utils/src/utilities.o
                0x00000000000121ac                delay_us
 .text.is_freertos_running
                0x00000000000121c8        0xe obj//home/marc/SJSU-Dev/firmware/lib/L3_Utils/src/utilities.o
                0x00000000000121c8                is_freertos_running
 .text.delay_ms
                0x00000000000121d6       0x22 obj//home/marc/SJSU-Dev/firmware/lib/L3_Utils/src/utilities.o
                0x00000000000121d6                delay_ms
 .text._ZN7UartDev7putCharEcj
                0x00000000000121f8       0x5c obj//home/marc/SJSU-Dev/firmware/lib/L2_Drivers/base/uart_dev.o
                0x00000000000121f8                UartDev::putChar(char, unsigned int)
 .text._ZN7UartDevD2Ev
                0x0000000000012254       0x14 obj//home/marc/SJSU-Dev/firmware/lib/L2_Drivers/base/uart_dev.o
                0x0000000000012254                UartDev::~UartDev()
                0x0000000000012254                UartDev::~UartDev()
 .text._ZN7UartDevD0Ev
                0x0000000000012268       0x14 obj//home/marc/SJSU-Dev/firmware/lib/L2_Drivers/base/uart_dev.o
                0x0000000000012268                UartDev::~UartDev()
 .text._ZN7UartDev5flushEv
                0x000000000001227c       0x20 obj//home/marc/SJSU-Dev/firmware/lib/L2_Drivers/base/uart_dev.o
                0x000000000001227c                UartDev::flush()
 .text._ZN7UartDev7getCharEPcj
                0x000000000001229c       0x6c obj//home/marc/SJSU-Dev/firmware/lib/L2_Drivers/base/uart_dev.o
                0x000000000001229c                UartDev::getChar(char*, unsigned int)
 .text._ZN7UartDev11setBaudRateEj
                0x0000000000012308       0x34 obj//home/marc/SJSU-Dev/firmware/lib/L2_Drivers/base/uart_dev.o
                0x0000000000012308                UartDev::setBaudRate(unsigned int)
 .text._ZN7UartDev15handleInterruptEv
                0x000000000001233c       0xc0 obj//home/marc/SJSU-Dev/firmware/lib/L2_Drivers/base/uart_dev.o
                0x000000000001233c                UartDev::handleInterrupt()
 .text._ZN7UartDevC2EPj
                0x00000000000123fc       0x28 obj//home/marc/SJSU-Dev/firmware/lib/L2_Drivers/base/uart_dev.o
                0x00000000000123fc                UartDev::UartDev(unsigned int*)
                0x00000000000123fc                UartDev::UartDev(unsigned int*)
 .text._ZN7UartDev4initEjjii
                0x0000000000012424       0xac obj//home/marc/SJSU-Dev/firmware/lib/L2_Drivers/base/uart_dev.o
                0x0000000000012424                UartDev::init(unsigned int, unsigned int, int, int)
 .text._ZN8I2C_Base8transferEhPhmS0_m
                0x00000000000124d0      0x108 obj//home/marc/SJSU-Dev/firmware/lib/L2_Drivers/base/i2c_base.o
                0x00000000000124d0                I2C_Base::transfer(unsigned char, unsigned char*, unsigned long, unsigned char*, unsigned long)
 .text._ZN8I2C_Base21writeRegisterThenReadEhPhmS0_m
                0x00000000000125d8        0xc obj//home/marc/SJSU-Dev/firmware/lib/L2_Drivers/base/i2c_base.o
                0x00000000000125d8                I2C_Base::writeRegisterThenRead(unsigned char, unsigned char*, unsigned long, unsigned char*, unsigned long)
 .text._ZN8I2C_Base7readRegEhh
                0x00000000000125e4       0x28 obj//home/marc/SJSU-Dev/firmware/lib/L2_Drivers/base/i2c_base.o
                0x00000000000125e4                I2C_Base::readReg(unsigned char, unsigned char)
 .text._ZN8I2C_Base13readRegistersEhhPhm
                0x000000000001260c       0x1a obj//home/marc/SJSU-Dev/firmware/lib/L2_Drivers/base/i2c_base.o
                0x000000000001260c                I2C_Base::readRegisters(unsigned char, unsigned char, unsigned char*, unsigned long)
 .text._ZN8I2C_Base14writeRegistersEhPhm
                0x0000000000012626       0x14 obj//home/marc/SJSU-Dev/firmware/lib/L2_Drivers/base/i2c_base.o
                0x0000000000012626                I2C_Base::writeRegisters(unsigned char, unsigned char*, unsigned long)
 .text._ZN8I2C_Base8writeRegEhhh
                0x000000000001263a       0x18 obj//home/marc/SJSU-Dev/firmware/lib/L2_Drivers/base/i2c_base.o
                0x000000000001263a                I2C_Base::writeReg(unsigned char, unsigned char, unsigned char)
 .text._ZN8I2C_Base13readRegistersEhPhm
                0x0000000000012652       0x18 obj//home/marc/SJSU-Dev/firmware/lib/L2_Drivers/base/i2c_base.o
                0x0000000000012652                I2C_Base::readRegisters(unsigned char, unsigned char*, unsigned long)
 .text._ZN8I2C_Base19checkDeviceResponseEh
                0x000000000001266a       0x14 obj//home/marc/SJSU-Dev/firmware/lib/L2_Drivers/base/i2c_base.o
                0x000000000001266a                I2C_Base::checkDeviceResponse(unsigned char)
 *fill*         0x000000000001267e        0x2 ff
 .text._ZN8I2C_BaseC2EP15LPC_I2C_TypeDef
                0x0000000000012680       0x5c obj//home/marc/SJSU-Dev/firmware/lib/L2_Drivers/base/i2c_base.o
                0x0000000000012680                I2C_Base::I2C_Base(LPC_I2C_TypeDef*)
                0x0000000000012680                I2C_Base::I2C_Base(LPC_I2C_TypeDef*)
 .text._ZN8I2C_Base4initEmm
                0x00000000000126dc       0x94 obj//home/marc/SJSU-Dev/firmware/lib/L2_Drivers/base/i2c_base.o
                0x00000000000126dc                I2C_Base::init(unsigned long, unsigned long)
 .text._ZN8I2C_Base7setStopEv
                0x0000000000012770       0x28 obj//home/marc/SJSU-Dev/firmware/lib/L2_Drivers/base/i2c_base.o
                0x0000000000012770                I2C_Base::setStop()
 .text._ZN8I2C_Base15i2cStateMachineEv
                0x0000000000012798      0x10a obj//home/marc/SJSU-Dev/firmware/lib/L2_Drivers/base/i2c_base.o
                0x0000000000012798                I2C_Base::i2cStateMachine()
 *fill*         0x00000000000128a2        0x2 ff
 .text._ZN8I2C_Base15handleInterruptEv
                0x00000000000128a4       0x38 obj//home/marc/SJSU-Dev/firmware/lib/L2_Drivers/base/i2c_base.o
                0x00000000000128a4                I2C_Base::handleInterrupt()
 .text._ZN7CharDev5flushEv
                0x00000000000128dc        0x4 obj//home/marc/SJSU-Dev/firmware/lib/L2_Drivers/base/char_dev.o
                0x00000000000128dc                CharDev::flush()
 .text._ZN7CharDev3putEPKcj
                0x00000000000128e0       0x28 obj//home/marc/SJSU-Dev/firmware/lib/L2_Drivers/base/char_dev.o
                0x00000000000128e0                CharDev::put(char const*, unsigned int)
 .text._ZN7CharDev7putlineEPKcj
                0x0000000000012908       0x1c obj//home/marc/SJSU-Dev/firmware/lib/L2_Drivers/base/char_dev.o
                0x0000000000012908                CharDev::putline(char const*, unsigned int)
 .text._ZN7CharDev4getsEPcij
                0x0000000000012924       0x50 obj//home/marc/SJSU-Dev/firmware/lib/L2_Drivers/base/char_dev.o
                0x0000000000012924                CharDev::gets(char*, int, unsigned int)
 .text._ZN7CharDev6printfEPKcz
                0x0000000000012974       0x78 obj//home/marc/SJSU-Dev/firmware/lib/L2_Drivers/base/char_dev.o
                0x0000000000012974                CharDev::printf(char const*, ...)
 .text._ZN7CharDevC2Ev
                0x00000000000129ec       0x20 obj//home/marc/SJSU-Dev/firmware/lib/L2_Drivers/base/char_dev.o
                0x00000000000129ec                CharDev::CharDev()
                0x00000000000129ec                CharDev::CharDev()
 .text._ZN7CharDevD2Ev
                0x0000000000012a0c       0x18 obj//home/marc/SJSU-Dev/firmware/lib/L2_Drivers/base/char_dev.o
                0x0000000000012a0c                CharDev::~CharDev()
                0x0000000000012a0c                CharDev::~CharDev()
 .text._ZN4I2C24initEj
                0x0000000000012a24       0x6c obj//home/marc/SJSU-Dev/firmware/lib/L2_Drivers/src/i2c2.o
                0x0000000000012a24                I2C2::init(unsigned int)
 .text._ZN4I2C2C2Ev
                0x0000000000012a90       0x14 obj//home/marc/SJSU-Dev/firmware/lib/L2_Drivers/src/i2c2.o
                0x0000000000012a90                I2C2::I2C2()
                0x0000000000012a90                I2C2::I2C2()
 .text.I2C2_IRQHandler
                0x0000000000012aa4       0x28 obj//home/marc/SJSU-Dev/firmware/lib/L2_Drivers/src/i2c2.o
                0x0000000000012aa4                I2C2_IRQHandler
 .text.rtc_gettime
                0x0000000000012acc       0x48 obj//home/marc/SJSU-Dev/firmware/lib/L2_Drivers/src/rtc.o
                0x0000000000012acc                rtc_gettime
 .text.rtc_settime
                0x0000000000012b14       0x68 obj//home/marc/SJSU-Dev/firmware/lib/L2_Drivers/src/rtc.o
                0x0000000000012b14                rtc_settime
 .text.rtc_init
                0x0000000000012b7c       0xd0 obj//home/marc/SJSU-Dev/firmware/lib/L2_Drivers/src/rtc.o
                0x0000000000012b7c                rtc_init
 .text.rtc_get_date_time_str
                0x0000000000012c4c       0x14 obj//home/marc/SJSU-Dev/firmware/lib/L2_Drivers/src/rtc.o
                0x0000000000012c4c                rtc_get_date_time_str
 .text.ssp1_dma_init
                0x0000000000012c60       0x1c obj//home/marc/SJSU-Dev/firmware/lib/L2_Drivers/src/spi_dma.o
                0x0000000000012c60                ssp1_dma_init
 .text.ssp1_dma_transfer_block
                0x0000000000012c7c       0xc0 obj//home/marc/SJSU-Dev/firmware/lib/L2_Drivers/src/spi_dma.o
                0x0000000000012c7c                ssp1_dma_transfer_block
 .text._ZN12NordicStream5flushEv
                0x0000000000012d3c       0x5c obj//home/marc/SJSU-Dev/firmware/lib/L2_Drivers/src/nrf_stream.o
                0x0000000000012d3c                NordicStream::flush()
 .text._ZN12NordicStreamD2Ev
                0x0000000000012d98       0x14 obj//home/marc/SJSU-Dev/firmware/lib/L2_Drivers/src/nrf_stream.o
                0x0000000000012d98                NordicStream::~NordicStream()
                0x0000000000012d98                NordicStream::~NordicStream()
 .text._ZN12NordicStreamD0Ev
                0x0000000000012dac       0x14 obj//home/marc/SJSU-Dev/firmware/lib/L2_Drivers/src/nrf_stream.o
                0x0000000000012dac                NordicStream::~NordicStream()
 .text._ZN12NordicStream7putCharEcj
                0x0000000000012dc0       0x22 obj//home/marc/SJSU-Dev/firmware/lib/L2_Drivers/src/nrf_stream.o
                0x0000000000012dc0                NordicStream::putChar(char, unsigned int)
 .text._ZN12NordicStream7getCharEPcj
                0x0000000000012de2       0x44 obj//home/marc/SJSU-Dev/firmware/lib/L2_Drivers/src/nrf_stream.o
                0x0000000000012de2                NordicStream::getChar(char*, unsigned int)
 *fill*         0x0000000000012e26        0x2 ff
 .text._ZN12NordicStreamC2Ev
                0x0000000000012e28       0x40 obj//home/marc/SJSU-Dev/firmware/lib/L2_Drivers/src/nrf_stream.o
                0x0000000000012e28                NordicStream::NordicStream()
                0x0000000000012e28                NordicStream::NordicStream()
 .text.spi1_lock
                0x0000000000012e68       0x30 obj//home/marc/SJSU-Dev/firmware/lib/L2_Drivers/src/spi_sem.o
                0x0000000000012e68                spi1_lock
 .text.spi1_unlock
                0x0000000000012e98       0x24 obj//home/marc/SJSU-Dev/firmware/lib/L2_Drivers/src/spi_sem.o
                0x0000000000012e98                spi1_unlock
 .text._ZN5Uart2D2Ev
                0x0000000000012ebc       0x14 obj//home/marc/SJSU-Dev/firmware/lib/L2_Drivers/src/uart2.o
                0x0000000000012ebc                Uart2::~Uart2()
                0x0000000000012ebc                Uart2::~Uart2()
 .text._ZN5Uart2D0Ev
                0x0000000000012ed0       0x14 obj//home/marc/SJSU-Dev/firmware/lib/L2_Drivers/src/uart2.o
                0x0000000000012ed0                Uart2::~Uart2()
 .text._ZN5Uart2C2Ev
                0x0000000000012ee4       0x1c obj//home/marc/SJSU-Dev/firmware/lib/L2_Drivers/src/uart2.o
                0x0000000000012ee4                Uart2::Uart2()
                0x0000000000012ee4                Uart2::Uart2()
 .text.UART2_IRQHandler
                0x0000000000012f00       0x24 obj//home/marc/SJSU-Dev/firmware/lib/L2_Drivers/src/uart2.o
                0x0000000000012f00                UART2_IRQHandler
 .text.adc0_start_conversion
                0x0000000000012f24       0x24 obj//home/marc/SJSU-Dev/firmware/lib/L2_Drivers/src/adc.o
 .text.ADC_IRQHandler
                0x0000000000012f48       0x48 obj//home/marc/SJSU-Dev/firmware/lib/L2_Drivers/src/adc.o
                0x0000000000012f48                ADC_IRQHandler
 .text.adc0_init
                0x0000000000012f90       0x74 obj//home/marc/SJSU-Dev/firmware/lib/L2_Drivers/src/adc.o
                0x0000000000012f90                adc0_init
 .text.adc0_get_reading
                0x0000000000013004       0x74 obj//home/marc/SJSU-Dev/firmware/lib/L2_Drivers/src/adc.o
                0x0000000000013004                adc0_get_reading
 .text.RIT_IRQHandler
                0x0000000000013078       0x1c obj//home/marc/SJSU-Dev/firmware/lib/L2_Drivers/src/lpc_rit.o
                0x0000000000013078                RIT_IRQHandler
 .text._ZN5Uart0D2Ev
                0x0000000000013094       0x14 obj//home/marc/SJSU-Dev/firmware/lib/L2_Drivers/src/uart0.o
                0x0000000000013094                Uart0::~Uart0()
                0x0000000000013094                Uart0::~Uart0()
 .text._ZN5Uart0D0Ev
                0x00000000000130a8       0x14 obj//home/marc/SJSU-Dev/firmware/lib/L2_Drivers/src/uart0.o
                0x00000000000130a8                Uart0::~Uart0()
 .text._ZN5Uart04initEjii
                0x00000000000130bc       0x40 obj//home/marc/SJSU-Dev/firmware/lib/L2_Drivers/src/uart0.o
                0x00000000000130bc                Uart0::init(unsigned int, int, int)
 .text._ZN5Uart0C2Ev
                0x00000000000130fc       0x1c obj//home/marc/SJSU-Dev/firmware/lib/L2_Drivers/src/uart0.o
                0x00000000000130fc                Uart0::Uart0()
                0x00000000000130fc                Uart0::Uart0()
 .text.UART0_IRQHandler
                0x0000000000013118       0x24 obj//home/marc/SJSU-Dev/firmware/lib/L2_Drivers/src/uart0.o
                0x0000000000013118                UART0_IRQHandler
 .text.handle_eint_list
                0x000000000001313c       0x2c obj//home/marc/SJSU-Dev/firmware/lib/L2_Drivers/src/eint.o
 .text.eint3_enable.isra.0
                0x0000000000013168       0x38 obj//home/marc/SJSU-Dev/firmware/lib/L2_Drivers/src/eint.o
 .text.EINT3_IRQHandler
                0x00000000000131a0       0x80 obj//home/marc/SJSU-Dev/firmware/lib/L2_Drivers/src/eint.o
                0x00000000000131a0                EINT3_IRQHandler
 .text.eint3_enable_port0
                0x0000000000013220       0x30 obj//home/marc/SJSU-Dev/firmware/lib/L2_Drivers/src/eint.o
                0x0000000000013220                eint3_enable_port0
 .text.CAN_tx_now
                0x0000000000013250       0x32 obj//home/marc/SJSU-Dev/firmware/lib/L2_Drivers/src/can.o
 *fill*         0x0000000000013282        0x2 ff
 .text.CAN_handle_isr
                0x0000000000013284       0xa4 obj//home/marc/SJSU-Dev/firmware/lib/L2_Drivers/src/can.o
 .text.CAN_IRQHandler
                0x0000000000013328       0x28 obj//home/marc/SJSU-Dev/firmware/lib/L2_Drivers/src/can.o
                0x0000000000013328                CAN_IRQHandler
 .text.lpc_timer_get_struct
                0x0000000000013350       0x20 obj//home/marc/SJSU-Dev/firmware/lib/L2_Drivers/src/lpc_timers.o
 .text.lpc_timer_enable
                0x0000000000013370       0x6c obj//home/marc/SJSU-Dev/firmware/lib/L2_Drivers/src/lpc_timers.o
                0x0000000000013370                lpc_timer_enable
 .text._ZN5Uart3D2Ev
                0x00000000000133dc       0x14 obj//home/marc/SJSU-Dev/firmware/lib/L2_Drivers/src/uart3.o
                0x00000000000133dc                Uart3::~Uart3()
                0x00000000000133dc                Uart3::~Uart3()
 .text._ZN5Uart3D0Ev
                0x00000000000133f0       0x14 obj//home/marc/SJSU-Dev/firmware/lib/L2_Drivers/src/uart3.o
                0x00000000000133f0                Uart3::~Uart3()
 .text._ZN5Uart3C2Ev
                0x0000000000013404       0x1c obj//home/marc/SJSU-Dev/firmware/lib/L2_Drivers/src/uart3.o
                0x0000000000013404                Uart3::Uart3()
                0x0000000000013404                Uart3::Uart3()
 .text.UART3_IRQHandler
                0x0000000000013420       0x24 obj//home/marc/SJSU-Dev/firmware/lib/L2_Drivers/src/uart3.o
                0x0000000000013420                UART3_IRQHandler
 .text._ZN12terminalTaskD2Ev
                0x0000000000013444       0x4c obj//home/marc/SJSU-Dev/firmware/lib/L5_HighLevel/source/terminal.o
                0x0000000000013444                terminalTask::~terminalTask()
                0x0000000000013444                terminalTask::~terminalTask()
 .text._ZN12terminalTaskD0Ev
                0x0000000000013490       0x14 obj//home/marc/SJSU-Dev/firmware/lib/L5_HighLevel/source/terminal.o
                0x0000000000013490                terminalTask::~terminalTask()
 .text._ZN12terminalTask6regTlmEv
                0x00000000000134a4       0x48 obj//home/marc/SJSU-Dev/firmware/lib/L5_HighLevel/source/terminal.o
                0x00000000000134a4                terminalTask::regTlm()
 .text._ZN6VECTORIN12terminalTask9cmdChan_tEE14changeCapacityEj.part.5
                0x00000000000134ec       0x40 obj//home/marc/SJSU-Dev/firmware/lib/L5_HighLevel/source/terminal.o
 .text._ZN12terminalTaskC2Eh
                0x000000000001352c       0xb0 obj//home/marc/SJSU-Dev/firmware/lib/L5_HighLevel/source/terminal.o
                0x000000000001352c                terminalTask::terminalTask(unsigned char)
                0x000000000001352c                terminalTask::terminalTask(unsigned char)
 .text._ZN12terminalTask11saveDiskTlmEv
                0x00000000000135dc       0x84 obj//home/marc/SJSU-Dev/firmware/lib/L5_HighLevel/source/terminal.o
                0x00000000000135dc                terminalTask::saveDiskTlm()
 .text._ZN12terminalTask22handleEchoAndBackspaceEPNS_9cmdChan_tEc
                0x0000000000013660       0x70 obj//home/marc/SJSU-Dev/firmware/lib/L5_HighLevel/source/terminal.o
                0x0000000000013660                terminalTask::handleEchoAndBackspace(terminalTask::cmdChan_t*, char)
 .text._ZN12terminalTask17addCommandChannelEP7CharDevb
                0x00000000000136d0       0x40 obj//home/marc/SJSU-Dev/firmware/lib/L5_HighLevel/source/terminal.o
                0x00000000000136d0                terminalTask::addCommandChannel(CharDev*, bool)
 .text._ZN12terminalTask10getCommandEv
                0x0000000000013710      0x124 obj//home/marc/SJSU-Dev/firmware/lib/L5_HighLevel/source/terminal.o
                0x0000000000013710                terminalTask::getCommand()
 .text._ZN12terminalTask3runEPv
                0x0000000000013834       0xb0 obj//home/marc/SJSU-Dev/firmware/lib/L5_HighLevel/source/terminal.o
                0x0000000000013834                terminalTask::run(void*)
 .text._ZN17SingletonTemplateI5Uart0E11getInstanceEv
                0x00000000000138e4       0x20 obj//home/marc/SJSU-Dev/firmware/lib/L5_HighLevel/source/terminal.o
                0x00000000000138e4                SingletonTemplate<Uart0>::getInstance()
 .text._ZN5Uart017putcharIntrDrivenEc
                0x0000000000013904       0x18 obj//home/marc/SJSU-Dev/firmware/lib/L5_HighLevel/source/terminal.o
                0x0000000000013904                Uart0::putcharIntrDriven(char)
 .text._ZN5Uart017getcharIntrDrivenEc
                0x000000000001391c       0x22 obj//home/marc/SJSU-Dev/firmware/lib/L5_HighLevel/source/terminal.o
                0x000000000001391c                Uart0::getcharIntrDriven(char)
 *fill*         0x000000000001393e        0x2 ff
 .text._ZN12terminalTask9taskEntryEv
                0x0000000000013940      0x2bc obj//home/marc/SJSU-Dev/firmware/lib/L5_HighLevel/source/terminal.o
                0x0000000000013940                terminalTask::taskEntry()
 .text._ZL13hl_print_linev
                0x0000000000013bfc        0xc obj//home/marc/SJSU-Dev/firmware/lib/L5_HighLevel/source/high_level_init.o
 .text.ssp_set_max_clock
                0x0000000000013c08       0x2c obj//home/marc/SJSU-Dev/firmware/lib/L5_HighLevel/source/high_level_init.o
 .text._ZL16hl_mount_storageR16FileSystemObjectPKc
                0x0000000000013c34       0x90 obj//home/marc/SJSU-Dev/firmware/lib/L5_HighLevel/source/high_level_init.o
 .text._ZN7Storage13getFlashDriveEv
                0x0000000000013cc4       0x4c obj//home/marc/SJSU-Dev/firmware/lib/L5_HighLevel/source/high_level_init.o
                0x0000000000013cc4                Storage::getFlashDrive()
 .text._ZN17SingletonTemplateI4I2C2E11getInstanceEv
                0x0000000000013d10       0x20 obj//home/marc/SJSU-Dev/firmware/lib/L5_HighLevel/source/high_level_init.o
                0x0000000000013d10                SingletonTemplate<I2C2>::getInstance()
 .text._ZN17SingletonTemplateI11LED_DisplayE11getInstanceEv
                0x0000000000013d30       0x24 obj//home/marc/SJSU-Dev/firmware/lib/L5_HighLevel/source/high_level_init.o
                0x0000000000013d30                SingletonTemplate<LED_Display>::getInstance()
 .text._ZN17SingletonTemplateI3LEDE11getInstanceEv
                0x0000000000013d54       0x1c obj//home/marc/SJSU-Dev/firmware/lib/L5_HighLevel/source/high_level_init.o
                0x0000000000013d54                SingletonTemplate<LED>::getInstance()
 .text._ZN17SingletonTemplateI17TemperatureSensorE11getInstanceEv
                0x0000000000013d70       0x28 obj//home/marc/SJSU-Dev/firmware/lib/L5_HighLevel/source/high_level_init.o
                0x0000000000013d70                SingletonTemplate<TemperatureSensor>::getInstance()
 .text._ZN17SingletonTemplateI12Light_SensorE11getInstanceEv
                0x0000000000013d98       0x18 obj//home/marc/SJSU-Dev/firmware/lib/L5_HighLevel/source/high_level_init.o
                0x0000000000013d98                SingletonTemplate<Light_Sensor>::getInstance()
 .text._ZN17SingletonTemplateI8SwitchesE11getInstanceEv
                0x0000000000013db0       0x18 obj//home/marc/SJSU-Dev/firmware/lib/L5_HighLevel/source/high_level_init.o
                0x0000000000013db0                SingletonTemplate<Switches>::getInstance()
 .text._Z15high_level_initv
                0x0000000000013dc8      0x560 obj//home/marc/SJSU-Dev/firmware/lib/L5_HighLevel/source/high_level_init.o
                0x0000000000013dc8                high_level_init()
 .text._ZL10stream_tlmPKcPv
                0x0000000000014328       0x1c obj//home/marc/SJSU-Dev/firmware/lib/L5_HighLevel/source/cmd_handlers/handlers.o
 .text._ZN7Storage10getSDDriveEv
                0x0000000000014344       0x4c obj//home/marc/SJSU-Dev/firmware/lib/L5_HighLevel/source/cmd_handlers/handlers.o
                0x0000000000014344                Storage::getSDDrive()
 .text._Z15taskListHandlerR3strR7CharDevPv
                0x0000000000014390       0xe8 obj//home/marc/SJSU-Dev/firmware/lib/L5_HighLevel/source/cmd_handlers/handlers.o
                0x0000000000014390                taskListHandler(str&, CharDev&, void*)
 .text._Z14memInfoHandlerR3strR7CharDevPv
                0x0000000000014478       0x22 obj//home/marc/SJSU-Dev/firmware/lib/L5_HighLevel/source/cmd_handlers/handlers.o
                0x0000000000014478                memInfoHandler(str&, CharDev&, void*)
 *fill*         0x000000000001449a        0x2 ff
 .text._Z11timeHandlerR3strR7CharDevPv
                0x000000000001449c       0xc4 obj//home/marc/SJSU-Dev/firmware/lib/L5_HighLevel/source/cmd_handlers/handlers.o
                0x000000000001449c                timeHandler(str&, CharDev&, void*)
 .text._Z10logHandlerR3strR7CharDevPv
                0x0000000000014560      0x198 obj//home/marc/SJSU-Dev/firmware/lib/L5_HighLevel/source/cmd_handlers/handlers.o
                0x0000000000014560                logHandler(str&, CharDev&, void*)
 .text._Z9cpHandlerR3strR7CharDevPv
                0x00000000000146f8       0x80 obj//home/marc/SJSU-Dev/firmware/lib/L5_HighLevel/source/cmd_handlers/handlers.o
                0x00000000000146f8                cpHandler(str&, CharDev&, void*)
 .text._Z10catHandlerR3strR7CharDevPv
                0x0000000000014778      0x100 obj//home/marc/SJSU-Dev/firmware/lib/L5_HighLevel/source/cmd_handlers/handlers.o
                0x0000000000014778                catHandler(str&, CharDev&, void*)
 .text._Z9lsHandlerR3strR7CharDevPv
                0x0000000000014878      0x184 obj//home/marc/SJSU-Dev/firmware/lib/L5_HighLevel/source/cmd_handlers/handlers.o
                0x0000000000014878                lsHandler(str&, CharDev&, void*)
 .text._Z12mkdirHandlerR3strR7CharDevPv
                0x00000000000149fc       0x3c obj//home/marc/SJSU-Dev/firmware/lib/L5_HighLevel/source/cmd_handlers/handlers.o
                0x00000000000149fc                mkdirHandler(str&, CharDev&, void*)
 .text._Z9rmHandlerR3strR7CharDevPv
                0x0000000000014a38       0x3c obj//home/marc/SJSU-Dev/firmware/lib/L5_HighLevel/source/cmd_handlers/handlers.o
                0x0000000000014a38                rmHandler(str&, CharDev&, void*)
 .text._Z9mvHandlerR3strR7CharDevPv
                0x0000000000014a74       0x5c obj//home/marc/SJSU-Dev/firmware/lib/L5_HighLevel/source/cmd_handlers/handlers.o
                0x0000000000014a74                mvHandler(str&, CharDev&, void*)
 .text._Z14newFileHandlerR3strR7CharDevPv
                0x0000000000014ad0       0xb8 obj//home/marc/SJSU-Dev/firmware/lib/L5_HighLevel/source/cmd_handlers/handlers.o
                0x0000000000014ad0                newFileHandler(str&, CharDev&, void*)
 .text._Z10dcpHandlerR3strR7CharDevPv
                0x0000000000014b88      0x13c obj//home/marc/SJSU-Dev/firmware/lib/L5_HighLevel/source/cmd_handlers/handlers.o
                0x0000000000014b88                dcpHandler(str&, CharDev&, void*)
 .text._Z14storageHandlerR3strR7CharDevPv
                0x0000000000014cc4       0xbc obj//home/marc/SJSU-Dev/firmware/lib/L5_HighLevel/source/cmd_handlers/handlers.o
                0x0000000000014cc4                storageHandler(str&, CharDev&, void*)
 .text._Z13rebootHandlerR3strR7CharDevPv
                0x0000000000014d80       0x30 obj//home/marc/SJSU-Dev/firmware/lib/L5_HighLevel/source/cmd_handlers/handlers.o
                0x0000000000014d80                rebootHandler(str&, CharDev&, void*)
 .text._Z16telemetryHandlerR3strR7CharDevPv
                0x0000000000014db0      0x144 obj//home/marc/SJSU-Dev/firmware/lib/L5_HighLevel/source/cmd_handlers/handlers.o
                0x0000000000014db0                telemetryHandler(str&, CharDev&, void*)
 .text._Z14learnIrHandlerR3strR7CharDevPv
                0x0000000000014ef4       0x38 obj//home/marc/SJSU-Dev/firmware/lib/L5_HighLevel/source/cmd_handlers/handlers.o
                0x0000000000014ef4                learnIrHandler(str&, CharDev&, void*)
 .text._Z13healthHandlerR3strR7CharDevPv
                0x0000000000014f2c      0x1a8 obj//home/marc/SJSU-Dev/firmware/lib/L5_HighLevel/source/cmd_handlers/handlers.o
                0x0000000000014f2c                healthHandler(str&, CharDev&, void*)
 .text._Z12i2cIoHandlerR3strR7CharDevPv
                0x00000000000150d4      0x1a0 obj//home/marc/SJSU-Dev/firmware/lib/L5_HighLevel/source/cmd_handlers/handlers.o
                0x00000000000150d4                i2cIoHandler(str&, CharDev&, void*)
 .text._Z16flashProgHandlerR3strR7CharDevPv
                0x0000000000015274       0xb4 obj//home/marc/SJSU-Dev/firmware/lib/L5_HighLevel/source/cmd_handlers/prog_handlers.o
                0x0000000000015274                flashProgHandler(str&, CharDev&, void*)
 .text._Z14getFileHandlerR3strR7CharDevPv
                0x0000000000015328      0x138 obj//home/marc/SJSU-Dev/firmware/lib/L5_HighLevel/source/cmd_handlers/prog_handlers.o
                0x0000000000015328                getFileHandler(str&, CharDev&, void*)
 .text._ZL25wirelessHandlerPrintStatsR7CharDevP12mesh_stats_th
                0x0000000000015460       0x3c obj//home/marc/SJSU-Dev/firmware/lib/L5_HighLevel/source/cmd_handlers/wireless_handlers.o
 .text._ZL14wsStatsHandlerR3strR7CharDevPv
                0x000000000001549c       0x1e obj//home/marc/SJSU-Dev/firmware/lib/L5_HighLevel/source/cmd_handlers/wireless_handlers.o
 *fill*         0x00000000000154ba        0x2 ff
 .text._ZL11wsTxHandlerR3strR7CharDevPv
                0x00000000000154bc      0x114 obj//home/marc/SJSU-Dev/firmware/lib/L5_HighLevel/source/cmd_handlers/wireless_handlers.o
 .text._ZL13wsAddrHandlerR3strR7CharDevPv
                0x00000000000155d0       0x34 obj//home/marc/SJSU-Dev/firmware/lib/L5_HighLevel/source/cmd_handlers/wireless_handlers.o
 .text._Z12wsRteHandlerR3strR7CharDevPv
                0x0000000000015604       0x74 obj//home/marc/SJSU-Dev/firmware/lib/L5_HighLevel/source/cmd_handlers/wireless_handlers.o
                0x0000000000015604                wsRteHandler(str&, CharDev&, void*)
 .text._ZL11wsRxHandlerR3strR7CharDevPv
                0x0000000000015678       0x84 obj//home/marc/SJSU-Dev/firmware/lib/L5_HighLevel/source/cmd_handlers/wireless_handlers.o
 .text._Z15wirelessHandlerR3strR7CharDevPv
                0x00000000000156fc      0x160 obj//home/marc/SJSU-Dev/firmware/lib/L5_HighLevel/source/cmd_handlers/wireless_handlers.o
                0x00000000000156fc                wirelessHandler(str&, CharDev&, void*)
 .text._ZN17SingletonTemplateI12NordicStreamE11getInstanceEv
                0x000000000001585c       0x20 obj//home/marc/SJSU-Dev/firmware/lib/L5_HighLevel/source/cmd_handlers/wireless_handlers.o
                0x000000000001585c                SingletonTemplate<NordicStream>::getInstance()
 .text._ZL15wsFileTxHandlerR3strR7CharDevPv
                0x000000000001587c      0x22c obj//home/marc/SJSU-Dev/firmware/lib/L5_HighLevel/source/cmd_handlers/wireless_handlers.o
 .text._ZL15wsStreamHandlerR3strR7CharDevPv
                0x0000000000015aa8      0x120 obj//home/marc/SJSU-Dev/firmware/lib/L5_HighLevel/source/cmd_handlers/wireless_handlers.o
 .text._ZN17SingletonTemplateI9IR_SensorE11getInstanceEv
                0x0000000000015bc8       0x18 obj//home/marc/SJSU-Dev/firmware/lib/L5_HighLevel/source/remote.o
                0x0000000000015bc8                SingletonTemplate<IR_Sensor>::getInstance()
 .text.pvPortMalloc
                0x0000000000015be0       0x1e obj//home/marc/SJSU-Dev/firmware/lib/L1_FreeRTOS/MemMang/freertos_mem_man.o
                0x0000000000015be0                pvPortMalloc
 .text.vPortFree
                0x0000000000015bfe       0x1a obj//home/marc/SJSU-Dev/firmware/lib/L1_FreeRTOS/MemMang/freertos_mem_man.o
                0x0000000000015bfe                vPortFree
 .text.rts_not_full_trace_init
                0x0000000000015c18       0x14 obj//home/marc/SJSU-Dev/firmware/lib/L1_FreeRTOS/portable/run_time_stats.o
                0x0000000000015c18                rts_not_full_trace_init
 .text.rts_not_full_trace_get
                0x0000000000015c2c       0x14 obj//home/marc/SJSU-Dev/firmware/lib/L1_FreeRTOS/portable/run_time_stats.o
                0x0000000000015c2c                rts_not_full_trace_get
 .text.rts_not_full_trace_reset
                0x0000000000015c40       0x14 obj//home/marc/SJSU-Dev/firmware/lib/L1_FreeRTOS/portable/run_time_stats.o
                0x0000000000015c40                rts_not_full_trace_reset
 .text.prvTaskExitError
                0x0000000000015c54       0x12 obj//home/marc/SJSU-Dev/firmware/lib/L1_FreeRTOS/portable/no_mpu/port.o
 *fill*         0x0000000000015c66        0x2 ff
 .text.prvPortStartFirstTask
                0x0000000000015c68       0x20 obj//home/marc/SJSU-Dev/firmware/lib/L1_FreeRTOS/portable/no_mpu/port.o
 .text.pxPortInitialiseStack
                0x0000000000015c88       0x24 obj//home/marc/SJSU-Dev/firmware/lib/L1_FreeRTOS/portable/no_mpu/port.o
                0x0000000000015c88                pxPortInitialiseStack
 *fill*         0x0000000000015cac        0x4 ff
 .text.vPortSVCHandler
                0x0000000000015cb0       0x24 obj//home/marc/SJSU-Dev/firmware/lib/L1_FreeRTOS/portable/no_mpu/port.o
                0x0000000000015cb0                vPortSVCHandler
 .text.vPortEndScheduler
                0x0000000000015cd4        0x2 obj//home/marc/SJSU-Dev/firmware/lib/L1_FreeRTOS/portable/no_mpu/port.o
                0x0000000000015cd4                vPortEndScheduler
 *fill*         0x0000000000015cd6        0x2 ff
 .text.vPortEnterCritical
                0x0000000000015cd8       0x20 obj//home/marc/SJSU-Dev/firmware/lib/L1_FreeRTOS/portable/no_mpu/port.o
                0x0000000000015cd8                vPortEnterCritical
 .text.vPortExitCritical
                0x0000000000015cf8       0x14 obj//home/marc/SJSU-Dev/firmware/lib/L1_FreeRTOS/portable/no_mpu/port.o
                0x0000000000015cf8                vPortExitCritical
 *fill*         0x0000000000015d0c        0x4 ff
 .text.xPortPendSVHandler
                0x0000000000015d10       0x44 obj//home/marc/SJSU-Dev/firmware/lib/L1_FreeRTOS/portable/no_mpu/port.o
                0x0000000000015d10                xPortPendSVHandler
 .text.xPortSysTickHandler
                0x0000000000015d54       0x2c obj//home/marc/SJSU-Dev/firmware/lib/L1_FreeRTOS/portable/no_mpu/port.o
                0x0000000000015d54                xPortSysTickHandler
 .text.vPortSetupTimerInterrupt
                0x0000000000015d80       0x14 obj//home/marc/SJSU-Dev/firmware/lib/L1_FreeRTOS/portable/no_mpu/port.o
                0x0000000000015d80                vPortSetupTimerInterrupt
 .text.xPortStartScheduler
                0x0000000000015d94       0x30 obj//home/marc/SJSU-Dev/firmware/lib/L1_FreeRTOS/portable/no_mpu/port.o
                0x0000000000015d94                xPortStartScheduler
 .text.prvResetRunTimeStatsInList
                0x0000000000015dc4       0x2e obj//home/marc/SJSU-Dev/firmware/lib/L1_FreeRTOS/src/tasks.o
 *fill*         0x0000000000015df2        0x2 ff
 .text.prvIdleTask
                0x0000000000015df4       0x28 obj//home/marc/SJSU-Dev/firmware/lib/L1_FreeRTOS/src/tasks.o
 .text.prvResetNextTaskUnblockTime
                0x0000000000015e1c       0x24 obj//home/marc/SJSU-Dev/firmware/lib/L1_FreeRTOS/src/tasks.o
 .text.prvAddCurrentTaskToDelayedList
                0x0000000000015e40       0x8c obj//home/marc/SJSU-Dev/firmware/lib/L1_FreeRTOS/src/tasks.o
 .text.xTaskCreate
                0x0000000000015ecc      0x1a4 obj//home/marc/SJSU-Dev/firmware/lib/L1_FreeRTOS/src/tasks.o
                0x0000000000015ecc                xTaskCreate
 .text.eTaskGetState
                0x0000000000016070       0x54 obj//home/marc/SJSU-Dev/firmware/lib/L1_FreeRTOS/src/tasks.o
                0x0000000000016070                eTaskGetState
 .text.vTaskStartScheduler
                0x00000000000160c4       0x64 obj//home/marc/SJSU-Dev/firmware/lib/L1_FreeRTOS/src/tasks.o
                0x00000000000160c4                vTaskStartScheduler
 .text.vTaskEndScheduler
                0x0000000000016128       0x20 obj//home/marc/SJSU-Dev/firmware/lib/L1_FreeRTOS/src/tasks.o
                0x0000000000016128                vTaskEndScheduler
 .text.vTaskSuspendAll
                0x0000000000016148       0x10 obj//home/marc/SJSU-Dev/firmware/lib/L1_FreeRTOS/src/tasks.o
                0x0000000000016148                vTaskSuspendAll
 .text.xTaskGetTickCount
                0x0000000000016158        0xc obj//home/marc/SJSU-Dev/firmware/lib/L1_FreeRTOS/src/tasks.o
                0x0000000000016158                xTaskGetTickCount
 .text.xTaskGetTickCountFromISR
                0x0000000000016164        0xc obj//home/marc/SJSU-Dev/firmware/lib/L1_FreeRTOS/src/tasks.o
                0x0000000000016164                xTaskGetTickCountFromISR
 .text.uxTaskGetNumberOfTasks
                0x0000000000016170        0xc obj//home/marc/SJSU-Dev/firmware/lib/L1_FreeRTOS/src/tasks.o
                0x0000000000016170                uxTaskGetNumberOfTasks
 .text.xTaskIncrementTick
                0x000000000001617c      0x10c obj//home/marc/SJSU-Dev/firmware/lib/L1_FreeRTOS/src/tasks.o
                0x000000000001617c                xTaskIncrementTick
 .text.xTaskResumeAll
                0x0000000000016288       0xd8 obj//home/marc/SJSU-Dev/firmware/lib/L1_FreeRTOS/src/tasks.o
                0x0000000000016288                xTaskResumeAll
 .text.vTaskDelayUntil
                0x0000000000016360       0x58 obj//home/marc/SJSU-Dev/firmware/lib/L1_FreeRTOS/src/tasks.o
                0x0000000000016360                vTaskDelayUntil
 .text.vTaskDelay
                0x00000000000163b8       0x30 obj//home/marc/SJSU-Dev/firmware/lib/L1_FreeRTOS/src/tasks.o
                0x00000000000163b8                vTaskDelay
 .text.vTaskSwitchContext
                0x00000000000163e8       0xb8 obj//home/marc/SJSU-Dev/firmware/lib/L1_FreeRTOS/src/tasks.o
                0x00000000000163e8                vTaskSwitchContext
 .text.vTaskSuspend
                0x00000000000164a0       0xb0 obj//home/marc/SJSU-Dev/firmware/lib/L1_FreeRTOS/src/tasks.o
                0x00000000000164a0                vTaskSuspend
 .text.vTaskPlaceOnEventList
                0x0000000000016550       0x20 obj//home/marc/SJSU-Dev/firmware/lib/L1_FreeRTOS/src/tasks.o
                0x0000000000016550                vTaskPlaceOnEventList
 .text.xTaskRemoveFromEventList
                0x0000000000016570       0x70 obj//home/marc/SJSU-Dev/firmware/lib/L1_FreeRTOS/src/tasks.o
                0x0000000000016570                xTaskRemoveFromEventList
 .text.vTaskSetTimeOutState
                0x00000000000165e0       0x18 obj//home/marc/SJSU-Dev/firmware/lib/L1_FreeRTOS/src/tasks.o
                0x00000000000165e0                vTaskSetTimeOutState
 .text.xTaskCheckForTimeOut
                0x00000000000165f8       0x4c obj//home/marc/SJSU-Dev/firmware/lib/L1_FreeRTOS/src/tasks.o
                0x00000000000165f8                xTaskCheckForTimeOut
 .text.vTaskMissedYield
                0x0000000000016644        0xc obj//home/marc/SJSU-Dev/firmware/lib/L1_FreeRTOS/src/tasks.o
                0x0000000000016644                vTaskMissedYield
 .text.vTaskGetInfo
                0x0000000000016650       0x80 obj//home/marc/SJSU-Dev/firmware/lib/L1_FreeRTOS/src/tasks.o
                0x0000000000016650                vTaskGetInfo
 .text.prvListTasksWithinSingleList
                0x00000000000166d0       0x5c obj//home/marc/SJSU-Dev/firmware/lib/L1_FreeRTOS/src/tasks.o
 .text.uxTaskGetSystemState
                0x000000000001672c       0x98 obj//home/marc/SJSU-Dev/firmware/lib/L1_FreeRTOS/src/tasks.o
                0x000000000001672c                uxTaskGetSystemState
 .text.uxTaskGetStackHighWaterMark
                0x00000000000167c4       0x20 obj//home/marc/SJSU-Dev/firmware/lib/L1_FreeRTOS/src/tasks.o
                0x00000000000167c4                uxTaskGetStackHighWaterMark
 .text.xTaskGetSchedulerState
                0x00000000000167e4       0x20 obj//home/marc/SJSU-Dev/firmware/lib/L1_FreeRTOS/src/tasks.o
                0x00000000000167e4                xTaskGetSchedulerState
 .text.vTaskPriorityInherit
                0x0000000000016804       0x90 obj//home/marc/SJSU-Dev/firmware/lib/L1_FreeRTOS/src/tasks.o
                0x0000000000016804                vTaskPriorityInherit
 .text.xTaskPriorityDisinherit
                0x0000000000016894       0x70 obj//home/marc/SJSU-Dev/firmware/lib/L1_FreeRTOS/src/tasks.o
                0x0000000000016894                xTaskPriorityDisinherit
 .text.pvTaskIncrementMutexHeldCount
                0x0000000000016904       0x18 obj//home/marc/SJSU-Dev/firmware/lib/L1_FreeRTOS/src/tasks.o
                0x0000000000016904                pvTaskIncrementMutexHeldCount
 .text.vTaskResetRunTimeStats
                0x000000000001691c       0x68 obj//home/marc/SJSU-Dev/firmware/lib/L1_FreeRTOS/src/tasks.o
                0x000000000001691c                vTaskResetRunTimeStats
 .text.vRunTimeStatIsrEntry
                0x0000000000016984       0x28 obj//home/marc/SJSU-Dev/firmware/lib/L1_FreeRTOS/src/tasks.o
                0x0000000000016984                vRunTimeStatIsrEntry
 .text.vRunTimeStatIsrExit
                0x00000000000169ac       0x10 obj//home/marc/SJSU-Dev/firmware/lib/L1_FreeRTOS/src/tasks.o
                0x00000000000169ac                vRunTimeStatIsrExit
 .text.vListInitialise
                0x00000000000169bc       0x16 obj//home/marc/SJSU-Dev/firmware/lib/L1_FreeRTOS/src/list.o
                0x00000000000169bc                vListInitialise
 .text.vListInitialiseItem
                0x00000000000169d2        0x6 obj//home/marc/SJSU-Dev/firmware/lib/L1_FreeRTOS/src/list.o
                0x00000000000169d2                vListInitialiseItem
 .text.vListInsertEnd
                0x00000000000169d8       0x18 obj//home/marc/SJSU-Dev/firmware/lib/L1_FreeRTOS/src/list.o
                0x00000000000169d8                vListInsertEnd
 .text.vListInsert
                0x00000000000169f0       0x2e obj//home/marc/SJSU-Dev/firmware/lib/L1_FreeRTOS/src/list.o
                0x00000000000169f0                vListInsert
 .text.uxListRemove
                0x0000000000016a1e       0x20 obj//home/marc/SJSU-Dev/firmware/lib/L1_FreeRTOS/src/list.o
                0x0000000000016a1e                uxListRemove
 .text.prvCopyDataToQueue
                0x0000000000016a3e       0x66 obj//home/marc/SJSU-Dev/firmware/lib/L1_FreeRTOS/src/queue.o
 .text.prvNotifyQueueSetContainer
                0x0000000000016aa4       0x4a obj//home/marc/SJSU-Dev/firmware/lib/L1_FreeRTOS/src/queue.o
 .text.prvCopyDataFromQueue
                0x0000000000016aee       0x28 obj//home/marc/SJSU-Dev/firmware/lib/L1_FreeRTOS/src/queue.o
 .text.prvUnlockQueue
                0x0000000000016b16       0x7e obj//home/marc/SJSU-Dev/firmware/lib/L1_FreeRTOS/src/queue.o
 .text.xQueueGenericReset
                0x0000000000016b94       0x6c obj//home/marc/SJSU-Dev/firmware/lib/L1_FreeRTOS/src/queue.o
                0x0000000000016b94                xQueueGenericReset
 .text.xQueueGenericCreate
                0x0000000000016c00       0x32 obj//home/marc/SJSU-Dev/firmware/lib/L1_FreeRTOS/src/queue.o
                0x0000000000016c00                xQueueGenericCreate
 .text.xQueueCreateCountingSemaphore
                0x0000000000016c32       0x12 obj//home/marc/SJSU-Dev/firmware/lib/L1_FreeRTOS/src/queue.o
                0x0000000000016c32                xQueueCreateCountingSemaphore
 .text.xQueueGenericSend
                0x0000000000016c44      0x104 obj//home/marc/SJSU-Dev/firmware/lib/L1_FreeRTOS/src/queue.o
                0x0000000000016c44                xQueueGenericSend
 .text.xQueueCreateMutex
                0x0000000000016d48       0x24 obj//home/marc/SJSU-Dev/firmware/lib/L1_FreeRTOS/src/queue.o
                0x0000000000016d48                xQueueCreateMutex
 .text.xQueueGenericSendFromISR
                0x0000000000016d6c       0x80 obj//home/marc/SJSU-Dev/firmware/lib/L1_FreeRTOS/src/queue.o
                0x0000000000016d6c                xQueueGenericSendFromISR
 .text.xQueueGiveFromISR
                0x0000000000016dec       0x68 obj//home/marc/SJSU-Dev/firmware/lib/L1_FreeRTOS/src/queue.o
                0x0000000000016dec                xQueueGiveFromISR
 .text.xQueueGenericReceive
                0x0000000000016e54      0x134 obj//home/marc/SJSU-Dev/firmware/lib/L1_FreeRTOS/src/queue.o
                0x0000000000016e54                xQueueGenericReceive
 .text.xQueueReceiveFromISR
                0x0000000000016f88       0x68 obj//home/marc/SJSU-Dev/firmware/lib/L1_FreeRTOS/src/queue.o
                0x0000000000016f88                xQueueReceiveFromISR
 .text.uxQueueMessagesWaiting
                0x0000000000016ff0       0x12 obj//home/marc/SJSU-Dev/firmware/lib/L1_FreeRTOS/src/queue.o
                0x0000000000016ff0                uxQueueMessagesWaiting
 .text.uxQueueMessagesWaitingFromISR
                0x0000000000017002        0x4 obj//home/marc/SJSU-Dev/firmware/lib/L1_FreeRTOS/src/queue.o
                0x0000000000017002                uxQueueMessagesWaitingFromISR
 .text.xQueueSelectFromSet
                0x0000000000017006       0x18 obj//home/marc/SJSU-Dev/firmware/lib/L1_FreeRTOS/src/queue.o
                0x0000000000017006                xQueueSelectFromSet
 .text.vApplicationIdleHook
                0x000000000001701e        0x4 obj//home/marc/SJSU-Dev/firmware/lib/L1_FreeRTOS/hooks/hooks.o
                0x000000000001701e                vApplicationIdleHook
 *fill*         0x0000000000017022        0x2 ff
 .text.vApplicationStackOverflowHook
                0x0000000000017024       0x38 obj//home/marc/SJSU-Dev/firmware/lib/L1_FreeRTOS/hooks/hooks.o
                0x0000000000017024                vApplicationStackOverflowHook
 .text.vApplicationMallocFailedHook
                0x000000000001705c       0x24 obj//home/marc/SJSU-Dev/firmware/lib/L1_FreeRTOS/hooks/hooks.o
                0x000000000001705c                vApplicationMallocFailedHook
 .text.remap_fatfs_errors
                0x0000000000017080       0x56 obj//home/marc/SJSU-Dev/firmware/lib/newlib/newlib_syscalls.o
 *fill*         0x00000000000170d6        0x2 ff
 .text.findslot
                0x00000000000170d8       0x4c obj//home/marc/SJSU-Dev/firmware/lib/newlib/newlib_syscalls.o
 .text.remap_handle
                0x0000000000017124       0x28 obj//home/marc/SJSU-Dev/firmware/lib/newlib/newlib_syscalls.o
 .text.sys_set_outchar_func
                0x000000000001714c        0xc obj//home/marc/SJSU-Dev/firmware/lib/newlib/newlib_syscalls.o
                0x000000000001714c                sys_set_outchar_func
 .text.sys_set_inchar_func
                0x0000000000017158        0xc obj//home/marc/SJSU-Dev/firmware/lib/newlib/newlib_syscalls.o
                0x0000000000017158                sys_set_inchar_func
 .text._kill    0x0000000000017164       0x10 obj//home/marc/SJSU-Dev/firmware/lib/newlib/newlib_syscalls.o
                0x0000000000017164                _kill
 .text._exit    0x0000000000017174       0x10 obj//home/marc/SJSU-Dev/firmware/lib/newlib/newlib_syscalls.o
                0x0000000000017174                _exit
 .text._getpid  0x0000000000017184        0x4 obj//home/marc/SJSU-Dev/firmware/lib/newlib/newlib_syscalls.o
                0x0000000000017184                _getpid
 .text._init    0x0000000000017188        0x4 obj//home/marc/SJSU-Dev/firmware/lib/newlib/newlib_syscalls.o
                0x0000000000017188                _init
 .text.syscalls_init
                0x000000000001718c       0x34 obj//home/marc/SJSU-Dev/firmware/lib/newlib/newlib_syscalls.o
                0x000000000001718c                syscalls_init
 .text._read    0x00000000000171c0       0x9c obj//home/marc/SJSU-Dev/firmware/lib/newlib/newlib_syscalls.o
                0x00000000000171c0                _read
 .text._lseek   0x000000000001725c       0x60 obj//home/marc/SJSU-Dev/firmware/lib/newlib/newlib_syscalls.o
                0x000000000001725c                _lseek
 .text._write   0x00000000000172bc       0xa4 obj//home/marc/SJSU-Dev/firmware/lib/newlib/newlib_syscalls.o
                0x00000000000172bc                _write
 .text._open    0x0000000000017360      0x14c obj//home/marc/SJSU-Dev/firmware/lib/newlib/newlib_syscalls.o
                0x0000000000017360                _open
 .text._close   0x00000000000174ac       0x54 obj//home/marc/SJSU-Dev/firmware/lib/newlib/newlib_syscalls.o
                0x00000000000174ac                _close
 .text._fstat   0x0000000000017500       0x10 obj//home/marc/SJSU-Dev/firmware/lib/newlib/newlib_syscalls.o
                0x0000000000017500                _fstat
 .text._isatty  0x0000000000017510       0x24 obj//home/marc/SJSU-Dev/firmware/lib/newlib/newlib_syscalls.o
                0x0000000000017510                _isatty
 .text._sbrk    0x0000000000017534       0x6c obj//home/marc/SJSU-Dev/firmware/lib/newlib/memory.o
                0x0000000000017534                _sbrk
 .text._Znwj    0x00000000000175a0        0x4 obj//home/marc/SJSU-Dev/firmware/lib/newlib/memory.o
                0x00000000000175a0                operator new(unsigned int)
 .text._Znaj    0x00000000000175a4        0x4 obj//home/marc/SJSU-Dev/firmware/lib/newlib/memory.o
                0x00000000000175a4                operator new[](unsigned int)
 .text._ZdlPv   0x00000000000175a8        0x4 obj//home/marc/SJSU-Dev/firmware/lib/newlib/memory.o
                0x00000000000175a8                operator delete(void*)
 .text._ZdaPv   0x00000000000175ac        0x4 obj//home/marc/SJSU-Dev/firmware/lib/newlib/memory.o
                0x00000000000175ac                operator delete[](void*)
 .text.sys_get_mem_info
                0x00000000000175b0       0xb4 obj//home/marc/SJSU-Dev/firmware/lib/newlib/memory.o
                0x00000000000175b0                sys_get_mem_info
 .text.__malloc_lock
                0x0000000000017664        0x4 obj//home/marc/SJSU-Dev/firmware/lib/newlib/malloc_lock.o
                0x0000000000017664                __malloc_lock
 .text.__malloc_unlock
                0x0000000000017668        0x4 obj//home/marc/SJSU-Dev/firmware/lib/newlib/malloc_lock.o
                0x0000000000017668                __malloc_unlock
 .text._gettimeofday
                0x000000000001766c       0x7a obj//home/marc/SJSU-Dev/firmware/lib/newlib/newlib_time.o
                0x000000000001766c                _gettimeofday
 *fill*         0x00000000000176e6        0x2 ff
 .text.lpc_pconp
                0x00000000000176e8       0x34 obj//home/marc/SJSU-Dev/firmware/lib/L0_LowLevel/source/lpc_peripherals.o
                0x00000000000176e8                lpc_pconp
 .text.lpc_pclk
                0x000000000001771c       0x48 obj//home/marc/SJSU-Dev/firmware/lib/L0_LowLevel/source/lpc_peripherals.o
                0x000000000001771c                lpc_pclk
 .text.__set_PSP
                0x0000000000017764        0x6 obj//home/marc/SJSU-Dev/firmware/lib/L0_LowLevel/source/core_cm3.o
                0x0000000000017764                __set_PSP
 .text.__set_MSP
                0x000000000001776a        0x6 obj//home/marc/SJSU-Dev/firmware/lib/L0_LowLevel/source/core_cm3.o
                0x000000000001776a                __set_MSP
 .text.__set_BASEPRI
                0x0000000000017770        0x6 obj//home/marc/SJSU-Dev/firmware/lib/L0_LowLevel/source/core_cm3.o
                0x0000000000017770                __set_BASEPRI
 *fill*         0x0000000000017776        0x2 ff
 .text._ZL19sys_clock_pll0_feedv
                0x0000000000017778       0x14 obj//home/marc/SJSU-Dev/firmware/lib/L0_LowLevel/source/sys_clock.o
 .text._ZL23sys_clock_configure_plljjPiS_S_.constprop.0
                0x000000000001778c       0x78 obj//home/marc/SJSU-Dev/firmware/lib/L0_LowLevel/source/sys_clock.o
 .text._Z19sys_clock_configurev
                0x0000000000017804       0xb4 obj//home/marc/SJSU-Dev/firmware/lib/L0_LowLevel/source/sys_clock.o
                0x0000000000017804                sys_clock_configure()
 .text.sys_get_cpu_clock
                0x00000000000178b8       0xa8 obj//home/marc/SJSU-Dev/firmware/lib/L0_LowLevel/source/sys_clock.o
                0x00000000000178b8                sys_get_cpu_clock
 .text.lpc_sys_setup_system_timer
                0x0000000000017960       0x54 obj//home/marc/SJSU-Dev/firmware/lib/L0_LowLevel/source/lpc_sys.o
                0x0000000000017960                lpc_sys_setup_system_timer
 .text.sys_get_uptime_us
                0x00000000000179b4       0x2c obj//home/marc/SJSU-Dev/firmware/lib/L0_LowLevel/source/lpc_sys.o
                0x00000000000179b4                sys_get_uptime_us
 .text.sys_get_mem_info_str
                0x00000000000179e0       0x38 obj//home/marc/SJSU-Dev/firmware/lib/L0_LowLevel/source/lpc_sys.o
                0x00000000000179e0                sys_get_mem_info_str
 .text.TIMER1_IRQHandler
                0x0000000000017a18       0xbc obj//home/marc/SJSU-Dev/firmware/lib/L0_LowLevel/source/lpc_sys.o
                0x0000000000017a18                TIMER1_IRQHandler
 .text.isr_forwarder_routine
                0x0000000000017ad4       0x3c obj//home/marc/SJSU-Dev/firmware/lib/L0_LowLevel/source/startup.o
 .text.isr_register
                0x0000000000017b10       0x10 obj//home/marc/SJSU-Dev/firmware/lib/L0_LowLevel/source/startup.o
                0x0000000000017b10                isr_register
 .text.isr_hard_fault_handler
                0x0000000000017b20       0x58 obj//home/marc/SJSU-Dev/firmware/lib/L0_LowLevel/source/startup.o
                0x0000000000017b20                isr_hard_fault_handler
 .text.sys_get_boot_type
                0x0000000000017b78        0xc obj//home/marc/SJSU-Dev/firmware/lib/L0_LowLevel/source/low_level_init.o
                0x0000000000017b78                sys_get_boot_type
 .text.sys_get_boot_time
                0x0000000000017b84       0x14 obj//home/marc/SJSU-Dev/firmware/lib/L0_LowLevel/source/low_level_init.o
                0x0000000000017b84                sys_get_boot_time
 .text._Z14low_level_initv
                0x0000000000017b98      0x228 obj//home/marc/SJSU-Dev/firmware/lib/L0_LowLevel/source/low_level_init.o
                0x0000000000017b98                low_level_init()
 .text.uart0_init
                0x0000000000017dc0       0x60 obj//home/marc/SJSU-Dev/firmware/lib/L0_LowLevel/source/uart0_min.o
                0x0000000000017dc0                uart0_init
 .text.uart0_getchar
                0x0000000000017e20       0x18 obj//home/marc/SJSU-Dev/firmware/lib/L0_LowLevel/source/uart0_min.o
                0x0000000000017e20                uart0_getchar
 .text.uart0_putchar
                0x0000000000017e38       0x18 obj//home/marc/SJSU-Dev/firmware/lib/L0_LowLevel/source/uart0_min.o
                0x0000000000017e38                uart0_putchar
 .text.uart0_puts
                0x0000000000017e50       0x1a obj//home/marc/SJSU-Dev/firmware/lib/L0_LowLevel/source/uart0_min.o
                0x0000000000017e50                uart0_puts
 .text.mesh_incr_soft_timers_for_arr
                0x0000000000017e6a       0x26 obj//home/marc/SJSU-Dev/firmware/lib/L4_IO/wireless/src/mesh.o
 .text.mesh_update_soft_timers
                0x0000000000017e90       0x4c obj//home/marc/SJSU-Dev/firmware/lib/L4_IO/wireless/src/mesh.o
 .text.mesh_send_packet
                0x0000000000017edc       0x3c obj//home/marc/SJSU-Dev/firmware/lib/L4_IO/wireless/src/mesh.o
 .text.mesh_send_retry_packet
                0x0000000000017f18       0x34 obj//home/marc/SJSU-Dev/firmware/lib/L4_IO/wireless/src/mesh.o
 .text.mesh_find_rte_tbl_entry
                0x0000000000017f4c       0x24 obj//home/marc/SJSU-Dev/firmware/lib/L4_IO/wireless/src/mesh.o
 .text.mesh_update_rte_scores
                0x0000000000017f70       0x28 obj//home/marc/SJSU-Dev/firmware/lib/L4_IO/wireless/src/mesh.o
 .text.mesh_get_pnd_pkt_slot
                0x0000000000017f98       0x40 obj//home/marc/SJSU-Dev/firmware/lib/L4_IO/wireless/src/mesh.o
 .text.mesh_pending_packets_add
                0x0000000000017fd8       0x90 obj//home/marc/SJSU-Dev/firmware/lib/L4_IO/wireless/src/mesh.o
 .text.mesh_get_rte_to_modify
                0x0000000000018068       0x58 obj//home/marc/SJSU-Dev/firmware/lib/L4_IO/wireless/src/mesh.o
 .text.mesh_handle_pnd_pkts_for_arr
                0x00000000000180c0      0x178 obj//home/marc/SJSU-Dev/firmware/lib/L4_IO/wireless/src/mesh.o
 .text.mesh_set_node_address
                0x0000000000018238       0x18 obj//home/marc/SJSU-Dev/firmware/lib/L4_IO/wireless/src/mesh.o
                0x0000000000018238                mesh_set_node_address
 .text.mesh_get_node_address
                0x0000000000018250        0xc obj//home/marc/SJSU-Dev/firmware/lib/L4_IO/wireless/src/mesh.o
                0x0000000000018250                mesh_get_node_address
 .text.mesh_set_retry_count
                0x000000000001825c       0x10 obj//home/marc/SJSU-Dev/firmware/lib/L4_IO/wireless/src/mesh.o
                0x000000000001825c                mesh_set_retry_count
 .text.mesh_form_pkt
                0x000000000001826c       0xf8 obj//home/marc/SJSU-Dev/firmware/lib/L4_IO/wireless/src/mesh.o
                0x000000000001826c                mesh_form_pkt
 .text.mesh_send_formed_pkt
                0x0000000000018364       0x58 obj//home/marc/SJSU-Dev/firmware/lib/L4_IO/wireless/src/mesh.o
                0x0000000000018364                mesh_send_formed_pkt
 .text.mesh_init
                0x00000000000183bc      0x100 obj//home/marc/SJSU-Dev/firmware/lib/L4_IO/wireless/src/mesh.o
                0x00000000000183bc                mesh_init
 .text.mesh_send
                0x00000000000184bc       0x3e obj//home/marc/SJSU-Dev/firmware/lib/L4_IO/wireless/src/mesh.o
                0x00000000000184bc                mesh_send
 .text.mesh_send_ack
                0x00000000000184fa       0x1a obj//home/marc/SJSU-Dev/firmware/lib/L4_IO/wireless/src/mesh.o
 .text.mesh_get_routing_entry
                0x0000000000018514       0x2c obj//home/marc/SJSU-Dev/firmware/lib/L4_IO/wireless/src/mesh.o
                0x0000000000018514                mesh_get_routing_entry
 .text.mesh_get_num_routing_entries
                0x0000000000018540       0x1c obj//home/marc/SJSU-Dev/firmware/lib/L4_IO/wireless/src/mesh.o
                0x0000000000018540                mesh_get_num_routing_entries
 .text.mesh_service
                0x000000000001855c      0x2d0 obj//home/marc/SJSU-Dev/firmware/lib/L4_IO/wireless/src/mesh.o
                0x000000000001855c                mesh_service
 .text.mesh_get_pnd_pkt_count
                0x000000000001882c       0x34 obj//home/marc/SJSU-Dev/firmware/lib/L4_IO/wireless/src/mesh.o
                0x000000000001882c                mesh_get_pnd_pkt_count
 .text.mesh_get_max_timeout_before_packet_fails
                0x0000000000018860       0x24 obj//home/marc/SJSU-Dev/firmware/lib/L4_IO/wireless/src/mesh.o
                0x0000000000018860                mesh_get_max_timeout_before_packet_fails
 .text.mesh_get_stats
                0x0000000000018884       0x14 obj//home/marc/SJSU-Dev/firmware/lib/L4_IO/wireless/src/mesh.o
                0x0000000000018884                mesh_get_stats
 .text.nordic_transfer
                0x0000000000018898       0xe8 obj//home/marc/SJSU-Dev/firmware/lib/L4_IO/wireless/src/nrf24L01Plus.o
 .text.nordic_readRegister
                0x0000000000018980       0x20 obj//home/marc/SJSU-Dev/firmware/lib/L4_IO/wireless/src/nrf24L01Plus.o
 .text.nordic_writeRegister
                0x00000000000189a0       0x1e obj//home/marc/SJSU-Dev/firmware/lib/L4_IO/wireless/src/nrf24L01Plus.o
 .text.nordic_is_tx_fifo_empty
                0x00000000000189be        0xe obj//home/marc/SJSU-Dev/firmware/lib/L4_IO/wireless/src/nrf24L01Plus.o
                0x00000000000189be                nordic_is_tx_fifo_empty
 .text.nordic_clear_all_intr_flags
                0x00000000000189cc        0x8 obj//home/marc/SJSU-Dev/firmware/lib/L4_IO/wireless/src/nrf24L01Plus.o
                0x00000000000189cc                nordic_clear_all_intr_flags
 .text.nordic_queue_tx_fifo
                0x00000000000189d4        0xc obj//home/marc/SJSU-Dev/firmware/lib/L4_IO/wireless/src/nrf24L01Plus.o
                0x00000000000189d4                nordic_queue_tx_fifo
 .text.nordic_standby1_to_tx_mode1
                0x00000000000189e0       0x16 obj//home/marc/SJSU-Dev/firmware/lib/L4_IO/wireless/src/nrf24L01Plus.o
                0x00000000000189e0                nordic_standby1_to_tx_mode1
 *fill*         0x00000000000189f6        0x2 ff
 .text.nordic_rx_to_Stanby1
                0x00000000000189f8       0x10 obj//home/marc/SJSU-Dev/firmware/lib/L4_IO/wireless/src/nrf24L01Plus.o
                0x00000000000189f8                nordic_rx_to_Stanby1
 .text.nordic_standby1_to_rx
                0x0000000000018a08       0x24 obj//home/marc/SJSU-Dev/firmware/lib/L4_IO/wireless/src/nrf24L01Plus.o
                0x0000000000018a08                nordic_standby1_to_rx
 .text.nordic_clear_packet_sent_flag
                0x0000000000018a2c        0x8 obj//home/marc/SJSU-Dev/firmware/lib/L4_IO/wireless/src/nrf24L01Plus.o
                0x0000000000018a2c                nordic_clear_packet_sent_flag
 .text.nordic_flush_tx_fifo
                0x0000000000018a34        0xc obj//home/marc/SJSU-Dev/firmware/lib/L4_IO/wireless/src/nrf24L01Plus.o
                0x0000000000018a34                nordic_flush_tx_fifo
 .text.nordic_mode1_send_single_packet
                0x0000000000018a40       0x4c obj//home/marc/SJSU-Dev/firmware/lib/L4_IO/wireless/src/nrf24L01Plus.o
                0x0000000000018a40                nordic_mode1_send_single_packet
 .text.nordic_is_packet_available
                0x0000000000018a8c       0x10 obj//home/marc/SJSU-Dev/firmware/lib/L4_IO/wireless/src/nrf24L01Plus.o
                0x0000000000018a8c                nordic_is_packet_available
 .text.nordic_clear_packet_available_flag
                0x0000000000018a9c        0x8 obj//home/marc/SJSU-Dev/firmware/lib/L4_IO/wireless/src/nrf24L01Plus.o
                0x0000000000018a9c                nordic_clear_packet_available_flag
 .text.nordic_read_rx_fifo
                0x0000000000018aa4       0x14 obj//home/marc/SJSU-Dev/firmware/lib/L4_IO/wireless/src/nrf24L01Plus.o
                0x0000000000018aa4                nordic_read_rx_fifo
 .text.nordic_flush_rx_fifo
                0x0000000000018ab8        0xc obj//home/marc/SJSU-Dev/firmware/lib/L4_IO/wireless/src/nrf24L01Plus.o
                0x0000000000018ab8                nordic_flush_rx_fifo
 .text.nordic_set_intr_signals
                0x0000000000018ac4       0x3e obj//home/marc/SJSU-Dev/firmware/lib/L4_IO/wireless/src/nrf24L01Plus.o
                0x0000000000018ac4                nordic_set_intr_signals
 .text.nordic_set_crc
                0x0000000000018b02       0x38 obj//home/marc/SJSU-Dev/firmware/lib/L4_IO/wireless/src/nrf24L01Plus.o
                0x0000000000018b02                nordic_set_crc
 .text.nordic_power_up
                0x0000000000018b3a       0x18 obj//home/marc/SJSU-Dev/firmware/lib/L4_IO/wireless/src/nrf24L01Plus.o