Archive member included to satisfy reference by file (symbol)

/home/marc/SJSU-Dev-New/tools/gcc-arm-none-eabi-6-2017-q2-update/bin/../lib/gcc/arm-none-eabi/6.3.1/../../../../arm-none-eabi/lib/thumb/v7-m/libstdc++_nano.a(class_type_info.o)
                              obj//home/marc/SJSU-Dev-New/firmware/lib/L2_Drivers/src/uart3.o (vtable for __cxxabiv1::__class_type_info)
/home/marc/SJSU-Dev-New/tools/gcc-arm-none-eabi-6-2017-q2-update/bin/../lib/gcc/arm-none-eabi/6.3.1/../../../../arm-none-eabi/lib/thumb/v7-m/libstdc++_nano.a(si_class_type_info.o)
                              obj//home/marc/SJSU-Dev-New/firmware/lib/L2_Drivers/base/uart_dev.o (vtable for __cxxabiv1::__si_class_type_info)
/home/marc/SJSU-Dev-New/tools/gcc-arm-none-eabi-6-2017-q2-update/bin/../lib/gcc/arm-none-eabi/6.3.1/../../../../arm-none-eabi/lib/thumb/v7-m/libstdc++_nano.a(del_ops.o)
                              obj//home/marc/SJSU-Dev-New/firmware/lib/L2_Drivers/src/uart3.o (operator delete(void*, unsigned int))
/home/marc/SJSU-Dev-New/tools/gcc-arm-none-eabi-6-2017-q2-update/bin/../lib/gcc/arm-none-eabi/6.3.1/../../../../arm-none-eabi/lib/thumb/v7-m/libstdc++_nano.a(guard.o)
                              obj//home/marc/SJSU-Dev-New/firmware/lib/L5_HighLevel/source/high_level_init.o (__cxa_guard_acquire)
/home/marc/SJSU-Dev-New/tools/gcc-arm-none-eabi-6-2017-q2-update/bin/../lib/gcc/arm-none-eabi/6.3.1/../../../../arm-none-eabi/lib/thumb/v7-m/libstdc++_nano.a(pure.o)
                              obj//home/marc/SJSU-Dev-New/firmware/lib/L2_Drivers/base/char_dev.o (__cxa_pure_virtual)
/home/marc/SJSU-Dev-New/tools/gcc-arm-none-eabi-6-2017-q2-update/bin/../lib/gcc/arm-none-eabi/6.3.1/../../../../arm-none-eabi/lib/thumb/v7-m/libstdc++_nano.a(vmi_class_type_info.o)
                              obj//home/marc/SJSU-Dev-New/firmware/lib/L2_Drivers/src/uart3.o (vtable for __cxxabiv1::__vmi_class_type_info)
/home/marc/SJSU-Dev-New/tools/gcc-arm-none-eabi-6-2017-q2-update/bin/../lib/gcc/arm-none-eabi/6.3.1/../../../../arm-none-eabi/lib/thumb/v7-m/libstdc++_nano.a(tinfo.o)
                              /home/marc/SJSU-Dev-New/tools/gcc-arm-none-eabi-6-2017-q2-update/bin/../lib/gcc/arm-none-eabi/6.3.1/../../../../arm-none-eabi/lib/thumb/v7-m/libstdc++_nano.a(class_type_info.o) (std::type_info::~type_info())
/home/marc/SJSU-Dev-New/tools/gcc-arm-none-eabi-6-2017-q2-update/bin/../lib/gcc/arm-none-eabi/6.3.1/../../../../arm-none-eabi/lib/thumb/v7-m/libstdc++_nano.a(eh_terminate.o)
                              /home/marc/SJSU-Dev-New/tools/gcc-arm-none-eabi-6-2017-q2-update/bin/../lib/gcc/arm-none-eabi/6.3.1/../../../../arm-none-eabi/lib/thumb/v7-m/libstdc++_nano.a(pure.o) (std::terminate())
/home/marc/SJSU-Dev-New/tools/gcc-arm-none-eabi-6-2017-q2-update/bin/../lib/gcc/arm-none-eabi/6.3.1/../../../../arm-none-eabi/lib/thumb/v7-m/libstdc++_nano.a(eh_term_handler.o)
                              /home/marc/SJSU-Dev-New/tools/gcc-arm-none-eabi-6-2017-q2-update/bin/../lib/gcc/arm-none-eabi/6.3.1/../../../../arm-none-eabi/lib/thumb/v7-m/libstdc++_nano.a(eh_terminate.o) (__cxxabiv1::__terminate_handler)
/home/marc/SJSU-Dev-New/tools/gcc-arm-none-eabi-6-2017-q2-update/bin/../lib/gcc/arm-none-eabi/6.3.1/../../../../arm-none-eabi/lib/thumb/v7-m/libstdc++_nano.a(eh_unex_handler.o)
                              /home/marc/SJSU-Dev-New/tools/gcc-arm-none-eabi-6-2017-q2-update/bin/../lib/gcc/arm-none-eabi/6.3.1/../../../../arm-none-eabi/lib/thumb/v7-m/libstdc++_nano.a(eh_terminate.o) (__cxxabiv1::__unexpected_handler)
/home/marc/SJSU-Dev-New/tools/gcc-arm-none-eabi-6-2017-q2-update/bin/../lib/gcc/arm-none-eabi/6.3.1/thumb/v7-m/libgcc.a(_ashldi3.o)
                              obj//home/marc/SJSU-Dev-New/firmware/lib/L0_LowLevel/source/lpc_peripherals.o (__aeabi_llsl)
/home/marc/SJSU-Dev-New/tools/gcc-arm-none-eabi-6-2017-q2-update/bin/../lib/gcc/arm-none-eabi/6.3.1/thumb/v7-m/libgcc.a(_arm_addsubdf3.o)
                              obj//home/marc/SJSU-Dev-New/firmware/lib/L2_Drivers/base/uart_dev.o (__aeabi_dadd)
/home/marc/SJSU-Dev-New/tools/gcc-arm-none-eabi-6-2017-q2-update/bin/../lib/gcc/arm-none-eabi/6.3.1/thumb/v7-m/libgcc.a(_arm_fixunsdfsi.o)
                              obj//home/marc/SJSU-Dev-New/firmware/lib/L2_Drivers/base/uart_dev.o (__aeabi_d2uiz)
/home/marc/SJSU-Dev-New/tools/gcc-arm-none-eabi-6-2017-q2-update/bin/../lib/gcc/arm-none-eabi/6.3.1/thumb/v7-m/libgcc.a(_arm_truncdfsf2.o)
                              obj//home/marc/SJSU-Dev-New/firmware/lib/L3_Utils/src/str.o (__aeabi_d2f)
/home/marc/SJSU-Dev-New/tools/gcc-arm-none-eabi-6-2017-q2-update/bin/../lib/gcc/arm-none-eabi/6.3.1/thumb/v7-m/libgcc.a(_arm_addsubsf3.o)
                              obj//home/marc/SJSU-Dev-New/firmware/lib/L5_HighLevel/source/cmd_handlers/handlers.o (__aeabi_fsub)
/home/marc/SJSU-Dev-New/tools/gcc-arm-none-eabi-6-2017-q2-update/bin/../lib/gcc/arm-none-eabi/6.3.1/thumb/v7-m/libgcc.a(_arm_muldivsf3.o)
[...]
Memory Configuration

Name             Origin             Length             Attributes
FLASH            0x0000000000010000 0x0000000000070000 xr
SRAM             0x0000000010000000 0x0000000000008000 xrw
SRAM_AHB         0x000000002007c000 0x0000000000008000 xrw
*default*        0x0000000000000000 0xffffffffffffffff

Linker script and memory map

LOAD bin/firmware.sym.o
LOAD obj//home/marc/SJSU-Dev-New/firmware/lib/L1_FreeRTOS/hooks/hooks.o
LOAD obj//home/marc/SJSU-Dev-New/firmware/lib/L1_FreeRTOS/src/queue.o
LOAD obj//home/marc/SJSU-Dev-New/firmware/lib/L1_FreeRTOS/src/event_groups.o
LOAD obj//home/marc/SJSU-Dev-New/firmware/lib/L1_FreeRTOS/src/croutine.o
LOAD obj//home/marc/SJSU-Dev-New/firmware/lib/L1_FreeRTOS/src/tasks.o
LOAD obj//home/marc/SJSU-Dev-New/firmware/lib/L1_FreeRTOS/src/timers.o
LOAD obj//home/marc/SJSU-Dev-New/firmware/lib/L1_FreeRTOS/src/list.o
LOAD obj//home/marc/SJSU-Dev-New/firmware/lib/L1_FreeRTOS/MemMang/freertos_mem_man.o
LOAD obj//home/marc/SJSU-Dev-New/firmware/lib/L1_FreeRTOS/trace/trcHardwarePort.o
LOAD obj//home/marc/SJSU-Dev-New/firmware/lib/L1_FreeRTOS/trace/trcKernelPort.o
LOAD obj//home/marc/SJSU-Dev-New/firmware/lib/L1_FreeRTOS/trace/trcBase.o
LOAD obj//home/marc/SJSU-Dev-New/firmware/lib/L1_FreeRTOS/trace/trcKernel.o
LOAD obj//home/marc/SJSU-Dev-New/firmware/lib/L1_FreeRTOS/trace/run_time_counter.o
LOAD obj//home/marc/SJSU-Dev-New/firmware/lib/L1_FreeRTOS/trace/trcUser.o
LOAD obj//home/marc/SJSU-Dev-New/firmware/lib/L1_FreeRTOS/portable/no_mpu/port.o
LOAD obj//home/marc/SJSU-Dev-New/firmware/lib/L1_FreeRTOS/portable/run_time_stats.o
LOAD obj//home/marc/SJSU-Dev-New/firmware/lib/L2_Drivers/src/spi_sem.o
LOAD obj//home/marc/SJSU-Dev-New/firmware/lib/L2_Drivers/src/lpc_rit.o
LOAD obj//home/marc/SJSU-Dev-New/firmware/lib/L2_Drivers/src/lpc_timers.o
LOAD obj//home/marc/SJSU-Dev-New/firmware/lib/L2_Drivers/src/eint.o
LOAD obj//home/marc/SJSU-Dev-New/firmware/lib/L2_Drivers/src/lpc_pwm.o
LOAD obj//home/marc/SJSU-Dev-New/firmware/lib/L2_Drivers/src/uart3.o
LOAD obj//home/marc/SJSU-Dev-New/firmware/lib/L2_Drivers/src/rtc.o
LOAD obj//home/marc/SJSU-Dev-New/firmware/lib/L2_Drivers/src/i2c2.o
LOAD obj//home/marc/SJSU-Dev-New/firmware/lib/L2_Drivers/src/nrf_stream.o
LOAD obj//home/marc/SJSU-Dev-New/firmware/lib/L2_Drivers/src/uart0.o
LOAD obj//home/marc/SJSU-Dev-New/firmware/lib/L2_Drivers/src/spi_dma.o
LOAD obj//home/marc/SJSU-Dev-New/firmware/lib/L2_Drivers/src/adc.o
LOAD obj//home/marc/SJSU-Dev-New/firmware/lib/L2_Drivers/src/can.o
LOAD obj//home/marc/SJSU-Dev-New/firmware/lib/L2_Drivers/src/uart2.o
LOAD obj//home/marc/SJSU-Dev-New/firmware/lib/L2_Drivers/base/i2c_base.o
LOAD obj//home/marc/SJSU-Dev-New/firmware/lib/L2_Drivers/base/char_dev.o
LOAD obj//home/marc/SJSU-Dev-New/firmware/lib/L2_Drivers/base/uart_dev.o
LOAD obj//home/marc/SJSU-Dev-New/firmware/lib/newlib/malloc_lock.o
LOAD obj//home/marc/SJSU-Dev-New/firmware/lib/newlib/memory.o
LOAD obj//home/marc/SJSU-Dev-New/firmware/lib/newlib/newlib_syscalls.o
LOAD obj//home/marc/SJSU-Dev-New/firmware/lib/newlib/newlib_time.o
LOAD obj//home/marc/SJSU-Dev-New/firmware/lib/L5_HighLevel/periodic_scheduler/prd_dispatcher.o
LOAD obj//home/marc/SJSU-Dev-New/firmware/lib/L5_HighLevel/examples/examples.o
LOAD obj//home/marc/SJSU-Dev-New/firmware/lib/L5_HighLevel/examples/rn_xv_task.o
LOAD obj//home/marc/SJSU-Dev-New/firmware/lib/L5_HighLevel/source/high_level_init.o
LOAD obj//home/marc/SJSU-Dev-New/firmware/lib/L5_HighLevel/source/cmd_handlers/prog_handlers.o
LOAD obj//home/marc/SJSU-Dev-New/firmware/lib/L5_HighLevel/source/cmd_handlers/wireless_handlers.o
LOAD obj//home/marc/SJSU-Dev-New/firmware/lib/L5_HighLevel/source/cmd_handlers/handlers.o
LOAD obj//home/marc/SJSU-Dev-New/firmware/lib/L5_HighLevel/source/terminal.o
LOAD obj//home/marc/SJSU-Dev-New/firmware/lib/L5_HighLevel/source/remote.o
LOAD obj//home/marc/SJSU-Dev-New/firmware/lib/L4_IO/src/io_source.o
LOAD obj//home/marc/SJSU-Dev-New/firmware/lib/L4_IO/src/gpio.o
LOAD obj//home/marc/SJSU-Dev-New/firmware/lib/L4_IO/src/storage.o
LOAD obj//home/marc/SJSU-Dev-New/firmware/lib/L4_IO/fat/option/ccsbcs.o
LOAD obj//home/marc/SJSU-Dev-New/firmware/lib/L4_IO/fat/option/reentrant.o
LOAD obj//home/marc/SJSU-Dev-New/firmware/lib/L4_IO/fat/ff.o
LOAD obj//home/marc/SJSU-Dev-New/firmware/lib/L4_IO/fat/disk/sd.o
LOAD obj//home/marc/SJSU-Dev-New/firmware/lib/L4_IO/fat/disk/spi_flash.o
LOAD obj//home/marc/SJSU-Dev-New/firmware/lib/L4_IO/fat/disk/diskio.o
LOAD obj//home/marc/SJSU-Dev-New/firmware/lib/L4_IO/fat/fatfs_time.o
LOAD obj//home/marc/SJSU-Dev-New/firmware/lib/L4_IO/wireless/src/mesh.o
LOAD obj//home/marc/SJSU-Dev-New/firmware/lib/L4_IO/wireless/src/nrf24L01Plus.o
LOAD obj//home/marc/SJSU-Dev-New/firmware/lib/L4_IO/wireless/src/wireless.o
LOAD obj//home/marc/SJSU-Dev-New/firmware/lib/L3_Utils/src/printf_lib.o
LOAD obj//home/marc/SJSU-Dev-New/firmware/lib/L3_Utils/src/c_list.o
LOAD obj//home/marc/SJSU-Dev-New/firmware/lib/L3_Utils/src/file_logger.o
LOAD obj//home/marc/SJSU-Dev-New/firmware/lib/L3_Utils/src/freertos_timer.o
LOAD obj//home/marc/SJSU-Dev-New/firmware/lib/L3_Utils/src/utilities.o
LOAD obj//home/marc/SJSU-Dev-New/firmware/lib/L3_Utils/src/str.o
LOAD obj//home/marc/SJSU-Dev-New/firmware/lib/L3_Utils/src/scheduler_task.o
LOAD obj//home/marc/SJSU-Dev-New/firmware/lib/L3_Utils/src/rtc_alarm.o
LOAD obj//home/marc/SJSU-Dev-New/firmware/lib/L3_Utils/src/command_handler.o
LOAD obj//home/marc/SJSU-Dev-New/firmware/lib/L3_Utils/tlm/src/c_tlm_binary.o
LOAD obj//home/marc/SJSU-Dev-New/firmware/lib/L3_Utils/tlm/src/c_tlm_var.o
LOAD obj//home/marc/SJSU-Dev-New/firmware/lib/L3_Utils/tlm/src/c_tlm_comp.o
LOAD obj//home/marc/SJSU-Dev-New/firmware/lib/L3_Utils/tlm/src/c_tlm_stream.o
LOAD obj//home/marc/SJSU-Dev-New/firmware/lib/L0_LowLevel/source/startup.o
LOAD obj//home/marc/SJSU-Dev-New/firmware/lib/L0_LowLevel/source/lpc_peripherals.o
LOAD obj//home/marc/SJSU-Dev-New/firmware/lib/L0_LowLevel/source/core_cm3.o
LOAD obj//home/marc/SJSU-Dev-New/firmware/lib/L0_LowLevel/source/sys_clock.o
LOAD obj//home/marc/SJSU-Dev-New/firmware/lib/L0_LowLevel/source/lpc_sys.o
LOAD obj//home/marc/SJSU-Dev-New/firmware/lib/L0_LowLevel/source/low_level_init.o
LOAD obj//home/marc/SJSU-Dev-New/firmware/lib/L0_LowLevel/source/uart0_min.o
LOAD obj/L5_Application/UartDriver.o
LOAD obj/L5_Application/main.o
LOAD /home/marc/SJSU-Dev-New/tools/gcc-arm-none-eabi-6-2017-q2-update/bin/../lib/gcc/arm-none-eabi/6.3.1/../../../../arm-none-eabi/lib/thumb/v7-m/libstdc++_nano.a
LOAD /home/marc/SJSU-Dev-New/tools/gcc-arm-none-eabi-6-2017-q2-update/bin/../lib/gcc/arm-none-eabi/6.3.1/../../../../arm-none-eabi/lib/thumb/v7-m/libm.a
START GROUP
LOAD /home/marc/SJSU-Dev-New/tools/gcc-arm-none-eabi-6-2017-q2-update/bin/../lib/gcc/arm-none-eabi/6.3.1/thumb/v7-m/libgcc.a
LOAD /home/marc/SJSU-Dev-New/tools/gcc-arm-none-eabi-6-2017-q2-update/bin/../lib/gcc/arm-none-eabi/6.3.1/../../../../arm-none-eabi/lib/thumb/v7-m/libc_nano.a
END GROUP
START GROUP
LOAD /home/marc/SJSU-Dev-New/tools/gcc-arm-none-eabi-6-2017-q2-update/bin/../lib/gcc/arm-none-eabi/6.3.1/thumb/v7-m/libgcc.a
LOAD /home/marc/SJSU-Dev-New/tools/gcc-arm-none-eabi-6-2017-q2-update/bin/../lib/gcc/arm-none-eabi/6.3.1/../../../../arm-none-eabi/lib/thumb/v7-m/libc_nano.a
END GROUP

.text           0x0000000000010000    0x1b8fb
 FILL mask 0xff
 *(.isr_vector)
 .isr_vector    0x0000000000010000       0xcc obj//home/marc/SJSU-Dev-New/firmware/lib/L0_LowLevel/source/startup.o
                0x0000000000010000                g_pfnVectors
                0x00000000000100cc                . = ALIGN (0x4)
                0x00000000000100cc                __section_table_start = .
                0x00000000000100cc                __data_section_table = .
                0x00000000000100cc        0x4 LONG 0x2b904 LOADADDR (.data)
                0x00000000000100d0        0x4 LONG 0x2007c000 ADDR (.data)
                0x00000000000100d4        0x4 LONG 0x2fc SIZEOF (.data)
                0x00000000000100d8                __data_section_table_end = .
                0x00000000000100d8                __bss_section_table = .
                0x00000000000100d8        0x4 LONG 0x2007c300 ADDR (.bss)
                0x00000000000100dc        0x4 LONG 0x4f0 SIZEOF (.bss)
                0x00000000000100e0                __bss_section_table_end = .
                0x00000000000100e0                __section_table_end = .
 *(.after_vectors*)
 .after_vectors
                0x00000000000100e0      0x120 obj//home/marc/SJSU-Dev-New/firmware/lib/L0_LowLevel/source/startup.o
                0x00000000000100e0                isr_hard_fault
                0x00000000000100fa                isr_nmi
                0x0000000000010108                isr_mem_fault
                0x0000000000010118                isr_bus_fault
                0x0000000000010128                isr_usage_fault
                0x0000000000010138                isr_debug_mon
                0x0000000000010148                TIMER2_IRQHandler
                0x0000000000010148                I2C0_IRQHandler
                0x0000000000010148                PWM1_IRQHandler
                0x0000000000010148                I2C1_IRQHandler
                0x0000000000010148                EINT2_IRQHandler
                0x0000000000010148                UART1_IRQHandler
                0x0000000000010148                TIMER3_IRQHandler
                0x0000000000010148                PLL0_IRQHandler
                0x0000000000010148                PLL1_IRQHandler
                0x0000000000010148                SSP0_IRQHandler
                0x0000000000010148                CANAct_IRQHandler
                0x0000000000010148                I2S_IRQHandler
                0x0000000000010148                TIMER0_IRQHandler
                0x0000000000010148                SPI_IRQHandler
                0x0000000000010148                EINT1_IRQHandler
                0x0000000000010148                isr_default_handler
                0x0000000000010148                SSP1_IRQHandler
                0x0000000000010148                USB_IRQHandler
                0x0000000000010148                BOD_IRQHandler
                0x0000000000010148                WDT_IRQHandler
                0x0000000000010148                QEI_IRQHandler
                0x0000000000010148                EINT0_IRQHandler
                0x0000000000010148                DMA_IRQHandler
                0x0000000000010148                MCPWM_IRQHandler
                0x0000000000010148                ENET_IRQHandler
                0x0000000000010148                USBAct_IRQHandler
                0x0000000000010158                isr_sys_tick
                0x000000000001016a                data_init(unsigned int, unsigned int, unsigned int)
                0x0000000000010180                bss_init(unsigned int, unsigned int)
                0x0000000000010194                isr_reset
 *(.text*)
 .text.vApplicationIdleHook
                0x0000000000010200        0x4 obj//home/marc/SJSU-Dev-New/firmware/lib/L1_FreeRTOS/hooks/hooks.o
                0x0000000000010200                vApplicationIdleHook
 .text.vApplicationStackOverflowHook
                0x0000000000010204       0x38 obj//home/marc/SJSU-Dev-New/firmware/lib/L1_FreeRTOS/hooks/hooks.o
                0x0000000000010204                vApplicationStackOverflowHook
 .text.vApplicationMallocFailedHook
                0x000000000001023c       0x24 obj//home/marc/SJSU-Dev-New/firmware/lib/L1_FreeRTOS/hooks/hooks.o
                0x000000000001023c                vApplicationMallocFailedHook
 .text.prvCopyDataToQueue
                0x0000000000010260       0x66 obj//home/marc/SJSU-Dev-New/firmware/lib/L1_FreeRTOS/src/queue.o
 .text.prvNotifyQueueSetContainer
                0x00000000000102c6       0x4a obj//home/marc/SJSU-Dev-New/firmware/lib/L1_FreeRTOS/src/queue.o
 .text.prvCopyDataFromQueue
                0x0000000000010310       0x28 obj//home/marc/SJSU-Dev-New/firmware/lib/L1_FreeRTOS/src/queue.o
 .text.prvUnlockQueue
                0x0000000000010338       0x7e obj//home/marc/SJSU-Dev-New/firmware/lib/L1_FreeRTOS/src/queue.o
 *fill*         0x00000000000103b6        0x2 ff
 .text.xQueueGenericReset
                0x00000000000103b8       0x6c obj//home/marc/SJSU-Dev-New/firmware/lib/L1_FreeRTOS/src/queue.o
                0x00000000000103b8                xQueueGenericReset
 .text.xQueueGenericCreate
                0x0000000000010424       0x32 obj//home/marc/SJSU-Dev-New/firmware/lib/L1_FreeRTOS/src/queue.o
                0x0000000000010424                xQueueGenericCreate
 .text.xQueueCreateCountingSemaphore
                0x0000000000010456       0x12 obj//home/marc/SJSU-Dev-New/firmware/lib/L1_FreeRTOS/src/queue.o
                0x0000000000010456                xQueueCreateCountingSemaphore
 .text.xQueueGenericSend
                0x0000000000010468      0x104 obj//home/marc/SJSU-Dev-New/firmware/lib/L1_FreeRTOS/src/queue.o
                0x0000000000010468                xQueueGenericSend
 .text.xQueueCreateMutex
                0x000000000001056c       0x24 obj//home/marc/SJSU-Dev-New/firmware/lib/L1_FreeRTOS/src/queue.o
                0x000000000001056c                xQueueCreateMutex
 .text.xQueueGenericSendFromISR
                0x0000000000010590       0x80 obj//home/marc/SJSU-Dev-New/firmware/lib/L1_FreeRTOS/src/queue.o
                0x0000000000010590                xQueueGenericSendFromISR
 .text.xQueueGiveFromISR
                0x0000000000010610       0x68 obj//home/marc/SJSU-Dev-New/firmware/lib/L1_FreeRTOS/src/queue.o
                0x0000000000010610                xQueueGiveFromISR
 .text.xQueueGenericReceive
                0x0000000000010678      0x134 obj//home/marc/SJSU-Dev-New/firmware/lib/L1_FreeRTOS/src/queue.o
                0x0000000000010678                xQueueGenericReceive
 .text.xQueueReceiveFromISR
                0x00000000000107ac       0x68 obj//home/marc/SJSU-Dev-New/firmware/lib/L1_FreeRTOS/src/queue.o
                0x00000000000107ac                xQueueReceiveFromISR
 .text.uxQueueMessagesWaiting
                0x0000000000010814       0x12 obj//home/marc/SJSU-Dev-New/firmware/lib/L1_FreeRTOS/src/queue.o
                0x0000000000010814                uxQueueMessagesWaiting
 .text.uxQueueMessagesWaitingFromISR
                0x0000000000010826        0x4 obj//home/marc/SJSU-Dev-New/firmware/lib/L1_FreeRTOS/src/queue.o
                0x0000000000010826                uxQueueMessagesWaitingFromISR
 .text.xQueueSelectFromSet
                0x000000000001082a       0x18 obj//home/marc/SJSU-Dev-New/firmware/lib/L1_FreeRTOS/src/queue.o
                0x000000000001082a                xQueueSelectFromSet
 .text.prvResetRunTimeStatsInList
                0x0000000000010842       0x2e obj//home/marc/SJSU-Dev-New/firmware/lib/L1_FreeRTOS/src/tasks.o
 .text.prvIdleTask
                0x0000000000010870       0x28 obj//home/marc/SJSU-Dev-New/firmware/lib/L1_FreeRTOS/src/tasks.o
 .text.prvResetNextTaskUnblockTime
                0x0000000000010898       0x24 obj//home/marc/SJSU-Dev-New/firmware/lib/L1_FreeRTOS/src/tasks.o
 .text.prvAddCurrentTaskToDelayedList
                0x00000000000108bc       0x8c obj//home/marc/SJSU-Dev-New/firmware/lib/L1_FreeRTOS/src/tasks.o
 .text.xTaskCreate
                0x0000000000010948      0x1a4 obj//home/marc/SJSU-Dev-New/firmware/lib/L1_FreeRTOS/src/tasks.o
                0x0000000000010948                xTaskCreate
 .text.eTaskGetState
                0x0000000000010aec       0x54 obj//home/marc/SJSU-Dev-New/firmware/lib/L1_FreeRTOS/src/tasks.o
                0x0000000000010aec                eTaskGetState
 .text.vTaskStartScheduler
                0x0000000000010b40       0x64 obj//home/marc/SJSU-Dev-New/firmware/lib/L1_FreeRTOS/src/tasks.o
                0x0000000000010b40                vTaskStartScheduler
 .text.vTaskEndScheduler
                0x0000000000010ba4       0x20 obj//home/marc/SJSU-Dev-New/firmware/lib/L1_FreeRTOS/src/tasks.o
                0x0000000000010ba4                vTaskEndScheduler
 .text.vTaskSuspendAll
                0x0000000000010bc4       0x10 obj//home/marc/SJSU-Dev-New/firmware/lib/L1_FreeRTOS/src/tasks.o
                0x0000000000010bc4                vTaskSuspendAll
 .text.xTaskGetTickCount
                0x0000000000010bd4        0xc obj//home/marc/SJSU-Dev-New/firmware/lib/L1_FreeRTOS/src/tasks.o
                0x0000000000010bd4                xTaskGetTickCount
 .text.xTaskGetTickCountFromISR
                0x0000000000010be0        0xc obj//home/marc/SJSU-Dev-New/firmware/lib/L1_FreeRTOS/src/tasks.o
                0x0000000000010be0                xTaskGetTickCountFromISR
 .text.uxTaskGetNumberOfTasks
                0x0000000000010bec        0xc obj//home/marc/SJSU-Dev-New/firmware/lib/L1_FreeRTOS/src/tasks.o
                0x0000000000010bec                uxTaskGetNumberOfTasks
 .text.xTaskIncrementTick
                0x0000000000010bf8      0x10c obj//home/marc/SJSU-Dev-New/firmware/lib/L1_FreeRTOS/src/tasks.o
                0x0000000000010bf8                xTaskIncrementTick
 .text.xTaskResumeAll
                0x0000000000010d04       0xd8 obj//home/marc/SJSU-Dev-New/firmware/lib/L1_FreeRTOS/src/tasks.o
                0x0000000000010d04                xTaskResumeAll
 .text.vTaskDelayUntil
                0x0000000000010ddc       0x58 obj//home/marc/SJSU-Dev-New/firmware/lib/L1_FreeRTOS/src/tasks.o
                0x0000000000010ddc                vTaskDelayUntil
 .text.vTaskDelay
                0x0000000000010e34       0x30 obj//home/marc/SJSU-Dev-New/firmware/lib/L1_FreeRTOS/src/tasks.o
                0x0000000000010e34                vTaskDelay
 .text.vTaskSwitchContext
                0x0000000000010e64       0xb8 obj//home/marc/SJSU-Dev-New/firmware/lib/L1_FreeRTOS/src/tasks.o
                0x0000000000010e64                vTaskSwitchContext
 .text.vTaskSuspend
                0x0000000000010f1c       0xb0 obj//home/marc/SJSU-Dev-New/firmware/lib/L1_FreeRTOS/src/tasks.o
                0x0000000000010f1c                vTaskSuspend
 .text.vTaskPlaceOnEventList
                0x0000000000010fcc       0x20 obj//home/marc/SJSU-Dev-New/firmware/lib/L1_FreeRTOS/src/tasks.o
                0x0000000000010fcc                vTaskPlaceOnEventList
 .text.xTaskRemoveFromEventList
                0x0000000000010fec       0x70 obj//home/marc/SJSU-Dev-New/firmware/lib/L1_FreeRTOS/src/tasks.o
                0x0000000000010fec                xTaskRemoveFromEventList
 .text.vTaskSetTimeOutState
                0x000000000001105c       0x18 obj//home/marc/SJSU-Dev-New/firmware/lib/L1_FreeRTOS/src/tasks.o
                0x000000000001105c                vTaskSetTimeOutState
 .text.xTaskCheckForTimeOut
                0x0000000000011074       0x4c obj//home/marc/SJSU-Dev-New/firmware/lib/L1_FreeRTOS/src/tasks.o
                0x0000000000011074                xTaskCheckForTimeOut
 .text.vTaskMissedYield
                0x00000000000110c0        0xc obj//home/marc/SJSU-Dev-New/firmware/lib/L1_FreeRTOS/src/tasks.o
                0x00000000000110c0                vTaskMissedYield
 .text.vTaskGetInfo
                0x00000000000110cc       0x80 obj//home/marc/SJSU-Dev-New/firmware/lib/L1_FreeRTOS/src/tasks.o
                0x00000000000110cc                vTaskGetInfo
 .text.prvListTasksWithinSingleList
                0x000000000001114c       0x5c obj//home/marc/SJSU-Dev-New/firmware/lib/L1_FreeRTOS/src/tasks.o
 .text.uxTaskGetSystemState
                0x00000000000111a8       0x98 obj//home/marc/SJSU-Dev-New/firmware/lib/L1_FreeRTOS/src/tasks.o
                0x00000000000111a8                uxTaskGetSystemState
 .text.uxTaskGetStackHighWaterMark
                0x0000000000011240       0x20 obj//home/marc/SJSU-Dev-New/firmware/lib/L1_FreeRTOS/src/tasks.o
                0x0000000000011240                uxTaskGetStackHighWaterMark
 .text.xTaskGetSchedulerState
                0x0000000000011260       0x20 obj//home/marc/SJSU-Dev-New/firmware/lib/L1_FreeRTOS/src/tasks.o
                0x0000000000011260                xTaskGetSchedulerState
 .text.vTaskPriorityInherit
                0x0000000000011280       0x90 obj//home/marc/SJSU-Dev-New/firmware/lib/L1_FreeRTOS/src/tasks.o
                0x0000000000011280                vTaskPriorityInherit
 .text.xTaskPriorityDisinherit
                0x0000000000011310       0x70 obj//home/marc/SJSU-Dev-New/firmware/lib/L1_FreeRTOS/src/tasks.o
                0x0000000000011310                xTaskPriorityDisinherit
 .text.pvTaskIncrementMutexHeldCount
                0x0000000000011380       0x18 obj//home/marc/SJSU-Dev-New/firmware/lib/L1_FreeRTOS/src/tasks.o
                0x0000000000011380                pvTaskIncrementMutexHeldCount
 .text.vTaskResetRunTimeStats
                0x0000000000011398       0x68 obj//home/marc/SJSU-Dev-New/firmware/lib/L1_FreeRTOS/src/tasks.o
                0x0000000000011398                vTaskResetRunTimeStats
 .text.vRunTimeStatIsrEntry
                0x0000000000011400       0x28 obj//home/marc/SJSU-Dev-New/firmware/lib/L1_FreeRTOS/src/tasks.o
                0x0000000000011400                vRunTimeStatIsrEntry
 .text.vRunTimeStatIsrExit
                0x0000000000011428       0x10 obj//home/marc/SJSU-Dev-New/firmware/lib/L1_FreeRTOS/src/tasks.o
                0x0000000000011428                vRunTimeStatIsrExit
 .text.vListInitialise
                0x0000000000011438       0x16 obj//home/marc/SJSU-Dev-New/firmware/lib/L1_FreeRTOS/src/list.o
                0x0000000000011438                vListInitialise
 .text.vListInitialiseItem
                0x000000000001144e        0x6 obj//home/marc/SJSU-Dev-New/firmware/lib/L1_FreeRTOS/src/list.o
                0x000000000001144e                vListInitialiseItem
 .text.vListInsertEnd
                0x0000000000011454       0x18 obj//home/marc/SJSU-Dev-New/firmware/lib/L1_FreeRTOS/src/list.o
                0x0000000000011454                vListInsertEnd
 .text.vListInsert
                0x000000000001146c       0x2e obj//home/marc/SJSU-Dev-New/firmware/lib/L1_FreeRTOS/src/list.o
                0x000000000001146c                vListInsert
 .text.uxListRemove
                0x000000000001149a       0x20 obj//home/marc/SJSU-Dev-New/firmware/lib/L1_FreeRTOS/src/list.o
                0x000000000001149a                uxListRemove
 .text.pvPortMalloc
                0x00000000000114ba       0x1e obj//home/marc/SJSU-Dev-New/firmware/lib/L1_FreeRTOS/MemMang/freertos_mem_man.o
                0x00000000000114ba                pvPortMalloc
 .text.vPortFree
                0x00000000000114d8       0x1a obj//home/marc/SJSU-Dev-New/firmware/lib/L1_FreeRTOS/MemMang/freertos_mem_man.o
                0x00000000000114d8                vPortFree
 .text.prvTaskExitError
                0x00000000000114f2       0x12 obj//home/marc/SJSU-Dev-New/firmware/lib/L1_FreeRTOS/portable/no_mpu/port.o
 .text.prvPortStartFirstTask
                0x0000000000011504       0x20 obj//home/marc/SJSU-Dev-New/firmware/lib/L1_FreeRTOS/portable/no_mpu/port.o
 .text.pxPortInitialiseStack
                0x0000000000011524       0x24 obj//home/marc/SJSU-Dev-New/firmware/lib/L1_FreeRTOS/portable/no_mpu/port.o
                0x0000000000011524                pxPortInitialiseStack
 *fill*         0x0000000000011548        0x8 ff
 .text.vPortSVCHandler
                0x0000000000011550       0x24 obj//home/marc/SJSU-Dev-New/firmware/lib/L1_FreeRTOS/portable/no_mpu/port.o
                0x0000000000011550                vPortSVCHandler
 .text.vPortEndScheduler
                0x0000000000011574        0x2 obj//home/marc/SJSU-Dev-New/firmware/lib/L1_FreeRTOS/portable/no_mpu/port.o
                0x0000000000011574                vPortEndScheduler
 *fill*         0x0000000000011576        0x2 ff
 .text.vPortEnterCritical
                0x0000000000011578       0x20 obj//home/marc/SJSU-Dev-New/firmware/lib/L1_FreeRTOS/portable/no_mpu/port.o
                0x0000000000011578                vPortEnterCritical
 .text.vPortExitCritical
                0x0000000000011598       0x14 obj//home/marc/SJSU-Dev-New/firmware/lib/L1_FreeRTOS/portable/no_mpu/port.o
                0x0000000000011598                vPortExitCritical
 *fill*         0x00000000000115ac        0x4 ff
 .text.xPortPendSVHandler
                0x00000000000115b0       0x44 obj//home/marc/SJSU-Dev-New/firmware/lib/L1_FreeRTOS/portable/no_mpu/port.o
                0x00000000000115b0                xPortPendSVHandler
 .text.xPortSysTickHandler
                0x00000000000115f4       0x2c obj//home/marc/SJSU-Dev-New/firmware/lib/L1_FreeRTOS/portable/no_mpu/port.o
                0x00000000000115f4                xPortSysTickHandler
 .text.vPortSetupTimerInterrupt
                0x0000000000011620       0x14 obj//home/marc/SJSU-Dev-New/firmware/lib/L1_FreeRTOS/portable/no_mpu/port.o
                0x0000000000011620                vPortSetupTimerInterrupt
 .text.xPortStartScheduler
                0x0000000000011634       0x30 obj//home/marc/SJSU-Dev-New/firmware/lib/L1_FreeRTOS/portable/no_mpu/port.o
                0x0000000000011634                xPortStartScheduler
 .text.rts_not_full_trace_init
                0x0000000000011664       0x14 obj//home/marc/SJSU-Dev-New/firmware/lib/L1_FreeRTOS/portable/run_time_stats.o
                0x0000000000011664                rts_not_full_trace_init
 .text.rts_not_full_trace_get
                0x0000000000011678       0x14 obj//home/marc/SJSU-Dev-New/firmware/lib/L1_FreeRTOS/portable/run_time_stats.o
                0x0000000000011678                rts_not_full_trace_get
 .text.rts_not_full_trace_reset
                0x000000000001168c       0x14 obj//home/marc/SJSU-Dev-New/firmware/lib/L1_FreeRTOS/portable/run_time_stats.o
                0x000000000001168c                rts_not_full_trace_reset
 .text.spi1_lock
                0x00000000000116a0       0x30 obj//home/marc/SJSU-Dev-New/firmware/lib/L2_Drivers/src/spi_sem.o
                0x00000000000116a0                spi1_lock
 .text.spi1_unlock
                0x00000000000116d0       0x24 obj//home/marc/SJSU-Dev-New/firmware/lib/L2_Drivers/src/spi_sem.o
                0x00000000000116d0                spi1_unlock
 .text.RIT_IRQHandler
                0x00000000000116f4       0x1c obj//home/marc/SJSU-Dev-New/firmware/lib/L2_Drivers/src/lpc_rit.o
                0x00000000000116f4                RIT_IRQHandler
 .text.lpc_timer_get_struct
                0x0000000000011710       0x20 obj//home/marc/SJSU-Dev-New/firmware/lib/L2_Drivers/src/lpc_timers.o
 .text.lpc_timer_enable
                0x0000000000011730       0x6c obj//home/marc/SJSU-Dev-New/firmware/lib/L2_Drivers/src/lpc_timers.o
                0x0000000000011730                lpc_timer_enable
 .text.handle_eint_list
                0x000000000001179c       0x2c obj//home/marc/SJSU-Dev-New/firmware/lib/L2_Drivers/src/eint.o
 .text.eint3_enable.isra.0
                0x00000000000117c8       0x38 obj//home/marc/SJSU-Dev-New/firmware/lib/L2_Drivers/src/eint.o
 .text.EINT3_IRQHandler
                0x0000000000011800       0x80 obj//home/marc/SJSU-Dev-New/firmware/lib/L2_Drivers/src/eint.o
                0x0000000000011800                EINT3_IRQHandler
 .text.eint3_enable_port0
                0x0000000000011880       0x30 obj//home/marc/SJSU-Dev-New/firmware/lib/L2_Drivers/src/eint.o
                0x0000000000011880                eint3_enable_port0
 .text._ZN5Uart3D2Ev
                0x00000000000118b0       0x14 obj//home/marc/SJSU-Dev-New/firmware/lib/L2_Drivers/src/uart3.o
                0x00000000000118b0                Uart3::~Uart3()
                0x00000000000118b0                Uart3::~Uart3()
 .text._ZN5Uart3D0Ev
                0x00000000000118c4       0x14 obj//home/marc/SJSU-Dev-New/firmware/lib/L2_Drivers/src/uart3.o
                0x00000000000118c4                Uart3::~Uart3()
 .text._ZN5Uart3C2Ev
                0x00000000000118d8       0x1c obj//home/marc/SJSU-Dev-New/firmware/lib/L2_Drivers/src/uart3.o
                0x00000000000118d8                Uart3::Uart3()
                0x00000000000118d8                Uart3::Uart3()
 .text.UART3_IRQHandler
                0x00000000000118f4       0x24 obj//home/marc/SJSU-Dev-New/firmware/lib/L2_Drivers/src/uart3.o
                0x00000000000118f4                UART3_IRQHandler
 .text.rtc_gettime
                0x0000000000011918       0x48 obj//home/marc/SJSU-Dev-New/firmware/lib/L2_Drivers/src/rtc.o
                0x0000000000011918                rtc_gettime
 .text.rtc_settime
                0x0000000000011960       0x68 obj//home/marc/SJSU-Dev-New/firmware/lib/L2_Drivers/src/rtc.o
                0x0000000000011960                rtc_settime
 .text.rtc_init
                0x00000000000119c8       0xd0 obj//home/marc/SJSU-Dev-New/firmware/lib/L2_Drivers/src/rtc.o
                0x00000000000119c8                rtc_init
 .text.rtc_get_date_time_str
                0x0000000000011a98       0x14 obj//home/marc/SJSU-Dev-New/firmware/lib/L2_Drivers/src/rtc.o
                0x0000000000011a98                rtc_get_date_time_str
 .text._ZN4I2C24initEj
                0x0000000000011aac       0x6c obj//home/marc/SJSU-Dev-New/firmware/lib/L2_Drivers/src/i2c2.o
                0x0000000000011aac                I2C2::init(unsigned int)
 .text._ZN4I2C2C2Ev
                0x0000000000011b18       0x14 obj//home/marc/SJSU-Dev-New/firmware/lib/L2_Drivers/src/i2c2.o
                0x0000000000011b18                I2C2::I2C2()
                0x0000000000011b18                I2C2::I2C2()
 .text.I2C2_IRQHandler
                0x0000000000011b2c       0x28 obj//home/marc/SJSU-Dev-New/firmware/lib/L2_Drivers/src/i2c2.o
                0x0000000000011b2c                I2C2_IRQHandler
 .text._ZN12NordicStream5flushEv
                0x0000000000011b54       0x5c obj//home/marc/SJSU-Dev-New/firmware/lib/L2_Drivers/src/nrf_stream.o
                0x0000000000011b54                NordicStream::flush()
 .text._ZN12NordicStreamD2Ev
                0x0000000000011bb0       0x14 obj//home/marc/SJSU-Dev-New/firmware/lib/L2_Drivers/src/nrf_stream.o
                0x0000000000011bb0                NordicStream::~NordicStream()
                0x0000000000011bb0                NordicStream::~NordicStream()
 .text._ZN12NordicStreamD0Ev
                0x0000000000011bc4       0x14 obj//home/marc/SJSU-Dev-New/firmware/lib/L2_Drivers/src/nrf_stream.o
                0x0000000000011bc4                NordicStream::~NordicStream()
 .text._ZN12NordicStream7putCharEcj
                0x0000000000011bd8       0x22 obj//home/marc/SJSU-Dev-New/firmware/lib/L2_Drivers/src/nrf_stream.o
                0x0000000000011bd8                NordicStream::putChar(char, unsigned int)
 .text._ZN12NordicStream7getCharEPcj
                0x0000000000011bfa       0x44 obj//home/marc/SJSU-Dev-New/firmware/lib/L2_Drivers/src/nrf_stream.o
                0x0000000000011bfa                NordicStream::getChar(char*, unsigned int)
 *fill*         0x0000000000011c3e        0x2 ff
 .text._ZN12NordicStreamC2Ev
                0x0000000000011c40       0x40 obj//home/marc/SJSU-Dev-New/firmware/lib/L2_Drivers/src/nrf_stream.o
                0x0000000000011c40                NordicStream::NordicStream()
                0x0000000000011c40                NordicStream::NordicStream()
 .text._ZN5Uart0D2Ev
                0x0000000000011c80       0x14 obj//home/marc/SJSU-Dev-New/firmware/lib/L2_Drivers/src/uart0.o
                0x0000000000011c80                Uart0::~Uart0()
                0x0000000000011c80                Uart0::~Uart0()
 .text._ZN5Uart0D0Ev
                0x0000000000011c94       0x14 obj//home/marc/SJSU-Dev-New/firmware/lib/L2_Drivers/src/uart0.o
                0x0000000000011c94                Uart0::~Uart0()
 .text._ZN5Uart04initEjii
                0x0000000000011ca8       0x40 obj//home/marc/SJSU-Dev-New/firmware/lib/L2_Drivers/src/uart0.o
                0x0000000000011ca8                Uart0::init(unsigned int, int, int)
 .text._ZN5Uart0C2Ev
                0x0000000000011ce8       0x1c obj//home/marc/SJSU-Dev-New/firmware/lib/L2_Drivers/src/uart0.o
                0x0000000000011ce8                Uart0::Uart0()
                0x0000000000011ce8                Uart0::Uart0()
 .text.UART0_IRQHandler
                0x0000000000011d04       0x24 obj//home/marc/SJSU-Dev-New/firmware/lib/L2_Drivers/src/uart0.o
                0x0000000000011d04                UART0_IRQHandler
 .text.ssp1_dma_init
                0x0000000000011d28       0x1c obj//home/marc/SJSU-Dev-New/firmware/lib/L2_Drivers/src/spi_dma.o
                0x0000000000011d28                ssp1_dma_init
 .text.ssp1_dma_transfer_block
                0x0000000000011d44       0xc0 obj//home/marc/SJSU-Dev-New/firmware/lib/L2_Drivers/src/spi_dma.o
                0x0000000000011d44                ssp1_dma_transfer_block
 .text.adc0_start_conversion
                0x0000000000011e04       0x24 obj//home/marc/SJSU-Dev-New/firmware/lib/L2_Drivers/src/adc.o
 .text.ADC_IRQHandler
                0x0000000000011e28       0x48 obj//home/marc/SJSU-Dev-New/firmware/lib/L2_Drivers/src/adc.o
                0x0000000000011e28                ADC_IRQHandler
 .text.adc0_init
                0x0000000000011e70       0x74 obj//home/marc/SJSU-Dev-New/firmware/lib/L2_Drivers/src/adc.o
                0x0000000000011e70                adc0_init
 .text.adc0_get_reading
                0x0000000000011ee4       0x74 obj//home/marc/SJSU-Dev-New/firmware/lib/L2_Drivers/src/adc.o
                0x0000000000011ee4                adc0_get_reading
 .text.CAN_tx_now
                0x0000000000011f58       0x32 obj//home/marc/SJSU-Dev-New/firmware/lib/L2_Drivers/src/can.o
 *fill*         0x0000000000011f8a        0x2 ff
 .text.CAN_handle_isr
                0x0000000000011f8c       0xa4 obj//home/marc/SJSU-Dev-New/firmware/lib/L2_Drivers/src/can.o
 .text.CAN_IRQHandler
                0x0000000000012030       0x28 obj//home/marc/SJSU-Dev-New/firmware/lib/L2_Drivers/src/can.o
                0x0000000000012030                CAN_IRQHandler
 .text._ZN5Uart2D2Ev
                0x0000000000012058       0x14 obj//home/marc/SJSU-Dev-New/firmware/lib/L2_Drivers/src/uart2.o
                0x0000000000012058                Uart2::~Uart2()
                0x0000000000012058                Uart2::~Uart2()
 .text._ZN5Uart2D0Ev
                0x000000000001206c       0x14 obj//home/marc/SJSU-Dev-New/firmware/lib/L2_Drivers/src/uart2.o
                0x000000000001206c                Uart2::~Uart2()
 .text._ZN5Uart2C2Ev
                0x0000000000012080       0x1c obj//home/marc/SJSU-Dev-New/firmware/lib/L2_Drivers/src/uart2.o
                0x0000000000012080                Uart2::Uart2()
                0x0000000000012080                Uart2::Uart2()
 .text.UART2_IRQHandler
                0x000000000001209c       0x24 obj//home/marc/SJSU-Dev-New/firmware/lib/L2_Drivers/src/uart2.o
                0x000000000001209c                UART2_IRQHandler
 .text._ZN8I2C_Base8transferEhPhmS0_m
                0x00000000000120c0      0x108 obj//home/marc/SJSU-Dev-New/firmware/lib/L2_Drivers/base/i2c_base.o
                0x00000000000120c0                I2C_Base::transfer(unsigned char, unsigned char*, unsigned long, unsigned char*, unsigned long)
 .text._ZN8I2C_Base21writeRegisterThenReadEhPhmS0_m
                0x00000000000121c8        0xc obj//home/marc/SJSU-Dev-New/firmware/lib/L2_Drivers/base/i2c_base.o
                0x00000000000121c8                I2C_Base::writeRegisterThenRead(unsigned char, unsigned char*, unsigned long, unsigned char*, unsigned long)
 .text._ZN8I2C_Base7readRegEhh
                0x00000000000121d4       0x28 obj//home/marc/SJSU-Dev-New/firmware/lib/L2_Drivers/base/i2c_base.o
                0x00000000000121d4                I2C_Base::readReg(unsigned char, unsigned char)
 .text._ZN8I2C_Base13readRegistersEhhPhm
                0x00000000000121fc       0x1a obj//home/marc/SJSU-Dev-New/firmware/lib/L2_Drivers/base/i2c_base.o
                0x00000000000121fc                I2C_Base::readRegisters(unsigned char, unsigned char, unsigned char*, unsigned long)
 .text._ZN8I2C_Base14writeRegistersEhPhm
                0x0000000000012216       0x14 obj//home/marc/SJSU-Dev-New/firmware/lib/L2_Drivers/base/i2c_base.o
                0x0000000000012216                I2C_Base::writeRegisters(unsigned char, unsigned char*, unsigned long)
 .text._ZN8I2C_Base8writeRegEhhh
                0x000000000001222a       0x18 obj//home/marc/SJSU-Dev-New/firmware/lib/L2_Drivers/base/i2c_base.o
                0x000000000001222a                I2C_Base::writeReg(unsigned char, unsigned char, unsigned char)
 .text._ZN8I2C_Base13readRegistersEhPhm
                0x0000000000012242       0x18 obj//home/marc/SJSU-Dev-New/firmware/lib/L2_Drivers/base/i2c_base.o
                0x0000000000012242                I2C_Base::readRegisters(unsigned char, unsigned char*, unsigned long)
 .text._ZN8I2C_Base19checkDeviceResponseEh
                0x000000000001225a       0x14 obj//home/marc/SJSU-Dev-New/firmware/lib/L2_Drivers/base/i2c_base.o
                0x000000000001225a                I2C_Base::checkDeviceResponse(unsigned char)
 *fill*         0x000000000001226e        0x2 ff
 .text._ZN8I2C_BaseC2EP15LPC_I2C_TypeDef
                0x0000000000012270       0x5c obj//home/marc/SJSU-Dev-New/firmware/lib/L2_Drivers/base/i2c_base.o
                0x0000000000012270                I2C_Base::I2C_Base(LPC_I2C_TypeDef*)
                0x0000000000012270                I2C_Base::I2C_Base(LPC_I2C_TypeDef*)
 .text._ZN8I2C_Base4initEmm
                0x00000000000122cc       0x94 obj//home/marc/SJSU-Dev-New/firmware/lib/L2_Drivers/base/i2c_base.o
                0x00000000000122cc                I2C_Base::init(unsigned long, unsigned long)
 .text._ZN8I2C_Base7setStopEv
                0x0000000000012360       0x28 obj//home/marc/SJSU-Dev-New/firmware/lib/L2_Drivers/base/i2c_base.o
                0x0000000000012360                I2C_Base::setStop()
 .text._ZN8I2C_Base15i2cStateMachineEv
                0x0000000000012388      0x10a obj//home/marc/SJSU-Dev-New/firmware/lib/L2_Drivers/base/i2c_base.o
                0x0000000000012388                I2C_Base::i2cStateMachine()
 *fill*         0x0000000000012492        0x2 ff
 .text._ZN8I2C_Base15handleInterruptEv
                0x0000000000012494       0x38 obj//home/marc/SJSU-Dev-New/firmware/lib/L2_Drivers/base/i2c_base.o
                0x0000000000012494                I2C_Base::handleInterrupt()
 .text._ZN7CharDev5flushEv
                0x00000000000124cc        0x4 obj//home/marc/SJSU-Dev-New/firmware/lib/L2_Drivers/base/char_dev.o
                0x00000000000124cc                CharDev::flush()
 .text._ZN7CharDev3putEPKcj
                0x00000000000124d0       0x28 obj//home/marc/SJSU-Dev-New/firmware/lib/L2_Drivers/base/char_dev.o
                0x00000000000124d0                CharDev::put(char const*, unsigned int)
 .text._ZN7CharDev7putlineEPKcj
                0x00000000000124f8       0x1c obj//home/marc/SJSU-Dev-New/firmware/lib/L2_Drivers/base/char_dev.o
                0x00000000000124f8                CharDev::putline(char const*, unsigned int)
 .text._ZN7CharDev4getsEPcij
                0x0000000000012514       0x50 obj//home/marc/SJSU-Dev-New/firmware/lib/L2_Drivers/base/char_dev.o
                0x0000000000012514                CharDev::gets(char*, int, unsigned int)
 .text._ZN7CharDev6printfEPKcz
                0x0000000000012564       0x78 obj//home/marc/SJSU-Dev-New/firmware/lib/L2_Drivers/base/char_dev.o
                0x0000000000012564                CharDev::printf(char const*, ...)
 .text._ZN7CharDevC2Ev
                0x00000000000125dc       0x20 obj//home/marc/SJSU-Dev-New/firmware/lib/L2_Drivers/base/char_dev.o
                0x00000000000125dc                CharDev::CharDev()
                0x00000000000125dc                CharDev::CharDev()
 .text._ZN7CharDevD2Ev
                0x00000000000125fc       0x18 obj//home/marc/SJSU-Dev-New/firmware/lib/L2_Drivers/base/char_dev.o
                0x00000000000125fc                CharDev::~CharDev()
                0x00000000000125fc                CharDev::~CharDev()
 .text._ZN7UartDev7putCharEcj
                0x0000000000012614       0x5c obj//home/marc/SJSU-Dev-New/firmware/lib/L2_Drivers/base/uart_dev.o
                0x0000000000012614                UartDev::putChar(char, unsigned int)
 .text._ZN7UartDevD2Ev
                0x0000000000012670       0x14 obj//home/marc/SJSU-Dev-New/firmware/lib/L2_Drivers/base/uart_dev.o
                0x0000000000012670                UartDev::~UartDev()
                0x0000000000012670                UartDev::~UartDev()
 .text._ZN7UartDevD0Ev
                0x0000000000012684       0x14 obj//home/marc/SJSU-Dev-New/firmware/lib/L2_Drivers/base/uart_dev.o
                0x0000000000012684                UartDev::~UartDev()
 .text._ZN7UartDev5flushEv
                0x0000000000012698       0x20 obj//home/marc/SJSU-Dev-New/firmware/lib/L2_Drivers/base/uart_dev.o
                0x0000000000012698                UartDev::flush()
 .text._ZN7UartDev7getCharEPcj
                0x00000000000126b8       0x6c obj//home/marc/SJSU-Dev-New/firmware/lib/L2_Drivers/base/uart_dev.o
                0x00000000000126b8                UartDev::getChar(char*, unsigned int)
 .text._ZN7UartDev11setBaudRateEj
                0x0000000000012724       0x34 obj//home/marc/SJSU-Dev-New/firmware/lib/L2_Drivers/base/uart_dev.o
                0x0000000000012724                UartDev::setBaudRate(unsigned int)
 .text._ZN7UartDev15handleInterruptEv
                0x0000000000012758       0xc0 obj//home/marc/SJSU-Dev-New/firmware/lib/L2_Drivers/base/uart_dev.o
                0x0000000000012758                UartDev::handleInterrupt()
 .text._ZN7UartDevC2EPj
                0x0000000000012818       0x28 obj//home/marc/SJSU-Dev-New/firmware/lib/L2_Drivers/base/uart_dev.o
                0x0000000000012818                UartDev::UartDev(unsigned int*)
                0x0000000000012818                UartDev::UartDev(unsigned int*)
 .text._ZN7UartDev4initEjjii
                0x0000000000012840       0xac obj//home/marc/SJSU-Dev-New/firmware/lib/L2_Drivers/base/uart_dev.o
                0x0000000000012840                UartDev::init(unsigned int, unsigned int, int, int)
 .text.__malloc_lock
                0x00000000000128ec        0x4 obj//home/marc/SJSU-Dev-New/firmware/lib/newlib/malloc_lock.o
                0x00000000000128ec                __malloc_lock
 .text.__malloc_unlock
                0x00000000000128f0        0x4 obj//home/marc/SJSU-Dev-New/firmware/lib/newlib/malloc_lock.o
                0x00000000000128f0                __malloc_unlock
 .text._sbrk    0x00000000000128f4       0x6c obj//home/marc/SJSU-Dev-New/firmware/lib/newlib/memory.o
                0x00000000000128f4                _sbrk
 .text._Znwj    0x0000000000012960        0x4 obj//home/marc/SJSU-Dev-New/firmware/lib/newlib/memory.o
                0x0000000000012960                operator new(unsigned int)
 .text._Znaj    0x0000000000012964        0x4 obj//home/marc/SJSU-Dev-New/firmware/lib/newlib/memory.o
                0x0000000000012964                operator new[](unsigned int)
 .text._ZdlPv   0x0000000000012968        0x4 obj//home/marc/SJSU-Dev-New/firmware/lib/newlib/memory.o
                0x0000000000012968                operator delete(void*)
 .text._ZdaPv   0x000000000001296c        0x4 obj//home/marc/SJSU-Dev-New/firmware/lib/newlib/memory.o
                0x000000000001296c                operator delete[](void*)
 .text.sys_get_mem_info
                0x0000000000012970       0xb4 obj//home/marc/SJSU-Dev-New/firmware/lib/newlib/memory.o
                0x0000000000012970                sys_get_mem_info
 .text.remap_fatfs_errors
                0x0000000000012a24       0x56 obj//home/marc/SJSU-Dev-New/firmware/lib/newlib/newlib_syscalls.o
 *fill*         0x0000000000012a7a        0x2 ff
 .text.findslot
                0x0000000000012a7c       0x4c obj//home/marc/SJSU-Dev-New/firmware/lib/newlib/newlib_syscalls.o
 .text.remap_handle
                0x0000000000012ac8       0x28 obj//home/marc/SJSU-Dev-New/firmware/lib/newlib/newlib_syscalls.o
 .text.sys_set_outchar_func
                0x0000000000012af0        0xc obj//home/marc/SJSU-Dev-New/firmware/lib/newlib/newlib_syscalls.o
                0x0000000000012af0                sys_set_outchar_func
 .text.sys_set_inchar_func
                0x0000000000012afc        0xc obj//home/marc/SJSU-Dev-New/firmware/lib/newlib/newlib_syscalls.o
                0x0000000000012afc                sys_set_inchar_func
 .text._kill    0x0000000000012b08       0x10 obj//home/marc/SJSU-Dev-New/firmware/lib/newlib/newlib_syscalls.o
                0x0000000000012b08                _kill
 .text._exit    0x0000000000012b18       0x10 obj//home/marc/SJSU-Dev-New/firmware/lib/newlib/newlib_syscalls.o
                0x0000000000012b18                _exit
 .text._getpid  0x0000000000012b28        0x4 obj//home/marc/SJSU-Dev-New/firmware/lib/newlib/newlib_syscalls.o
                0x0000000000012b28                _getpid
 .text._init    0x0000000000012b2c        0x4 obj//home/marc/SJSU-Dev-New/firmware/lib/newlib/newlib_syscalls.o
                0x0000000000012b2c                _init
 .text.syscalls_init
                0x0000000000012b30       0x34 obj//home/marc/SJSU-Dev-New/firmware/lib/newlib/newlib_syscalls.o
                0x0000000000012b30                syscalls_init
 .text._read    0x0000000000012b64       0x9c obj//home/marc/SJSU-Dev-New/firmware/lib/newlib/newlib_syscalls.o
                0x0000000000012b64                _read
 .text._lseek   0x0000000000012c00       0x60 obj//home/marc/SJSU-Dev-New/firmware/lib/newlib/newlib_syscalls.o
                0x0000000000012c00                _lseek
 .text._write   0x0000000000012c60       0xa4 obj//home/marc/SJSU-Dev-New/firmware/lib/newlib/newlib_syscalls.o
                0x0000000000012c60                _write
 .text._open    0x0000000000012d04      0x14c obj//home/marc/SJSU-Dev-New/firmware/lib/newlib/newlib_syscalls.o
                0x0000000000012d04                _open
 .text._close   0x0000000000012e50       0x54 obj//home/marc/SJSU-Dev-New/firmware/lib/newlib/newlib_syscalls.o
                0x0000000000012e50                _close
 .text._fstat   0x0000000000012ea4       0x10 obj//home/marc/SJSU-Dev-New/firmware/lib/newlib/newlib_syscalls.o
                0x0000000000012ea4                _fstat
 .text._isatty  0x0000000000012eb4       0x24 obj//home/marc/SJSU-Dev-New/firmware/lib/newlib/newlib_syscalls.o
                0x0000000000012eb4                _isatty
 .text._gettimeofday
                0x0000000000012ed8       0x7a obj//home/marc/SJSU-Dev-New/firmware/lib/newlib/newlib_time.o
                0x0000000000012ed8                _gettimeofday
 .text._ZN14scheduler_task9taskEntryEv
                0x0000000000012f52        0x4 obj//home/marc/SJSU-Dev-New/firmware/lib/L5_HighLevel/periodic_scheduler/prd_dispatcher.o
                0x0000000000012f52                scheduler_task::taskEntry()
 .text._ZN14scheduler_task4initEv
                0x0000000000012f56        0x4 obj//home/marc/SJSU-Dev-New/firmware/lib/L5_HighLevel/examples/examples.o
                0x0000000000012f56                scheduler_task::init()
 .text._ZN14scheduler_task6regTlmEv
                0x0000000000012f5a        0x4 obj//home/marc/SJSU-Dev-New/firmware/lib/L5_HighLevel/examples/examples.o
                0x0000000000012f5a                scheduler_task::regTlm()
 *fill*         0x0000000000012f5e        0x2 ff
 .text._ZN17SingletonTemplateI4I2C2E11getInstanceEv
                0x0000000000012f60       0x20 obj//home/marc/SJSU-Dev-New/firmware/lib/L5_HighLevel/examples/examples.o
                0x0000000000012f60                SingletonTemplate<I2C2>::getInstance()
 .text._ZN17SingletonTemplateI17TemperatureSensorE11getInstanceEv
                0x0000000000012f80       0x28 obj//home/marc/SJSU-Dev-New/firmware/lib/L5_HighLevel/examples/examples.o
                0x0000000000012f80                SingletonTemplate<TemperatureSensor>::getInstance()
 .text._ZN17SingletonTemplateI11LED_DisplayE11getInstanceEv
                0x0000000000012fa8       0x24 obj//home/marc/SJSU-Dev-New/firmware/lib/L5_HighLevel/examples/examples.o
                0x0000000000012fa8                SingletonTemplate<LED_Display>::getInstance()
 .text._ZN17SingletonTemplateI12Light_SensorE11getInstanceEv
                0x0000000000012fcc       0x18 obj//home/marc/SJSU-Dev-New/firmware/lib/L5_HighLevel/examples/examples.o
                0x0000000000012fcc                SingletonTemplate<Light_Sensor>::getInstance()
 .text._ZN17SingletonTemplateI3LEDE11getInstanceEv
                0x0000000000012fe4       0x1c obj//home/marc/SJSU-Dev-New/firmware/lib/L5_HighLevel/examples/examples.o
                0x0000000000012fe4                SingletonTemplate<LED>::getInstance()
 .text._ZL13hl_print_linev
                0x0000000000013000        0xc obj//home/marc/SJSU-Dev-New/firmware/lib/L5_HighLevel/source/high_level_init.o
 .text.ssp_set_max_clock
                0x000000000001300c       0x2c obj//home/marc/SJSU-Dev-New/firmware/lib/L5_HighLevel/source/high_level_init.o
 .text._ZL16hl_mount_storageR16FileSystemObjectPKc
                0x0000000000013038       0x90 obj//home/marc/SJSU-Dev-New/firmware/lib/L5_HighLevel/source/high_level_init.o
 .text._ZN7Storage13getFlashDriveEv
                0x00000000000130c8       0x4c obj//home/marc/SJSU-Dev-New/firmware/lib/L5_HighLevel/source/high_level_init.o
                0x00000000000130c8                Storage::getFlashDrive()
 .text._ZN17SingletonTemplateI8SwitchesE11getInstanceEv
                0x0000000000013114       0x18 obj//home/marc/SJSU-Dev-New/firmware/lib/L5_HighLevel/source/high_level_init.o
                0x0000000000013114                SingletonTemplate<Switches>::getInstance()
 .text._Z15high_level_initv
                0x000000000001312c      0x560 obj//home/marc/SJSU-Dev-New/firmware/lib/L5_HighLevel/source/high_level_init.o
                0x000000000001312c                high_level_init()
 .text._Z16flashProgHandlerR3strR7CharDevPv
                0x000000000001368c       0xb4 obj//home/marc/SJSU-Dev-New/firmware/lib/L5_HighLevel/source/cmd_handlers/prog_handlers.o
                0x000000000001368c                flashProgHandler(str&, CharDev&, void*)
 .text._Z14getFileHandlerR3strR7CharDevPv
                0x0000000000013740      0x138 obj//home/marc/SJSU-Dev-New/firmware/lib/L5_HighLevel/source/cmd_handlers/prog_handlers.o
                0x0000000000013740                getFileHandler(str&, CharDev&, void*)
 .text._ZL25wirelessHandlerPrintStatsR7CharDevP12mesh_stats_th
                0x0000000000013878       0x3c obj//home/marc/SJSU-Dev-New/firmware/lib/L5_HighLevel/source/cmd_handlers/wireless_handlers.o
 .text._ZL14wsStatsHandlerR3strR7CharDevPv
                0x00000000000138b4       0x1e obj//home/marc/SJSU-Dev-New/firmware/lib/L5_HighLevel/source/cmd_handlers/wireless_handlers.o
 *fill*         0x00000000000138d2        0x2 ff
 .text._ZL11wsTxHandlerR3strR7CharDevPv
                0x00000000000138d4      0x114 obj//home/marc/SJSU-Dev-New/firmware/lib/L5_HighLevel/source/cmd_handlers/wireless_handlers.o
 .text._ZL13wsAddrHandlerR3strR7CharDevPv
                0x00000000000139e8       0x34 obj//home/marc/SJSU-Dev-New/firmware/lib/L5_HighLevel/source/cmd_handlers/wireless_handlers.o
 .text._Z12wsRteHandlerR3strR7CharDevPv
                0x0000000000013a1c       0x74 obj//home/marc/SJSU-Dev-New/firmware/lib/L5_HighLevel/source/cmd_handlers/wireless_handlers.o
                0x0000000000013a1c                wsRteHandler(str&, CharDev&, void*)
 .text._ZL11wsRxHandlerR3strR7CharDevPv
                0x0000000000013a90       0x84 obj//home/marc/SJSU-Dev-New/firmware/lib/L5_HighLevel/source/cmd_handlers/wireless_handlers.o
 .text._Z15wirelessHandlerR3strR7CharDevPv
                0x0000000000013b14      0x160 obj//home/marc/SJSU-Dev-New/firmware/lib/L5_HighLevel/source/cmd_handlers/wireless_handlers.o
                0x0000000000013b14                wirelessHandler(str&, CharDev&, void*)
 .text._ZN17SingletonTemplateI12NordicStreamE11getInstanceEv
                0x0000000000013c74       0x20 obj//home/marc/SJSU-Dev-New/firmware/lib/L5_HighLevel/source/cmd_handlers/wireless_handlers.o
                0x0000000000013c74                SingletonTemplate<NordicStream>::getInstance()
 .text._ZL15wsFileTxHandlerR3strR7CharDevPv
                0x0000000000013c94      0x22c obj//home/marc/SJSU-Dev-New/firmware/lib/L5_HighLevel/source/cmd_handlers/wireless_handlers.o
 .text._ZL15wsStreamHandlerR3strR7CharDevPv
                0x0000000000013ec0      0x120 obj//home/marc/SJSU-Dev-New/firmware/lib/L5_HighLevel/source/cmd_handlers/wireless_handlers.o
 .text._ZL10stream_tlmPKcPv
                0x0000000000013fe0       0x1c obj//home/marc/SJSU-Dev-New/firmware/lib/L5_HighLevel/source/cmd_handlers/handlers.o
 .text._ZN7Storage10getSDDriveEv
                0x0000000000013ffc       0x4c obj//home/marc/SJSU-Dev-New/firmware/lib/L5_HighLevel/source/cmd_handlers/handlers.o
                0x0000000000013ffc                Storage::getSDDrive()
 .text._Z15taskListHandlerR3strR7CharDevPv
                0x0000000000014048       0xe8 obj//home/marc/SJSU-Dev-New/firmware/lib/L5_HighLevel/source/cmd_handlers/handlers.o
                0x0000000000014048                taskListHandler(str&, CharDev&, void*)
 .text._Z14memInfoHandlerR3strR7CharDevPv
                0x0000000000014130       0x22 obj//home/marc/SJSU-Dev-New/firmware/lib/L5_HighLevel/source/cmd_handlers/handlers.o
                0x0000000000014130                memInfoHandler(str&, CharDev&, void*)
 *fill*         0x0000000000014152        0x2 ff
 .text._Z11timeHandlerR3strR7CharDevPv
                0x0000000000014154       0xc4 obj//home/marc/SJSU-Dev-New/firmware/lib/L5_HighLevel/source/cmd_handlers/handlers.o
                0x0000000000014154                timeHandler(str&, CharDev&, void*)
 .text._Z10logHandlerR3strR7CharDevPv
                0x0000000000014218      0x198 obj//home/marc/SJSU-Dev-New/firmware/lib/L5_HighLevel/source/cmd_handlers/handlers.o
                0x0000000000014218                logHandler(str&, CharDev&, void*)
 .text._Z9cpHandlerR3strR7CharDevPv
                0x00000000000143b0       0x80 obj//home/marc/SJSU-Dev-New/firmware/lib/L5_HighLevel/source/cmd_handlers/handlers.o
                0x00000000000143b0                cpHandler(str&, CharDev&, void*)
 .text._Z10catHandlerR3strR7CharDevPv
                0x0000000000014430      0x100 obj//home/marc/SJSU-Dev-New/firmware/lib/L5_HighLevel/source/cmd_handlers/handlers.o
                0x0000000000014430                catHandler(str&, CharDev&, void*)
 .text._Z9lsHandlerR3strR7CharDevPv
                0x0000000000014530      0x184 obj//home/marc/SJSU-Dev-New/firmware/lib/L5_HighLevel/source/cmd_handlers/handlers.o
                0x0000000000014530                lsHandler(str&, CharDev&, void*)
 .text._Z12mkdirHandlerR3strR7CharDevPv
                0x00000000000146b4       0x3c obj//home/marc/SJSU-Dev-New/firmware/lib/L5_HighLevel/source/cmd_handlers/handlers.o
                0x00000000000146b4                mkdirHandler(str&, CharDev&, void*)
 .text._Z9rmHandlerR3strR7CharDevPv
                0x00000000000146f0       0x3c obj//home/marc/SJSU-Dev-New/firmware/lib/L5_HighLevel/source/cmd_handlers/handlers.o
                0x00000000000146f0                rmHandler(str&, CharDev&, void*)
 .text._Z9mvHandlerR3strR7CharDevPv
                0x000000000001472c       0x5c obj//home/marc/SJSU-Dev-New/firmware/lib/L5_HighLevel/source/cmd_handlers/handlers.o
                0x000000000001472c                mvHandler(str&, CharDev&, void*)
 .text._Z14newFileHandlerR3strR7CharDevPv
                0x0000000000014788       0xb8 obj//home/marc/SJSU-Dev-New/firmware/lib/L5_HighLevel/source/cmd_handlers/handlers.o
                0x0000000000014788                newFileHandler(str&, CharDev&, void*)
 .text._Z10dcpHandlerR3strR7CharDevPv
                0x0000000000014840      0x13c obj//home/marc/SJSU-Dev-New/firmware/lib/L5_HighLevel/source/cmd_handlers/handlers.o
                0x0000000000014840                dcpHandler(str&, CharDev&, void*)
 .text._Z14storageHandlerR3strR7CharDevPv
                0x000000000001497c       0xbc obj//home/marc/SJSU-Dev-New/firmware/lib/L5_HighLevel/source/cmd_handlers/handlers.o
                0x000000000001497c                storageHandler(str&, CharDev&, void*)
 .text._Z13rebootHandlerR3strR7CharDevPv
                0x0000000000014a38       0x30 obj//home/marc/SJSU-Dev-New/firmware/lib/L5_HighLevel/source/cmd_handlers/handlers.o
                0x0000000000014a38                rebootHandler(str&, CharDev&, void*)
 .text._Z16telemetryHandlerR3strR7CharDevPv
                0x0000000000014a68      0x144 obj//home/marc/SJSU-Dev-New/firmware/lib/L5_HighLevel/source/cmd_handlers/handlers.o
                0x0000000000014a68                telemetryHandler(str&, CharDev&, void*)
 .text._Z14learnIrHandlerR3strR7CharDevPv
                0x0000000000014bac       0x38 obj//home/marc/SJSU-Dev-New/firmware/lib/L5_HighLevel/source/cmd_handlers/handlers.o
                0x0000000000014bac                learnIrHandler(str&, CharDev&, void*)
 .text._Z13healthHandlerR3strR7CharDevPv
                0x0000000000014be4      0x1a8 obj//home/marc/SJSU-Dev-New/firmware/lib/L5_HighLevel/source/cmd_handlers/handlers.o
                0x0000000000014be4                healthHandler(str&, CharDev&, void*)
 .text._Z12i2cIoHandlerR3strR7CharDevPv
                0x0000000000014d8c      0x1a0 obj//home/marc/SJSU-Dev-New/firmware/lib/L5_HighLevel/source/cmd_handlers/handlers.o
                0x0000000000014d8c                i2cIoHandler(str&, CharDev&, void*)
 .text._ZN12terminalTaskD2Ev
                0x0000000000014f2c       0x4c obj//home/marc/SJSU-Dev-New/firmware/lib/L5_HighLevel/source/terminal.o
                0x0000000000014f2c                terminalTask::~terminalTask()
                0x0000000000014f2c                terminalTask::~terminalTask()
 .text._ZN12terminalTaskD0Ev
                0x0000000000014f78       0x14 obj//home/marc/SJSU-Dev-New/firmware/lib/L5_HighLevel/source/terminal.o
                0x0000000000014f78                terminalTask::~terminalTask()
 .text._ZN12terminalTask6regTlmEv
                0x0000000000014f8c       0x48 obj//home/marc/SJSU-Dev-New/firmware/lib/L5_HighLevel/source/terminal.o
                0x0000000000014f8c                terminalTask::regTlm()
 .text._ZN6VECTORIN12terminalTask9cmdChan_tEE14changeCapacityEj.part.5
                0x0000000000014fd4       0x40 obj//home/marc/SJSU-Dev-New/firmware/lib/L5_HighLevel/source/terminal.o
 .text._ZN12terminalTaskC2Eh
                0x0000000000015014       0xb0 obj//home/marc/SJSU-Dev-New/firmware/lib/L5_HighLevel/source/terminal.o
                0x0000000000015014                terminalTask::terminalTask(unsigned char)
                0x0000000000015014                terminalTask::terminalTask(unsigned char)
 .text._ZN12terminalTask11saveDiskTlmEv
                0x00000000000150c4       0x84 obj//home/marc/SJSU-Dev-New/firmware/lib/L5_HighLevel/source/terminal.o
                0x00000000000150c4                terminalTask::saveDiskTlm()
 .text._ZN12terminalTask22handleEchoAndBackspaceEPNS_9cmdChan_tEc
                0x0000000000015148       0x70 obj//home/marc/SJSU-Dev-New/firmware/lib/L5_HighLevel/source/terminal.o
                0x0000000000015148                terminalTask::handleEchoAndBackspace(terminalTask::cmdChan_t*, char)
 .text._ZN12terminalTask17addCommandChannelEP7CharDevb
                0x00000000000151b8       0x40 obj//home/marc/SJSU-Dev-New/firmware/lib/L5_HighLevel/source/terminal.o
                0x00000000000151b8                terminalTask::addCommandChannel(CharDev*, bool)
 .text._ZN12terminalTask10getCommandEv
                0x00000000000151f8      0x124 obj//home/marc/SJSU-Dev-New/firmware/lib/L5_HighLevel/source/terminal.o
                0x00000000000151f8                terminalTask::getCommand()
 .text._ZN12terminalTask3runEPv
                0x000000000001531c       0xb0 obj//home/marc/SJSU-Dev-New/firmware/lib/L5_HighLevel/source/terminal.o
                0x000000000001531c                terminalTask::run(void*)
 .text._ZN17SingletonTemplateI5Uart0E11getInstanceEv
                0x00000000000153cc       0x20 obj//home/marc/SJSU-Dev-New/firmware/lib/L5_HighLevel/source/terminal.o
                0x00000000000153cc                SingletonTemplate<Uart0>::getInstance()
 .text._ZN5Uart017putcharIntrDrivenEc
                0x00000000000153ec       0x18 obj//home/marc/SJSU-Dev-New/firmware/lib/L5_HighLevel/source/terminal.o
                0x00000000000153ec                Uart0::putcharIntrDriven(char)
 .text._ZN5Uart017getcharIntrDrivenEc
                0x0000000000015404       0x22 obj//home/marc/SJSU-Dev-New/firmware/lib/L5_HighLevel/source/terminal.o
                0x0000000000015404                Uart0::getcharIntrDriven(char)
 *fill*         0x0000000000015426        0x2 ff
 .text._ZN12terminalTask9taskEntryEv
                0x0000000000015428      0x2bc obj//home/marc/SJSU-Dev-New/firmware/lib/L5_HighLevel/source/terminal.o
                0x0000000000015428                terminalTask::taskEntry()
 .text._ZN17SingletonTemplateI9IR_SensorE11getInstanceEv
                0x00000000000156e4       0x18 obj//home/marc/SJSU-Dev-New/firmware/lib/L5_HighLevel/source/remote.o
                0x00000000000156e4                SingletonTemplate<IR_Sensor>::getInstance()
 .text._ZN11i2c2_device8writeRegEhh
                0x00000000000156fc        0xc obj//home/marc/SJSU-Dev-New/firmware/lib/L4_IO/src/io_source.o
                0x00000000000156fc                i2c2_device::writeReg(unsigned char, unsigned char)
 .text._ZN11i2c2_device16get16BitRegisterEh
                0x0000000000015708       0x2a obj//home/marc/SJSU-Dev-New/firmware/lib/L4_IO/src/io_source.o
                0x0000000000015708                i2c2_device::get16BitRegister(unsigned char)
 .text._ZN19Acceleration_Sensor4initEv
                0x0000000000015732       0x20 obj//home/marc/SJSU-Dev-New/firmware/lib/L4_IO/src/io_source.o
                0x0000000000015732                Acceleration_Sensor::init()
 *fill*         0x0000000000015752        0x2 ff
 .text._ZN9IR_Sensor11storeIrCodeEm
                0x0000000000015754       0x1c obj//home/marc/SJSU-Dev-New/firmware/lib/L4_IO/src/io_source.o
                0x0000000000015754                IR_Sensor::storeIrCode(unsigned long)
 .text._ZN9IR_Sensor12decodeIrCodeEv
                0x0000000000015770       0x64 obj//home/marc/SJSU-Dev-New/firmware/lib/L4_IO/src/io_source.o
                0x0000000000015770                IR_Sensor::decodeIrCode()
 .text._ZN9IR_Sensor4initEv
                0x00000000000157d4       0x34 obj//home/marc/SJSU-Dev-New/firmware/lib/L4_IO/src/io_source.o
                0x00000000000157d4                IR_Sensor::init()
 .text._ZN11LED_Display12setLeftDigitEc
                0x0000000000015808       0x18 obj//home/marc/SJSU-Dev-New/firmware/lib/L4_IO/src/io_source.o
                0x0000000000015808                LED_Display::setLeftDigit(char)
 .text._ZN11LED_Display13setRightDigitEc
                0x0000000000015820       0x18 obj//home/marc/SJSU-Dev-New/firmware/lib/L4_IO/src/io_source.o
                0x0000000000015820                LED_Display::setRightDigit(char)
 .text._ZN11LED_Display4initEv
                0x0000000000015838       0x38 obj//home/marc/SJSU-Dev-New/firmware/lib/L4_IO/src/io_source.o
                0x0000000000015838                LED_Display::init()
 .text._ZN11LED_Display9setNumberEc
                0x0000000000015870       0x3a obj//home/marc/SJSU-Dev-New/firmware/lib/L4_IO/src/io_source.o
                0x0000000000015870                LED_Display::setNumber(char)
 .text._ZN3LED4initEv
                0x00000000000158aa        0x4 obj//home/marc/SJSU-Dev-New/firmware/lib/L4_IO/src/io_source.o
                0x00000000000158aa                LED::init()
 *fill*         0x00000000000158ae        0x2 ff
 .text._ZN3LED6setAllEh
                0x00000000000158b0       0x50 obj//home/marc/SJSU-Dev-New/firmware/lib/L4_IO/src/io_source.o
                0x00000000000158b0                LED::setAll(unsigned char)
 .text._ZN12Light_Sensor4initEv
                0x0000000000015900        0x4 obj//home/marc/SJSU-Dev-New/firmware/lib/L4_IO/src/io_source.o
                0x0000000000015900                Light_Sensor::init()
 .text._ZN12Light_Sensor11getRawValueEv
                0x0000000000015904        0x6 obj//home/marc/SJSU-Dev-New/firmware/lib/L4_IO/src/io_source.o
                0x0000000000015904                Light_Sensor::getRawValue()
 .text._ZN8Switches4initEv
                0x000000000001590a        0x4 obj//home/marc/SJSU-Dev-New/firmware/lib/L4_IO/src/io_source.o
                0x000000000001590a                Switches::init()
 *fill*         0x000000000001590e        0x2 ff
 .text._ZN8Switches15getSwitchValuesEv
                0x0000000000015910       0x18 obj//home/marc/SJSU-Dev-New/firmware/lib/L4_IO/src/io_source.o
                0x0000000000015910                Switches::getSwitchValues()
 .text._ZN8I2C_Temp4initEv
                0x0000000000015928       0x22 obj//home/marc/SJSU-Dev-New/firmware/lib/L4_IO/src/io_source.o
                0x0000000000015928                I2C_Temp::init()
 .text._ZN8I2C_Temp10getCelsiusEv
                0x000000000001594a       0x30 obj//home/marc/SJSU-Dev-New/firmware/lib/L4_IO/src/io_source.o
                0x000000000001594a                I2C_Temp::getCelsius()
 *fill*         0x000000000001597a        0x2 ff
 .text._ZN8I2C_Temp12getFarenheitEv
                0x000000000001597c       0x24 obj//home/marc/SJSU-Dev-New/firmware/lib/L4_IO/src/io_source.o
                0x000000000001597c                I2C_Temp::getFarenheit()
 .text._ZN7Storage4copyEPKcS1_PjS2_S2_
                0x00000000000159a0       0xf0 obj//home/marc/SJSU-Dev-New/firmware/lib/L4_IO/src/storage.o
                0x00000000000159a0                Storage::copy(char const*, char const*, unsigned int*, unsigned int*, unsigned int*)
 .text._ZN7Storage4readEPKcPvjj
                0x0000000000015a90       0x44 obj//home/marc/SJSU-Dev-New/firmware/lib/L4_IO/src/storage.o
                0x0000000000015a90                Storage::read(char const*, void*, unsigned int, unsigned int)
 .text._ZN7Storage5writeEPKcPvjj
                0x0000000000015ad4       0x44 obj//home/marc/SJSU-Dev-New/firmware/lib/L4_IO/src/storage.o
                0x0000000000015ad4                Storage::write(char const*, void*, unsigned int, unsigned int)
 .text._ZN7Storage6appendEPKcPKvjj
                0x0000000000015b18       0x48 obj//home/marc/SJSU-Dev-New/firmware/lib/L4_IO/src/storage.o
                0x0000000000015b18                Storage::append(char const*, void const*, unsigned int, unsigned int)
 .text.ff_convert
                0x0000000000015b60       0x3c obj//home/marc/SJSU-Dev-New/firmware/lib/L4_IO/fat/option/ccsbcs.o
                0x0000000000015b60                ff_convert
 .text.ff_wtoupper
                0x0000000000015b9c       0x24 obj//home/marc/SJSU-Dev-New/firmware/lib/L4_IO/fat/option/ccsbcs.o
                0x0000000000015b9c                ff_wtoupper
 .text.ff_cre_syncobj
                0x0000000000015bc0       0x14 obj//home/marc/SJSU-Dev-New/firmware/lib/L4_IO/fat/option/reentrant.o
                0x0000000000015bc0                ff_cre_syncobj
 .text.ff_del_syncobj
                0x0000000000015bd4        0x4 obj//home/marc/SJSU-Dev-New/firmware/lib/L4_IO/fat/option/reentrant.o
                0x0000000000015bd4                ff_del_syncobj
 .text.ff_req_grant
                0x0000000000015bd8       0x26 obj//home/marc/SJSU-Dev-New/firmware/lib/L4_IO/fat/option/reentrant.o
                0x0000000000015bd8                ff_req_grant
 .text.ff_rel_grant
                0x0000000000015bfe       0x1e obj//home/marc/SJSU-Dev-New/firmware/lib/L4_IO/fat/option/reentrant.o
                0x0000000000015bfe                ff_rel_grant
 .text.mem_cpy  0x0000000000015c1c       0x38 obj//home/marc/SJSU-Dev-New/firmware/lib/L4_IO/fat/ff.o
 .text.mem_set  0x0000000000015c54        0xe obj//home/marc/SJSU-Dev-New/firmware/lib/L4_IO/fat/ff.o
 .text.sum_sfn  0x0000000000015c62       0x1e obj//home/marc/SJSU-Dev-New/firmware/lib/L4_IO/fat/ff.o
 .text.get_ldnumber
                0x0000000000015c80       0x3a obj//home/marc/SJSU-Dev-New/firmware/lib/L4_IO/fat/ff.o
 .text.get_fileinfo
                0x0000000000015cba       0xc4 obj//home/marc/SJSU-Dev-New/firmware/lib/L4_IO/fat/ff.o
 .text.sync_window.part.1
                0x0000000000015d7e       0x46 obj//home/marc/SJSU-Dev-New/firmware/lib/L4_IO/fat/ff.o
 .text.sync_window
                0x0000000000015dc4        0xc obj//home/marc/SJSU-Dev-New/firmware/lib/L4_IO/fat/ff.o
 .text.sync_fs  0x0000000000015dd0       0x74 obj//home/marc/SJSU-Dev-New/firmware/lib/L4_IO/fat/ff.o
 .text.move_window
                0x0000000000015e44       0x34 obj//home/marc/SJSU-Dev-New/firmware/lib/L4_IO/fat/ff.o
 .text.check_fs
                0x0000000000015e78       0x4c obj//home/marc/SJSU-Dev-New/firmware/lib/L4_IO/fat/ff.o
 .text.find_volume
                0x0000000000015ec4      0x21c obj//home/marc/SJSU-Dev-New/firmware/lib/L4_IO/fat/ff.o
 .text.validate
                0x00000000000160e0       0x3a obj//home/marc/SJSU-Dev-New/firmware/lib/L4_IO/fat/ff.o
 .text.unlock_fs
                0x000000000001611a       0x1a obj//home/marc/SJSU-Dev-New/firmware/lib/L4_IO/fat/ff.o
 .text.clust2sect
                0x0000000000016134       0x16 obj//home/marc/SJSU-Dev-New/firmware/lib/L4_IO/fat/ff.o
                0x0000000000016134                clust2sect
 .text.get_fat  0x000000000001614a       0xa6 obj//home/marc/SJSU-Dev-New/firmware/lib/L4_IO/fat/ff.o
                0x000000000001614a                get_fat
 .text.dir_sdi  0x00000000000161f0       0x80 obj//home/marc/SJSU-Dev-New/firmware/lib/L4_IO/fat/ff.o
 .text.put_fat  0x0000000000016270       0xd2 obj//home/marc/SJSU-Dev-New/firmware/lib/L4_IO/fat/ff.o
                0x0000000000016270                put_fat
 .text.create_chain
                0x0000000000016342       0xa0 obj//home/marc/SJSU-Dev-New/firmware/lib/L4_IO/fat/ff.o
 .text.dir_next
                0x00000000000163e2       0xec obj//home/marc/SJSU-Dev-New/firmware/lib/L4_IO/fat/ff.o
 *fill*         0x00000000000164ce        0x2 ff
 .text.dir_find.part.9
                0x00000000000164d0      0x120 obj//home/marc/SJSU-Dev-New/firmware/lib/L4_IO/fat/ff.o
 .text.follow_path
                0x00000000000165f0      0x270 obj//home/marc/SJSU-Dev-New/firmware/lib/L4_IO/fat/ff.o
 .text.dir_register
                0x0000000000016860      0x238 obj//home/marc/SJSU-Dev-New/firmware/lib/L4_IO/fat/ff.o
 .text.dir_remove
                0x0000000000016a98       0x5a obj//home/marc/SJSU-Dev-New/firmware/lib/L4_IO/fat/ff.o
 *fill*         0x0000000000016af2        0x2 ff
 .text.dir_read.constprop.11
                0x0000000000016af4       0xe8 obj//home/marc/SJSU-Dev-New/firmware/lib/L4_IO/fat/ff.o
 .text.remove_chain
                0x0000000000016bdc       0x58 obj//home/marc/SJSU-Dev-New/firmware/lib/L4_IO/fat/ff.o
 .text.f_mount  0x0000000000016c34       0x7c obj//home/marc/SJSU-Dev-New/firmware/lib/L4_IO/fat/ff.o
                0x0000000000016c34                f_mount
 .text.f_open   0x0000000000016cb0      0x12e obj//home/marc/SJSU-Dev-New/firmware/lib/L4_IO/fat/ff.o
                0x0000000000016cb0                f_open
 .text.f_read   0x0000000000016dde      0x170 obj//home/marc/SJSU-Dev-New/firmware/lib/L4_IO/fat/ff.o
                0x0000000000016dde                f_read
 .text.f_write  0x0000000000016f4e      0x1ac obj//home/marc/SJSU-Dev-New/firmware/lib/L4_IO/fat/ff.o
                0x0000000000016f4e                f_write
 .text.f_sync   0x00000000000170fa       0x8a obj//home/marc/SJSU-Dev-New/firmware/lib/L4_IO/fat/ff.o
                0x00000000000170fa                f_sync
 .text.f_close  0x0000000000017184       0x24 obj//home/marc/SJSU-Dev-New/firmware/lib/L4_IO/fat/ff.o
                0x0000000000017184                f_close
 .text.f_lseek  0x00000000000171a8      0x14e obj//home/marc/SJSU-Dev-New/firmware/lib/L4_IO/fat/ff.o
                0x00000000000171a8                f_lseek
 .text.f_opendir
                0x00000000000172f6       0x86 obj//home/marc/SJSU-Dev-New/firmware/lib/L4_IO/fat/ff.o
                0x00000000000172f6                f_opendir
 .text.f_readdir
                0x000000000001737c       0x5e obj//home/marc/SJSU-Dev-New/firmware/lib/L4_IO/fat/ff.o
                0x000000000001737c                f_readdir
 .text.f_getfree
                0x00000000000173da       0xc8 obj//home/marc/SJSU-Dev-New/firmware/lib/L4_IO/fat/ff.o
                0x00000000000173da                f_getfree
 .text.f_unlink
                0x00000000000174a2       0xbe obj//home/marc/SJSU-Dev-New/firmware/lib/L4_IO/fat/ff.o
                0x00000000000174a2                f_unlink
 .text.f_mkdir  0x0000000000017560      0x152 obj//home/marc/SJSU-Dev-New/firmware/lib/L4_IO/fat/ff.o
                0x0000000000017560                f_mkdir
 .text.f_rename
                0x00000000000176b2      0x11e obj//home/marc/SJSU-Dev-New/firmware/lib/L4_IO/fat/ff.o
                0x00000000000176b2                f_rename
 .text.f_mkfs   0x00000000000177d0      0x4f4 obj//home/marc/SJSU-Dev-New/firmware/lib/L4_IO/fat/ff.o
                0x00000000000177d0                f_mkfs
 .text.sys_get_uptime_ms
                0x0000000000017cc4       0x12 obj//home/marc/SJSU-Dev-New/firmware/lib/L4_IO/fat/disk/sd.o
 *fill*         0x0000000000017cd6        0x2 ff
 .text.ssp1_set_max_clock
                0x0000000000017cd8       0x30 obj//home/marc/SJSU-Dev-New/firmware/lib/L4_IO/fat/disk/sd.o
 .text.ssp1_exchange_byte
                0x0000000000017d08       0x14 obj//home/marc/SJSU-Dev-New/firmware/lib/L4_IO/fat/disk/sd.o
 .text.wait_ready
                0x0000000000017d1c       0x2e obj//home/marc/SJSU-Dev-New/firmware/lib/L4_IO/fat/disk/sd.o
                0x0000000000017d1c                wait_ready
 *fill*         0x0000000000017d4a        0x2 ff
 .text.power_off
                0x0000000000017d4c       0x24 obj//home/marc/SJSU-Dev-New/firmware/lib/L4_IO/fat/disk/sd.o
                0x0000000000017d4c                power_off
 .text.rcvr_datablock
                0x0000000000017d70       0x8c obj//home/marc/SJSU-Dev-New/firmware/lib/L4_IO/fat/disk/sd.o
                0x0000000000017d70                rcvr_datablock
 .text.xmit_datablock
                0x0000000000017dfc       0x4c obj//home/marc/SJSU-Dev-New/firmware/lib/L4_IO/fat/disk/sd.o
                0x0000000000017dfc                xmit_datablock
 .text.send_cmd
                0x0000000000017e48       0x8c obj//home/marc/SJSU-Dev-New/firmware/lib/L4_IO/fat/disk/sd.o
                0x0000000000017e48                send_cmd
 .text.sd_update_card_status
                0x0000000000017ed4       0x24 obj//home/marc/SJSU-Dev-New/firmware/lib/L4_IO/fat/disk/sd.o
                0x0000000000017ed4                sd_update_card_status
 .text.sd_initialize
                0x0000000000017ef8      0x16c obj//home/marc/SJSU-Dev-New/firmware/lib/L4_IO/fat/disk/sd.o
                0x0000000000017ef8                sd_initialize
 .text.sd_status
                0x0000000000018064       0x10 obj//home/marc/SJSU-Dev-New/firmware/lib/L4_IO/fat/disk/sd.o
                0x0000000000018064                sd_status
 .text.sd_read  0x0000000000018074       0x98 obj//home/marc/SJSU-Dev-New/firmware/lib/L4_IO/fat/disk/sd.o
                0x0000000000018074                sd_read
 .text.sd_write
                0x000000000001810c       0xb4 obj//home/marc/SJSU-Dev-New/firmware/lib/L4_IO/fat/disk/sd.o
                0x000000000001810c                sd_write
 .text.sd_ioctl
                0x00000000000181c0      0x21c obj//home/marc/SJSU-Dev-New/firmware/lib/L4_IO/fat/disk/sd.o
                0x00000000000181c0                sd_ioctl
 .text._ZL24flash_get_mem_size_bytesv
                0x00000000000183dc       0x20 obj//home/marc/SJSU-Dev-New/firmware/lib/L4_IO/fat/disk/spi_flash.o
 .text._ZL37flash_perform_page_io_of_fatfs_sectorPFvPhmmES_m
                0x00000000000183fc       0x74 obj//home/marc/SJSU-Dev-New/firmware/lib/L4_IO/fat/disk/spi_flash.o
 .text.ssp1_exchange_data
                0x0000000000018470       0xac obj//home/marc/SJSU-Dev-New/firmware/lib/L4_IO/fat/disk/spi_flash.o
 .text._ZL18flash_send_op_addr14flash_opcode_tm
                0x000000000001851c       0x26 obj//home/marc/SJSU-Dev-New/firmware/lib/L4_IO/fat/disk/spi_flash.o
 *fill*         0x0000000000018542        0x2 ff
 .text._ZL15flash_read_pagePhmm
                0x0000000000018544       0x44 obj//home/marc/SJSU-Dev-New/firmware/lib/L4_IO/fat/disk/spi_flash.o
 .text._ZL20flash_wait_for_readyv
                0x0000000000018588       0x40 obj//home/marc/SJSU-Dev-New/firmware/lib/L4_IO/fat/disk/spi_flash.o
 .text.flash_initialize
                0x00000000000185c8       0x98 obj//home/marc/SJSU-Dev-New/firmware/lib/L4_IO/fat/disk/spi_flash.o
                0x00000000000185c8                flash_initialize
 .text.flash_read_sectors
                0x0000000000018660       0x50 obj//home/marc/SJSU-Dev-New/firmware/lib/L4_IO/fat/disk/spi_flash.o
                0x0000000000018660                flash_read_sectors
 .text.flash_write_sectors
                0x00000000000186b0       0x4c obj//home/marc/SJSU-Dev-New/firmware/lib/L4_IO/fat/disk/spi_flash.o
                0x00000000000186b0                flash_write_sectors
 .text.flash_ioctl
                0x00000000000186fc       0x36 obj//home/marc/SJSU-Dev-New/firmware/lib/L4_IO/fat/disk/spi_flash.o
                0x00000000000186fc                flash_ioctl
 *fill*         0x0000000000018732        0x2 ff
 .text.flash_write_permanent_id
                0x0000000000018734       0x44 obj//home/marc/SJSU-Dev-New/firmware/lib/L4_IO/fat/disk/spi_flash.o
                0x0000000000018734                flash_write_permanent_id
 .text.flash_read_permanent_id
                0x0000000000018778       0x28 obj//home/marc/SJSU-Dev-New/firmware/lib/L4_IO/fat/disk/spi_flash.o
                0x0000000000018778                flash_read_permanent_id
 .text.flash_get_page_count
                0x00000000000187a0       0x20 obj//home/marc/SJSU-Dev-New/firmware/lib/L4_IO/fat/disk/spi_flash.o
                0x00000000000187a0                flash_get_page_count
 .text.flash_get_page_size
                0x00000000000187c0        0xc obj//home/marc/SJSU-Dev-New/firmware/lib/L4_IO/fat/disk/spi_flash.o
                0x00000000000187c0                flash_get_page_size
 .text.flash_supports_metadata
                0x00000000000187cc       0x10 obj//home/marc/SJSU-Dev-New/firmware/lib/L4_IO/fat/disk/spi_flash.o
                0x00000000000187cc                flash_supports_metadata
 .text._ZL16flash_write_pagePhmm
                0x00000000000187dc       0x8c obj//home/marc/SJSU-Dev-New/firmware/lib/L4_IO/fat/disk/spi_flash.o
 .text.flash_get_page_write_count
                0x0000000000018868       0x54 obj//home/marc/SJSU-Dev-New/firmware/lib/L4_IO/fat/disk/spi_flash.o
                0x0000000000018868                flash_get_page_write_count
 .text.flash_chip_erase
                0x00000000000188bc       0x2c obj//home/marc/SJSU-Dev-New/firmware/lib/L4_IO/fat/disk/spi_flash.o
                0x00000000000188bc                flash_chip_erase
 .text.disk_initialize
                0x00000000000188e8       0x26 obj//home/marc/SJSU-Dev-New/firmware/lib/L4_IO/fat/disk/diskio.o
                0x00000000000188e8                disk_initialize
 .text.disk_status
                0x000000000001890e       0x10 obj//home/marc/SJSU-Dev-New/firmware/lib/L4_IO/fat/disk/diskio.o
                0x000000000001890e                disk_status
 .text.disk_read
                0x000000000001891e       0x38 obj//home/marc/SJSU-Dev-New/firmware/lib/L4_IO/fat/disk/diskio.o
                0x000000000001891e                disk_read
 .text.disk_write
                0x0000000000018956       0x38 obj//home/marc/SJSU-Dev-New/firmware/lib/L4_IO/fat/disk/diskio.o
                0x0000000000018956                disk_write
 .text.disk_ioctl
                0x000000000001898e       0x32 obj//home/marc/SJSU-Dev-New/firmware/lib/L4_IO/fat/disk/diskio.o
                0x000000000001898e                disk_ioctl
 .text.get_fattime
                0x00000000000189c0       0x52 obj//home/marc/SJSU-Dev-New/firmware/lib/L4_IO/fat/fatfs_time.o
                0x00000000000189c0                get_fattime
 .text.mesh_incr_soft_timers_for_arr
                0x0000000000018a12       0x26 obj//home/marc/SJSU-Dev-New/firmware/lib/L4_IO/wireless/src/mesh.o
 .text.mesh_update_soft_timers
                0x0000000000018a38       0x4c obj//home/marc/SJSU-Dev-New/firmware/lib/L4_IO/wireless/src/mesh.o
 .text.mesh_send_packet
                0x0000000000018a84       0x3c obj//home/marc/SJSU-Dev-New/firmware/lib/L4_IO/wireless/src/mesh.o
 .text.mesh_send_retry_packet
                0x0000000000018ac0       0x34 obj//home/marc/SJSU-Dev-New/firmware/lib/L4_IO/wireless/src/mesh.o
 .text.mesh_find_rte_tbl_entry
                0x0000000000018af4       0x24 obj//home/marc/SJSU-Dev-New/firmware/lib/L4_IO/wireless/src/mesh.o
 .text.mesh_update_rte_scores
                0x0000000000018b18       0x28 obj//home/marc/SJSU-Dev-New/firmware/lib/L4_IO/wireless/src/mesh.o
 .text.mesh_get_pnd_pkt_slot
                0x0000000000018b40       0x40 obj//home/marc/SJSU-Dev-New/firmware/lib/L4_IO/wireless/src/mesh.o
 .text.mesh_pending_packets_add
                0x0000000000018b80       0x90 obj//home/marc/SJSU-Dev-New/firmware/lib/L4_IO/wireless/src/mesh.o
 .text.mesh_get_rte_to_modify
                0x0000000000018c10       0x58 obj//home/marc/SJSU-Dev-New/firmware/lib/L4_IO/wireless/src/mesh.o
 .text.mesh_handle_pnd_pkts_for_arr
                0x0000000000018c68      0x178 obj//home/marc/SJSU-Dev-New/firmware/lib/L4_IO/wireless/src/mesh.o
 .text.mesh_set_node_address
                0x0000000000018de0       0x18 obj//home/marc/SJSU-Dev-New/firmware/lib/L4_IO/wireless/src/mesh.o
                0x0000000000018de0                mesh_set_node_address
 .text.mesh_get_node_address
                0x0000000000018df8        0xc obj//home/marc/SJSU-Dev-New/firmware/lib/L4_IO/wireless/src/mesh.o
                0x0000000000018df8                mesh_get_node_address
 .text.mesh_set_retry_count
                0x0000000000018e04       0x10 obj//home/marc/SJSU-Dev-New/firmware/lib/L4_IO/wireless/src/mesh.o
                0x0000000000018e04                mesh_set_retry_count
 .text.mesh_form_pkt
                0x0000000000018e14       0xf8 obj//home/marc/SJSU-Dev-New/firmware/lib/L4_IO/wireless/src/mesh.o
                0x0000000000018e14                mesh_form_pkt
 .text.mesh_send_formed_pkt
                0x0000000000018f0c       0x58 obj//home/marc/SJSU-Dev-New/firmware/lib/L4_IO/wireless/src/mesh.o
                0x0000000000018f0c                mesh_send_formed_pkt
 .text.mesh_init
                0x0000000000018f64      0x100 obj//home/marc/SJSU-Dev-New/firmware/lib/L4_IO/wireless/src/mesh.o
                0x0000000000018f64                mesh_init
 .text.mesh_send
                0x0000000000019064       0x3e obj//home/marc/SJSU-Dev-New/firmware/lib/L4_IO/wireless/src/mesh.o
                0x0000000000019064                mesh_send
 .text.mesh_send_ack
                0x00000000000190a2       0x1a obj//home/marc/SJSU-Dev-New/firmware/lib/L4_IO/wireless/src/mesh.o
 .text.mesh_get_routing_entry
                0x00000000000190bc       0x2c obj//home/marc/SJSU-Dev-New/firmware/lib/L4_IO/wireless/src/mesh.o
                0x00000000000190bc                mesh_get_routing_entry
 .text.mesh_get_num_routing_entries
                0x00000000000190e8       0x1c obj//home/marc/SJSU-Dev-New/firmware/lib/L4_IO/wireless/src/mesh.o
                0x00000000000190e8                mesh_get_num_routing_entries
 .text.mesh_service
                0x0000000000019104      0x2d0 obj//home/marc/SJSU-Dev-New/firmware/lib/L4_IO/wireless/src/mesh.o
                0x0000000000019104                mesh_service
 .text.mesh_get_pnd_pkt_count
                0x00000000000193d4       0x34 obj//home/marc/SJSU-Dev-New/firmware/lib/L4_IO/wireless/src/mesh.o
                0x00000000000193d4                mesh_get_pnd_pkt_count
 .text.mesh_get_max_timeout_before_packet_fails
                0x0000000000019408       0x24 obj//home/marc/SJSU-Dev-New/firmware/lib/L4_IO/wireless/src/mesh.o
                0x0000000000019408                mesh_get_max_timeout_before_packet_fails
 .text.mesh_get_stats
                0x000000000001942c       0x14 obj//home/marc/SJSU-Dev-New/firmware/lib/L4_IO/wireless/src/mesh.o
                0x000000000001942c                mesh_get_stats
 .text.nordic_transfer
                0x0000000000019440       0xe8 obj//home/marc/SJSU-Dev-New/firmware/lib/L4_IO/wireless/src/nrf24L01Plus.o
 .text.nordic_readRegister
                0x0000000000019528       0x20 obj//home/marc/SJSU-Dev-New/firmware/lib/L4_IO/wireless/src/nrf24L01Plus.o
 .text.nordic_writeRegister
                0x0000000000019548       0x1e obj//home/marc/SJSU-Dev-New/firmware/lib/L4_IO/wireless/src/nrf24L01Plus.o
 .text.nordic_is_tx_fifo_empty
                0x0000000000019566        0xe obj//home/marc/SJSU-Dev-New/firmware/lib/L4_IO/wireless/src/nrf24L01Plus.o
                0x0000000000019566                nordic_is_tx_fifo_empty
 .text.nordic_clear_all_intr_flags
                0x0000000000019574        0x8 obj//home/marc/SJSU-Dev-New/firmware/lib/L4_IO/wireless/src/nrf24L01Plus.o
                0x0000000000019574                nordic_clear_all_intr_flags
 .text.nordic_queue_tx_fifo
                0x000000000001957c        0xc obj//home/marc/SJSU-Dev-New/firmware/lib/L4_IO/wireless/src/nrf24L01Plus.o
                0x000000000001957c                nordic_queue_tx_fifo
 .text.nordic_standby1_to_tx_mode1
                0x0000000000019588       0x16 obj//home/marc/SJSU-Dev-New/firmware/lib/L4_IO/wireless/src/nrf24L01Plus.o
                0x0000000000019588                nordic_standby1_to_tx_mode1
 *fill*         0x000000000001959e        0x2 ff
 .text.nordic_rx_to_Stanby1
                0x00000000000195a0       0x10 obj//home/marc/SJSU-Dev-New/firmware/lib/L4_IO/wireless/src/nrf24L01Plus.o
                0x00000000000195a0                nordic_rx_to_Stanby1
 .text.nordic_standby1_to_rx
                0x00000000000195b0       0x24 obj//home/marc/SJSU-Dev-New/firmware/lib/L4_IO/wireless/src/nrf24L01Plus.o
                0x00000000000195b0                nordic_standby1_to_rx
 .text.nordic_clear_packet_sent_flag
                0x00000000000195d4        0x8 obj//home/marc/SJSU-Dev-New/firmware/lib/L4_IO/wireless/src/nrf24L01Plus.o
                0x00000000000195d4                nordic_clear_packet_sent_flag
 .text.nordic_flush_tx_fifo
                0x00000000000195dc        0xc obj//home/marc/SJSU-Dev-New/firmware/lib/L4_IO/wireless/src/nrf24L01Plus.o
                0x00000000000195dc                nordic_flush_tx_fifo
 .text.nordic_mode1_send_single_packet
                0x00000000000195e8       0x4c obj//home/marc/SJSU-Dev-New/firmware/lib/L4_IO/wireless/src/nrf24L01Plus.o
                0x00000000000195e8                nordic_mode1_send_single_packet
 .text.nordic_is_packet_available
                0x0000000000019634       0x10 obj//home/marc/SJSU-Dev-New/firmware/lib/L4_IO/wireless/src/nrf24L01Plus.o
                0x0000000000019634                nordic_is_packet_available
 .text.nordic_clear_packet_available_flag
                0x0000000000019644        0x8 obj//home/marc/SJSU-Dev-New/firmware/lib/L4_IO/wireless/src/nrf24L01Plus.o
                0x0000000000019644                nordic_clear_packet_available_flag
 .text.nordic_read_rx_fifo
                0x000000000001964c       0x14 obj//home/marc/SJSU-Dev-New/firmware/lib/L4_IO/wireless/src/nrf24L01Plus.o
                0x000000000001964c                nordic_read_rx_fifo
 .text.nordic_flush_rx_fifo
                0x0000000000019660        0xc obj//home/marc/SJSU-Dev-New/firmware/lib/L4_IO/wireless/src/nrf24L01Plus.o
                0x0000000000019660                nordic_flush_rx_fifo
 .text.nordic_set_intr_signals
                0x000000000001966c       0x3e obj//home/marc/SJSU-Dev-New/firmware/lib/L4_IO/wireless/src/nrf24L01Plus.o
                0x000000000001966c                nordic_set_intr_signals
 .text.nordic_set_crc
                0x00000000000196aa       0x38 obj//home/marc/SJSU-Dev-New/firmware/lib/L4_IO/wireless/src/nrf24L01Plus.o
                0x00000000000196aa                nordic_set_crc
 .text.nordic_power_up
                0x00000000000196e2       0x18 obj//home/marc/SJSU-Dev-New/firmware/lib/L4_IO/wireless/src/nrf24L01Plus.o
                0x00000000000196e2                nordic_power_up
 .text.nordic_power_down
                0x00000000000196fa       0x16 obj//home/marc/SJSU-Dev-New/firmware/lib/L4_IO/wireless/src/nrf24L01Plus.o
                0x00000000000196fa                nordic_power_down
 .text.nordic_set_channel
                0x0000000000019710       0x24 obj//home/marc/SJSU-Dev-New/firmware/lib/L4_IO/wireless/src/nrf24L01Plus.o
                0x0000000000019710                nordic_set_channel
 .text.nordic_set_air_data_rate
                0x0000000000019734       0x2c obj//home/marc/SJSU-Dev-New/firmware/lib/L4_IO/wireless/src/nrf24L01Plus.o
                0x0000000000019734                nordic_set_air_data_rate
 .text.nordic_set_power_level
                0x0000000000019760       0x24 obj//home/marc/SJSU-Dev-New/firmware/lib/L4_IO/wireless/src/nrf24L01Plus.o
                0x0000000000019760                nordic_set_power_level
 .text.nordic_set_auto_transmit_options
                0x0000000000019784       0x2c obj//home/marc/SJSU-Dev-New/firmware/lib/L4_IO/wireless/src/nrf24L01Plus.o
                0x0000000000019784                nordic_set_auto_transmit_options
 .text.nordic_set_payload_for_pipe
                0x00000000000197b0       0x14 obj//home/marc/SJSU-Dev-New/firmware/lib/L4_IO/wireless/src/nrf24L01Plus.o
                0x00000000000197b0                nordic_set_payload_for_pipe
 .text.nordic_set_addr_width
                0x00000000000197c4       0x16 obj//home/marc/SJSU-Dev-New/firmware/lib/L4_IO/wireless/src/nrf24L01Plus.o
                0x00000000000197c4                nordic_set_addr_width
 .text.nordic_set_tx_address
                0x00000000000197da        0xc obj//home/marc/SJSU-Dev-New/firmware/lib/L4_IO/wireless/src/nrf24L01Plus.o
                0x00000000000197da                nordic_set_tx_address
 .text.nordic_set_rx_pipe0_addr
                0x00000000000197e6        0xc obj//home/marc/SJSU-Dev-New/firmware/lib/L4_IO/wireless/src/nrf24L01Plus.o
                0x00000000000197e6                nordic_set_rx_pipe0_addr
 *fill*         0x00000000000197f2        0x2 ff
 .text.nordic_init
                0x00000000000197f4       0xc8 obj//home/marc/SJSU-Dev-New/firmware/lib/L4_IO/wireless/src/nrf24L01Plus.o
                0x00000000000197f4                nordic_init
 .text.nrf_driver_init
                0x00000000000198bc       0x70 obj//home/marc/SJSU-Dev-New/firmware/lib/L4_IO/wireless/src/wireless.o
 .text.nrf_driver_app_recv
                0x000000000001992c       0x50 obj//home/marc/SJSU-Dev-New/firmware/lib/L4_IO/wireless/src/wireless.o
 .text.nrf_driver_send
                0x000000000001997c       0x58 obj//home/marc/SJSU-Dev-New/firmware/lib/L4_IO/wireless/src/wireless.o
 .text.nrf_irq_callback
                0x00000000000199d4       0x34 obj//home/marc/SJSU-Dev-New/firmware/lib/L4_IO/wireless/src/wireless.o
 .text.nrf_driver_receive
                0x0000000000019a08       0x22 obj//home/marc/SJSU-Dev-New/firmware/lib/L4_IO/wireless/src/wireless.o
 .text.wireless_get_queued_pkt
                0x0000000000019a2a       0x66 obj//home/marc/SJSU-Dev-New/firmware/lib/L4_IO/wireless/src/wireless.o
 .text.nrf_driver_get_timer
                0x0000000000019a90       0x28 obj//home/marc/SJSU-Dev-New/firmware/lib/L4_IO/wireless/src/wireless.o
 .text.wireless_init
                0x0000000000019ab8       0x4c obj//home/marc/SJSU-Dev-New/firmware/lib/L4_IO/wireless/src/wireless.o
                0x0000000000019ab8                wireless_init
 .text.wireless_get_rx_pkt
                0x0000000000019b04       0x10 obj//home/marc/SJSU-Dev-New/firmware/lib/L4_IO/wireless/src/wireless.o
                0x0000000000019b04                wireless_get_rx_pkt
 .text.wireless_get_ack_pkt
                0x0000000000019b14       0x10 obj//home/marc/SJSU-Dev-New/firmware/lib/L4_IO/wireless/src/wireless.o
                0x0000000000019b14                wireless_get_ack_pkt
 .text.wireless_service
                0x0000000000019b24       0x4c obj//home/marc/SJSU-Dev-New/firmware/lib/L4_IO/wireless/src/wireless.o
                0x0000000000019b24                wireless_service
 .text.u0_dbg_put
                0x0000000000019b70       0x1e obj//home/marc/SJSU-Dev-New/firmware/lib/L3_Utils/src/printf_lib.o
                0x0000000000019b70                u0_dbg_put
 .text.u0_dbg_printf
                0x0000000000019b8e       0x3c obj//home/marc/SJSU-Dev-New/firmware/lib/L3_Utils/src/printf_lib.o
                0x0000000000019b8e                u0_dbg_printf
 .text.c_list_create
                0x0000000000019bca       0x14 obj//home/marc/SJSU-Dev-New/firmware/lib/L3_Utils/src/c_list.o
                0x0000000000019bca                c_list_create
 .text.c_list_node_count
                0x0000000000019bde        0x6 obj//home/marc/SJSU-Dev-New/firmware/lib/L3_Utils/src/c_list.o
                0x0000000000019bde                c_list_node_count
 .text.c_list_insert_elm_end
                0x0000000000019be4       0x38 obj//home/marc/SJSU-Dev-New/firmware/lib/L3_Utils/src/c_list.o