Archive member included to satisfy reference by file (symbol)

/home/marc/SJSU-Dev-New/tools/gcc-arm-none-eabi-6-2017-q2-update/bin/../lib/gcc/arm-none-eabi/6.3.1/../../../../arm-none-eabi/lib/thumb/v7-m/libstdc++_nano.a(class_type_info.o)
                              obj//home/marc/SJSU-Dev-New/firmware/lib/L3_Utils/src/scheduler_task.o (vtable for __cxxabiv1::__class_type_info)
/home/marc/SJSU-Dev-New/tools/gcc-arm-none-eabi-6-2017-q2-update/bin/../lib/gcc/arm-none-eabi/6.3.1/../../../../arm-none-eabi/lib/thumb/v7-m/libstdc++_nano.a(si_class_type_info.o)
                              obj//home/marc/SJSU-Dev-New/firmware/lib/L2_Drivers/base/uart_dev.o (vtable for __cxxabiv1::__si_class_type_info)
/home/marc/SJSU-Dev-New/tools/gcc-arm-none-eabi-6-2017-q2-update/bin/../lib/gcc/arm-none-eabi/6.3.1/../../../../arm-none-eabi/lib/thumb/v7-m/libstdc++_nano.a(del_ops.o)
                              obj//home/marc/SJSU-Dev-New/firmware/lib/L3_Utils/src/str.o (operator delete(void*, unsigned int))
/home/marc/SJSU-Dev-New/tools/gcc-arm-none-eabi-6-2017-q2-update/bin/../lib/gcc/arm-none-eabi/6.3.1/../../../../arm-none-eabi/lib/thumb/v7-m/libstdc++_nano.a(guard.o)
                              obj//home/marc/SJSU-Dev-New/firmware/lib/L5_HighLevel/source/high_level_init.o (__cxa_guard_acquire)
/home/marc/SJSU-Dev-New/tools/gcc-arm-none-eabi-6-2017-q2-update/bin/../lib/gcc/arm-none-eabi/6.3.1/../../../../arm-none-eabi/lib/thumb/v7-m/libstdc++_nano.a(pure.o)
                              obj//home/marc/SJSU-Dev-New/firmware/lib/L3_Utils/src/scheduler_task.o (__cxa_pure_virtual)
/home/marc/SJSU-Dev-New/tools/gcc-arm-none-eabi-6-2017-q2-update/bin/../lib/gcc/arm-none-eabi/6.3.1/../../../../arm-none-eabi/lib/thumb/v7-m/libstdc++_nano.a(vmi_class_type_info.o)
                              obj//home/marc/SJSU-Dev-New/firmware/lib/L2_Drivers/src/nrf_stream.o (vtable for __cxxabiv1::__vmi_class_type_info)
/home/marc/SJSU-Dev-New/tools/gcc-arm-none-eabi-6-2017-q2-update/bin/../lib/gcc/arm-none-eabi/6.3.1/../../../../arm-none-eabi/lib/thumb/v7-m/libstdc++_nano.a(tinfo.o)
                              /home/marc/SJSU-Dev-New/tools/gcc-arm-none-eabi-6-2017-q2-update/bin/../lib/gcc/arm-none-eabi/6.3.1/../../../../arm-none-eabi/lib/thumb/v7-m/libstdc++_nano.a(class_type_info.o) (std::type_info::~type_info())
/home/marc/SJSU-Dev-New/tools/gcc-arm-none-eabi-6-2017-q2-update/bin/../lib/gcc/arm-none-eabi/6.3.1/../../../../arm-none-eabi/lib/thumb/v7-m/libstdc++_nano.a(eh_terminate.o)
                              /home/marc/SJSU-Dev-New/tools/gcc-arm-none-eabi-6-2017-q2-update/bin/../lib/gcc/arm-none-eabi/6.3.1/../../../../arm-none-eabi/lib/thumb/v7-m/libstdc++_nano.a(pure.o) (std::terminate())
/home/marc/SJSU-Dev-New/tools/gcc-arm-none-eabi-6-2017-q2-update/bin/../lib/gcc/arm-none-eabi/6.3.1/../../../../arm-none-eabi/lib/thumb/v7-m/libstdc++_nano.a(eh_term_handler.o)
                              /home/marc/SJSU-Dev-New/tools/gcc-arm-none-eabi-6-2017-q2-update/bin/../lib/gcc/arm-none-eabi/6.3.1/../../../../arm-none-eabi/lib/thumb/v7-m/libstdc++_nano.a(eh_terminate.o) (__cxxabiv1::__terminate_handler)
/home/marc/SJSU-Dev-New/tools/gcc-arm-none-eabi-6-2017-q2-update/bin/../lib/gcc/arm-none-eabi/6.3.1/../../../../arm-none-eabi/lib/thumb/v7-m/libstdc++_nano.a(eh_unex_handler.o)
                              /home/marc/SJSU-Dev-New/tools/gcc-arm-none-eabi-6-2017-q2-update/bin/../lib/gcc/arm-none-eabi/6.3.1/../../../../arm-none-eabi/lib/thumb/v7-m/libstdc++_nano.a(eh_terminate.o) (__cxxabiv1::__unexpected_handler)
/home/marc/SJSU-Dev-New/tools/gcc-arm-none-eabi-6-2017-q2-update/bin/../lib/gcc/arm-none-eabi/6.3.1/thumb/v7-m/libgcc.a(_ashldi3.o)
                              obj//home/marc/SJSU-Dev-New/firmware/lib/L0_LowLevel/source/lpc_peripherals.o (__aeabi_llsl)
/home/marc/SJSU-Dev-New/tools/gcc-arm-none-eabi-6-2017-q2-update/bin/../lib/gcc/arm-none-eabi/6.3.1/thumb/v7-m/libgcc.a(_arm_addsubdf3.o)
                              obj//home/marc/SJSU-Dev-New/firmware/lib/L2_Drivers/base/uart_dev.o (__aeabi_dadd)
/home/marc/SJSU-Dev-New/tools/gcc-arm-none-eabi-6-2017-q2-update/bin/../lib/gcc/arm-none-eabi/6.3.1/thumb/v7-m/libgcc.a(_arm_fixunsdfsi.o)
                              obj//home/marc/SJSU-Dev-New/firmware/lib/L2_Drivers/base/uart_dev.o (__aeabi_d2uiz)
/home/marc/SJSU-Dev-New/tools/gcc-arm-none-eabi-6-2017-q2-update/bin/../lib/gcc/arm-none-eabi/6.3.1/thumb/v7-m/libgcc.a(_arm_truncdfsf2.o)
                              obj//home/marc/SJSU-Dev-New/firmware/lib/L3_Utils/src/str.o (__aeabi_d2f)
/home/marc/SJSU-Dev-New/tools/gcc-arm-none-eabi-6-2017-q2-update/bin/../lib/gcc/arm-none-eabi/6.3.1/thumb/v7-m/libgcc.a(_arm_addsubsf3.o)
                              obj//home/marc/SJSU-Dev-New/firmware/lib/L3_Utils/src/str.o (__aeabi_fsub)
/home/marc/SJSU-Dev-New/tools/gcc-arm-none-eabi-6-2017-q2-update/bin/../lib/gcc/arm-none-eabi/6.3.1/thumb/v7-m/libgcc.a(_arm_muldivsf3.o)
[...]
Memory Configuration

Name             Origin             Length             Attributes
FLASH            0x0000000000010000 0x0000000000070000 xr
SRAM             0x0000000010000000 0x0000000000008000 xrw
SRAM_AHB         0x000000002007c000 0x0000000000008000 xrw
*default*        0x0000000000000000 0xffffffffffffffff

Linker script and memory map

LOAD bin/firmware.sym.o
LOAD obj//home/marc/SJSU-Dev-New/firmware/lib/L3_Utils/tlm/src/c_tlm_var.o
LOAD obj//home/marc/SJSU-Dev-New/firmware/lib/L3_Utils/tlm/src/c_tlm_comp.o
LOAD obj//home/marc/SJSU-Dev-New/firmware/lib/L3_Utils/tlm/src/c_tlm_stream.o
LOAD obj//home/marc/SJSU-Dev-New/firmware/lib/L3_Utils/tlm/src/c_tlm_binary.o
LOAD obj//home/marc/SJSU-Dev-New/firmware/lib/L3_Utils/src/printf_lib.o
LOAD obj//home/marc/SJSU-Dev-New/firmware/lib/L3_Utils/src/str.o
LOAD obj//home/marc/SJSU-Dev-New/firmware/lib/L3_Utils/src/rtc_alarm.o
LOAD obj//home/marc/SJSU-Dev-New/firmware/lib/L3_Utils/src/command_handler.o
LOAD obj//home/marc/SJSU-Dev-New/firmware/lib/L3_Utils/src/scheduler_task.o
LOAD obj//home/marc/SJSU-Dev-New/firmware/lib/L3_Utils/src/freertos_timer.o
LOAD obj//home/marc/SJSU-Dev-New/firmware/lib/L3_Utils/src/file_logger.o
LOAD obj//home/marc/SJSU-Dev-New/firmware/lib/L3_Utils/src/c_list.o
LOAD obj//home/marc/SJSU-Dev-New/firmware/lib/L3_Utils/src/utilities.o
LOAD obj//home/marc/SJSU-Dev-New/firmware/lib/L2_Drivers/base/uart_dev.o
LOAD obj//home/marc/SJSU-Dev-New/firmware/lib/L2_Drivers/base/i2c_base.o
LOAD obj//home/marc/SJSU-Dev-New/firmware/lib/L2_Drivers/base/char_dev.o
LOAD obj//home/marc/SJSU-Dev-New/firmware/lib/L2_Drivers/src/i2c2.o
LOAD obj//home/marc/SJSU-Dev-New/firmware/lib/L2_Drivers/src/rtc.o
LOAD obj//home/marc/SJSU-Dev-New/firmware/lib/L2_Drivers/src/spi_dma.o
LOAD obj//home/marc/SJSU-Dev-New/firmware/lib/L2_Drivers/src/nrf_stream.o
LOAD obj//home/marc/SJSU-Dev-New/firmware/lib/L2_Drivers/src/spi_sem.o
LOAD obj//home/marc/SJSU-Dev-New/firmware/lib/L2_Drivers/src/uart2.o
LOAD obj//home/marc/SJSU-Dev-New/firmware/lib/L2_Drivers/src/adc.o
LOAD obj//home/marc/SJSU-Dev-New/firmware/lib/L2_Drivers/src/lpc_rit.o
LOAD obj//home/marc/SJSU-Dev-New/firmware/lib/L2_Drivers/src/uart0.o
LOAD obj//home/marc/SJSU-Dev-New/firmware/lib/L2_Drivers/src/eint.o
LOAD obj//home/marc/SJSU-Dev-New/firmware/lib/L2_Drivers/src/can.o
LOAD obj//home/marc/SJSU-Dev-New/firmware/lib/L2_Drivers/src/lpc_pwm.o
LOAD obj//home/marc/SJSU-Dev-New/firmware/lib/L2_Drivers/src/lpc_timers.o
LOAD obj//home/marc/SJSU-Dev-New/firmware/lib/L2_Drivers/src/uart3.o
LOAD obj//home/marc/SJSU-Dev-New/firmware/lib/L5_HighLevel/source/terminal.o
LOAD obj//home/marc/SJSU-Dev-New/firmware/lib/L5_HighLevel/source/high_level_init.o
LOAD obj//home/marc/SJSU-Dev-New/firmware/lib/L5_HighLevel/source/cmd_handlers/handlers.o
LOAD obj//home/marc/SJSU-Dev-New/firmware/lib/L5_HighLevel/source/cmd_handlers/prog_handlers.o
LOAD obj//home/marc/SJSU-Dev-New/firmware/lib/L5_HighLevel/source/cmd_handlers/wireless_handlers.o
LOAD obj//home/marc/SJSU-Dev-New/firmware/lib/L5_HighLevel/source/remote.o
LOAD obj//home/marc/SJSU-Dev-New/firmware/lib/L5_HighLevel/examples/examples.o
LOAD obj//home/marc/SJSU-Dev-New/firmware/lib/L5_HighLevel/examples/rn_xv_task.o
LOAD obj//home/marc/SJSU-Dev-New/firmware/lib/L5_HighLevel/periodic_scheduler/prd_dispatcher.o
LOAD obj//home/marc/SJSU-Dev-New/firmware/lib/L1_FreeRTOS/MemMang/freertos_mem_man.o
LOAD obj//home/marc/SJSU-Dev-New/firmware/lib/L1_FreeRTOS/portable/run_time_stats.o
LOAD obj//home/marc/SJSU-Dev-New/firmware/lib/L1_FreeRTOS/portable/no_mpu/port.o
LOAD obj//home/marc/SJSU-Dev-New/firmware/lib/L1_FreeRTOS/src/tasks.o
LOAD obj//home/marc/SJSU-Dev-New/firmware/lib/L1_FreeRTOS/src/list.o
LOAD obj//home/marc/SJSU-Dev-New/firmware/lib/L1_FreeRTOS/src/event_groups.o
LOAD obj//home/marc/SJSU-Dev-New/firmware/lib/L1_FreeRTOS/src/timers.o
LOAD obj//home/marc/SJSU-Dev-New/firmware/lib/L1_FreeRTOS/src/queue.o
LOAD obj//home/marc/SJSU-Dev-New/firmware/lib/L1_FreeRTOS/src/croutine.o
LOAD obj//home/marc/SJSU-Dev-New/firmware/lib/L1_FreeRTOS/trace/trcHardwarePort.o
LOAD obj//home/marc/SJSU-Dev-New/firmware/lib/L1_FreeRTOS/trace/trcBase.o
LOAD obj//home/marc/SJSU-Dev-New/firmware/lib/L1_FreeRTOS/trace/trcKernel.o
LOAD obj//home/marc/SJSU-Dev-New/firmware/lib/L1_FreeRTOS/trace/run_time_counter.o
LOAD obj//home/marc/SJSU-Dev-New/firmware/lib/L1_FreeRTOS/trace/trcKernelPort.o
LOAD obj//home/marc/SJSU-Dev-New/firmware/lib/L1_FreeRTOS/trace/trcUser.o
LOAD obj//home/marc/SJSU-Dev-New/firmware/lib/L1_FreeRTOS/hooks/hooks.o
LOAD obj//home/marc/SJSU-Dev-New/firmware/lib/newlib/newlib_syscalls.o
LOAD obj//home/marc/SJSU-Dev-New/firmware/lib/newlib/memory.o
LOAD obj//home/marc/SJSU-Dev-New/firmware/lib/newlib/malloc_lock.o
LOAD obj//home/marc/SJSU-Dev-New/firmware/lib/newlib/newlib_time.o
LOAD obj//home/marc/SJSU-Dev-New/firmware/lib/L0_LowLevel/source/lpc_peripherals.o
LOAD obj//home/marc/SJSU-Dev-New/firmware/lib/L0_LowLevel/source/core_cm3.o
LOAD obj//home/marc/SJSU-Dev-New/firmware/lib/L0_LowLevel/source/sys_clock.o
LOAD obj//home/marc/SJSU-Dev-New/firmware/lib/L0_LowLevel/source/lpc_sys.o
LOAD obj//home/marc/SJSU-Dev-New/firmware/lib/L0_LowLevel/source/startup.o
LOAD obj//home/marc/SJSU-Dev-New/firmware/lib/L0_LowLevel/source/low_level_init.o
LOAD obj//home/marc/SJSU-Dev-New/firmware/lib/L0_LowLevel/source/uart0_min.o
LOAD obj//home/marc/SJSU-Dev-New/firmware/lib/L4_IO/wireless/src/mesh.o
LOAD obj//home/marc/SJSU-Dev-New/firmware/lib/L4_IO/wireless/src/nrf24L01Plus.o
LOAD obj//home/marc/SJSU-Dev-New/firmware/lib/L4_IO/wireless/src/wireless.o
LOAD obj//home/marc/SJSU-Dev-New/firmware/lib/L4_IO/fat/fatfs_time.o
LOAD obj//home/marc/SJSU-Dev-New/firmware/lib/L4_IO/fat/ff.o
LOAD obj//home/marc/SJSU-Dev-New/firmware/lib/L4_IO/fat/option/ccsbcs.o
LOAD obj//home/marc/SJSU-Dev-New/firmware/lib/L4_IO/fat/option/reentrant.o
LOAD obj//home/marc/SJSU-Dev-New/firmware/lib/L4_IO/fat/disk/sd.o
LOAD obj//home/marc/SJSU-Dev-New/firmware/lib/L4_IO/fat/disk/spi_flash.o
LOAD obj//home/marc/SJSU-Dev-New/firmware/lib/L4_IO/fat/disk/diskio.o
LOAD obj//home/marc/SJSU-Dev-New/firmware/lib/L4_IO/src/gpio.o
LOAD obj//home/marc/SJSU-Dev-New/firmware/lib/L4_IO/src/io_source.o
LOAD obj//home/marc/SJSU-Dev-New/firmware/lib/L4_IO/src/storage.o
LOAD obj/L5_Application/main.o
LOAD /home/marc/SJSU-Dev-New/tools/gcc-arm-none-eabi-6-2017-q2-update/bin/../lib/gcc/arm-none-eabi/6.3.1/../../../../arm-none-eabi/lib/thumb/v7-m/libstdc++_nano.a
LOAD /home/marc/SJSU-Dev-New/tools/gcc-arm-none-eabi-6-2017-q2-update/bin/../lib/gcc/arm-none-eabi/6.3.1/../../../../arm-none-eabi/lib/thumb/v7-m/libm.a
START GROUP
LOAD /home/marc/SJSU-Dev-New/tools/gcc-arm-none-eabi-6-2017-q2-update/bin/../lib/gcc/arm-none-eabi/6.3.1/thumb/v7-m/libgcc.a
LOAD /home/marc/SJSU-Dev-New/tools/gcc-arm-none-eabi-6-2017-q2-update/bin/../lib/gcc/arm-none-eabi/6.3.1/../../../../arm-none-eabi/lib/thumb/v7-m/libc_nano.a
END GROUP
START GROUP
LOAD /home/marc/SJSU-Dev-New/tools/gcc-arm-none-eabi-6-2017-q2-update/bin/../lib/gcc/arm-none-eabi/6.3.1/thumb/v7-m/libgcc.a
LOAD /home/marc/SJSU-Dev-New/tools/gcc-arm-none-eabi-6-2017-q2-update/bin/../lib/gcc/arm-none-eabi/6.3.1/../../../../arm-none-eabi/lib/thumb/v7-m/libc_nano.a
END GROUP

.text           0x0000000000010000    0x12a48
 FILL mask 0xff
 *(.isr_vector)
 .isr_vector    0x0000000000010000       0xcc obj//home/marc/SJSU-Dev-New/firmware/lib/L0_LowLevel/source/startup.o
                0x0000000000010000                g_pfnVectors
                0x00000000000100cc                . = ALIGN (0x4)
                0x00000000000100cc                __section_table_start = .
                0x00000000000100cc                __data_section_table = .
                0x00000000000100cc        0x4 LONG 0x22a50 LOADADDR (.data)
                0x00000000000100d0        0x4 LONG 0x2007c000 ADDR (.data)
                0x00000000000100d4        0x4 LONG 0x2fc SIZEOF (.data)
                0x00000000000100d8                __data_section_table_end = .
                0x00000000000100d8                __bss_section_table = .
                0x00000000000100d8        0x4 LONG 0x2007c300 ADDR (.bss)
                0x00000000000100dc        0x4 LONG 0x4b4 SIZEOF (.bss)
                0x00000000000100e0                __bss_section_table_end = .
                0x00000000000100e0                __section_table_end = .
 *(.after_vectors*)
 .after_vectors
                0x00000000000100e0      0x120 obj//home/marc/SJSU-Dev-New/firmware/lib/L0_LowLevel/source/startup.o
                0x00000000000100e0                isr_hard_fault
                0x00000000000100fa                isr_nmi
                0x0000000000010108                isr_mem_fault
                0x0000000000010118                isr_bus_fault
                0x0000000000010128                isr_usage_fault
                0x0000000000010138                isr_debug_mon
                0x0000000000010148                TIMER2_IRQHandler
                0x0000000000010148                I2C0_IRQHandler
                0x0000000000010148                PWM1_IRQHandler
                0x0000000000010148                I2C1_IRQHandler
                0x0000000000010148                EINT2_IRQHandler
                0x0000000000010148                UART1_IRQHandler
                0x0000000000010148                TIMER3_IRQHandler
                0x0000000000010148                PLL0_IRQHandler
                0x0000000000010148                PLL1_IRQHandler
                0x0000000000010148                SSP0_IRQHandler
                0x0000000000010148                CANAct_IRQHandler
                0x0000000000010148                I2S_IRQHandler
                0x0000000000010148                TIMER0_IRQHandler
                0x0000000000010148                SPI_IRQHandler
                0x0000000000010148                EINT1_IRQHandler
                0x0000000000010148                isr_default_handler
                0x0000000000010148                SSP1_IRQHandler
                0x0000000000010148                USB_IRQHandler
                0x0000000000010148                BOD_IRQHandler
                0x0000000000010148                WDT_IRQHandler
                0x0000000000010148                QEI_IRQHandler
                0x0000000000010148                EINT0_IRQHandler
                0x0000000000010148                DMA_IRQHandler
                0x0000000000010148                MCPWM_IRQHandler
                0x0000000000010148                ENET_IRQHandler
                0x0000000000010148                USBAct_IRQHandler
                0x0000000000010158                isr_sys_tick
                0x000000000001016a                data_init(unsigned int, unsigned int, unsigned int)
                0x0000000000010180                bss_init(unsigned int, unsigned int)
                0x0000000000010194                isr_reset
 *(.text*)
 .text.tlm_component_find_by_name
                0x0000000000010200       0x10 obj//home/marc/SJSU-Dev-New/firmware/lib/L3_Utils/tlm/src/c_tlm_comp.o
 .text.tlm_component_get_by_name
                0x0000000000010210       0x24 obj//home/marc/SJSU-Dev-New/firmware/lib/L3_Utils/tlm/src/c_tlm_comp.o
                0x0000000000010210                tlm_component_get_by_name
 .text.tlm_component_add
                0x0000000000010234       0x6c obj//home/marc/SJSU-Dev-New/firmware/lib/L3_Utils/tlm/src/c_tlm_comp.o
                0x0000000000010234                tlm_component_add
 .text.u0_dbg_put
                0x00000000000102a0       0x1e obj//home/marc/SJSU-Dev-New/firmware/lib/L3_Utils/src/printf_lib.o
                0x00000000000102a0                u0_dbg_put
 .text.u0_dbg_printf
                0x00000000000102be       0x3c obj//home/marc/SJSU-Dev-New/firmware/lib/L3_Utils/src/printf_lib.o
                0x00000000000102be                u0_dbg_printf
 .text.for_each_recur_alarm_callback
                0x00000000000102fa       0x24 obj//home/marc/SJSU-Dev-New/firmware/lib/L3_Utils/src/rtc_alarm.o
 .text.for_each_alarm_callback
                0x000000000001031e       0x5a obj//home/marc/SJSU-Dev-New/firmware/lib/L3_Utils/src/rtc_alarm.o
 .text.RTC_IRQHandler
                0x0000000000010378       0xac obj//home/marc/SJSU-Dev-New/firmware/lib/L3_Utils/src/rtc_alarm.o
                0x0000000000010378                RTC_IRQHandler
 .text.logger_write_to_file
                0x0000000000010424       0xb4 obj//home/marc/SJSU-Dev-New/firmware/lib/L3_Utils/src/file_logger.o
 .text.logger_task
                0x00000000000104d8       0xd0 obj//home/marc/SJSU-Dev-New/firmware/lib/L3_Utils/src/file_logger.o
 .text.logger_init
                0x00000000000105a8       0xcc obj//home/marc/SJSU-Dev-New/firmware/lib/L3_Utils/src/file_logger.o
                0x00000000000105a8                logger_init
 .text.c_list_create
                0x0000000000010674       0x14 obj//home/marc/SJSU-Dev-New/firmware/lib/L3_Utils/src/c_list.o
                0x0000000000010674                c_list_create
 .text.c_list_insert_elm_end
                0x0000000000010688       0x38 obj//home/marc/SJSU-Dev-New/firmware/lib/L3_Utils/src/c_list.o
                0x0000000000010688                c_list_insert_elm_end
 .text.c_list_find_elm
                0x00000000000106c0       0x2c obj//home/marc/SJSU-Dev-New/firmware/lib/L3_Utils/src/c_list.o
                0x00000000000106c0                c_list_find_elm
 .text.c_list_for_each_elm
                0x00000000000106ec       0x2a obj//home/marc/SJSU-Dev-New/firmware/lib/L3_Utils/src/c_list.o
                0x00000000000106ec                c_list_for_each_elm
 .text.delay_us
                0x0000000000010716       0x1c obj//home/marc/SJSU-Dev-New/firmware/lib/L3_Utils/src/utilities.o
                0x0000000000010716                delay_us
 .text.is_freertos_running
                0x0000000000010732        0xe obj//home/marc/SJSU-Dev-New/firmware/lib/L3_Utils/src/utilities.o
                0x0000000000010732                is_freertos_running
 .text.delay_ms
                0x0000000000010740       0x22 obj//home/marc/SJSU-Dev-New/firmware/lib/L3_Utils/src/utilities.o
                0x0000000000010740                delay_ms
 .text._ZN7UartDev7putCharEcj
                0x0000000000010762       0x5c obj//home/marc/SJSU-Dev-New/firmware/lib/L2_Drivers/base/uart_dev.o
                0x0000000000010762                UartDev::putChar(char, unsigned int)
 *fill*         0x00000000000107be        0x2 ff
 .text._ZN7UartDevD2Ev
                0x00000000000107c0       0x14 obj//home/marc/SJSU-Dev-New/firmware/lib/L2_Drivers/base/uart_dev.o
                0x00000000000107c0                UartDev::~UartDev()
                0x00000000000107c0                UartDev::~UartDev()
 .text._ZN7UartDevD0Ev
                0x00000000000107d4       0x14 obj//home/marc/SJSU-Dev-New/firmware/lib/L2_Drivers/base/uart_dev.o
                0x00000000000107d4                UartDev::~UartDev()
 .text._ZN7UartDev5flushEv
                0x00000000000107e8       0x20 obj//home/marc/SJSU-Dev-New/firmware/lib/L2_Drivers/base/uart_dev.o
                0x00000000000107e8                UartDev::flush()
 .text._ZN7UartDev7getCharEPcj
                0x0000000000010808       0x6c obj//home/marc/SJSU-Dev-New/firmware/lib/L2_Drivers/base/uart_dev.o
                0x0000000000010808                UartDev::getChar(char*, unsigned int)
 .text._ZN7UartDev15handleInterruptEv
                0x0000000000010874       0xc0 obj//home/marc/SJSU-Dev-New/firmware/lib/L2_Drivers/base/uart_dev.o
                0x0000000000010874                UartDev::handleInterrupt()
 .text._ZN7UartDevC2EPj
                0x0000000000010934       0x28 obj//home/marc/SJSU-Dev-New/firmware/lib/L2_Drivers/base/uart_dev.o
                0x0000000000010934                UartDev::UartDev(unsigned int*)
                0x0000000000010934                UartDev::UartDev(unsigned int*)
 .text._ZN8I2C_Base8transferEhPhmS0_m
                0x000000000001095c      0x108 obj//home/marc/SJSU-Dev-New/firmware/lib/L2_Drivers/base/i2c_base.o
                0x000000000001095c                I2C_Base::transfer(unsigned char, unsigned char*, unsigned long, unsigned char*, unsigned long)
 .text._ZN8I2C_Base21writeRegisterThenReadEhPhmS0_m
                0x0000000000010a64        0xc obj//home/marc/SJSU-Dev-New/firmware/lib/L2_Drivers/base/i2c_base.o
                0x0000000000010a64                I2C_Base::writeRegisterThenRead(unsigned char, unsigned char*, unsigned long, unsigned char*, unsigned long)
 .text._ZN8I2C_Base7readRegEhh
                0x0000000000010a70       0x28 obj//home/marc/SJSU-Dev-New/firmware/lib/L2_Drivers/base/i2c_base.o
                0x0000000000010a70                I2C_Base::readReg(unsigned char, unsigned char)
 .text._ZN8I2C_Base13readRegistersEhhPhm
                0x0000000000010a98       0x1a obj//home/marc/SJSU-Dev-New/firmware/lib/L2_Drivers/base/i2c_base.o
                0x0000000000010a98                I2C_Base::readRegisters(unsigned char, unsigned char, unsigned char*, unsigned long)
 .text._ZN8I2C_Base14writeRegistersEhPhm
                0x0000000000010ab2       0x14 obj//home/marc/SJSU-Dev-New/firmware/lib/L2_Drivers/base/i2c_base.o
                0x0000000000010ab2                I2C_Base::writeRegisters(unsigned char, unsigned char*, unsigned long)
 .text._ZN8I2C_Base8writeRegEhhh
                0x0000000000010ac6       0x18 obj//home/marc/SJSU-Dev-New/firmware/lib/L2_Drivers/base/i2c_base.o
                0x0000000000010ac6                I2C_Base::writeReg(unsigned char, unsigned char, unsigned char)
 .text._ZN8I2C_Base13readRegistersEhPhm
                0x0000000000010ade       0x18 obj//home/marc/SJSU-Dev-New/firmware/lib/L2_Drivers/base/i2c_base.o
                0x0000000000010ade                I2C_Base::readRegisters(unsigned char, unsigned char*, unsigned long)
 .text._ZN8I2C_Base19checkDeviceResponseEh
                0x0000000000010af6       0x14 obj//home/marc/SJSU-Dev-New/firmware/lib/L2_Drivers/base/i2c_base.o
                0x0000000000010af6                I2C_Base::checkDeviceResponse(unsigned char)
 *fill*         0x0000000000010b0a        0x2 ff
 .text._ZN8I2C_BaseC2EP15LPC_I2C_TypeDef
                0x0000000000010b0c       0x5c obj//home/marc/SJSU-Dev-New/firmware/lib/L2_Drivers/base/i2c_base.o
                0x0000000000010b0c                I2C_Base::I2C_Base(LPC_I2C_TypeDef*)
                0x0000000000010b0c                I2C_Base::I2C_Base(LPC_I2C_TypeDef*)
 .text._ZN8I2C_Base4initEmm
                0x0000000000010b68       0x94 obj//home/marc/SJSU-Dev-New/firmware/lib/L2_Drivers/base/i2c_base.o
                0x0000000000010b68                I2C_Base::init(unsigned long, unsigned long)
 .text._ZN8I2C_Base11clearSIFlagEv
                0x0000000000010bfc        0xa obj//home/marc/SJSU-Dev-New/firmware/lib/L2_Drivers/base/i2c_base.o
                0x0000000000010bfc                I2C_Base::clearSIFlag()
 .text._ZN8I2C_Base12setSTARTFlagEv
                0x0000000000010c06        0xa obj//home/marc/SJSU-Dev-New/firmware/lib/L2_Drivers/base/i2c_base.o
                0x0000000000010c06                I2C_Base::setSTARTFlag()
 .text._ZN8I2C_Base14clearSTARTFlagEv
                0x0000000000010c10        0xa obj//home/marc/SJSU-Dev-New/firmware/lib/L2_Drivers/base/i2c_base.o
                0x0000000000010c10                I2C_Base::clearSTARTFlag()
 .text._ZN8I2C_Base10setAckFlagEv
                0x0000000000010c1a        0xa obj//home/marc/SJSU-Dev-New/firmware/lib/L2_Drivers/base/i2c_base.o
                0x0000000000010c1a                I2C_Base::setAckFlag()
 .text._ZN8I2C_Base11setNackFlagEv
                0x0000000000010c24        0xa obj//home/marc/SJSU-Dev-New/firmware/lib/L2_Drivers/base/i2c_base.o
                0x0000000000010c24                I2C_Base::setNackFlag()
 .text._ZN8I2C_Base7setStopEv
                0x0000000000010c2e       0x28 obj//home/marc/SJSU-Dev-New/firmware/lib/L2_Drivers/base/i2c_base.o
                0x0000000000010c2e                I2C_Base::setStop()
 *fill*         0x0000000000010c56        0x2 ff
 .text._ZN8I2C_Base15handleInterruptEv
                0x0000000000010c58       0x38 obj//home/marc/SJSU-Dev-New/firmware/lib/L2_Drivers/base/i2c_base.o
                0x0000000000010c58                I2C_Base::handleInterrupt()
 .text._ZN7CharDev5flushEv
                0x0000000000010c90        0x4 obj//home/marc/SJSU-Dev-New/firmware/lib/L2_Drivers/base/char_dev.o
                0x0000000000010c90                CharDev::flush()
 .text._ZN7CharDevC2Ev
                0x0000000000010c94       0x20 obj//home/marc/SJSU-Dev-New/firmware/lib/L2_Drivers/base/char_dev.o
                0x0000000000010c94                CharDev::CharDev()
                0x0000000000010c94                CharDev::CharDev()
 .text._ZN7CharDevD2Ev
                0x0000000000010cb4       0x18 obj//home/marc/SJSU-Dev-New/firmware/lib/L2_Drivers/base/char_dev.o
                0x0000000000010cb4                CharDev::~CharDev()
                0x0000000000010cb4                CharDev::~CharDev()
 .text._ZN4I2C24initEj
                0x0000000000010ccc       0x6c obj//home/marc/SJSU-Dev-New/firmware/lib/L2_Drivers/src/i2c2.o
                0x0000000000010ccc                I2C2::init(unsigned int)
 .text._ZN4I2C29initSlaveEhPhm
                0x0000000000010d38        0x4 obj//home/marc/SJSU-Dev-New/firmware/lib/L2_Drivers/src/i2c2.o
                0x0000000000010d38                I2C2::initSlave(unsigned char, unsigned char*, unsigned long)
 .text._ZN4I2C2C2Ev
                0x0000000000010d3c       0x14 obj//home/marc/SJSU-Dev-New/firmware/lib/L2_Drivers/src/i2c2.o
                0x0000000000010d3c                I2C2::I2C2()
                0x0000000000010d3c                I2C2::I2C2()
 .text.I2C2_IRQHandler
                0x0000000000010d50       0x28 obj//home/marc/SJSU-Dev-New/firmware/lib/L2_Drivers/src/i2c2.o
                0x0000000000010d50                I2C2_IRQHandler
 .text.rtc_gettime
                0x0000000000010d78       0x48 obj//home/marc/SJSU-Dev-New/firmware/lib/L2_Drivers/src/rtc.o
                0x0000000000010d78                rtc_gettime
 .text.rtc_settime
                0x0000000000010dc0       0x68 obj//home/marc/SJSU-Dev-New/firmware/lib/L2_Drivers/src/rtc.o
                0x0000000000010dc0                rtc_settime
 .text.rtc_init
                0x0000000000010e28       0xd0 obj//home/marc/SJSU-Dev-New/firmware/lib/L2_Drivers/src/rtc.o
                0x0000000000010e28                rtc_init
 .text.ssp1_dma_init
                0x0000000000010ef8       0x1c obj//home/marc/SJSU-Dev-New/firmware/lib/L2_Drivers/src/spi_dma.o
                0x0000000000010ef8                ssp1_dma_init
 .text.ssp1_dma_transfer_block
                0x0000000000010f14       0xc0 obj//home/marc/SJSU-Dev-New/firmware/lib/L2_Drivers/src/spi_dma.o
                0x0000000000010f14                ssp1_dma_transfer_block
 .text.spi1_lock
                0x0000000000010fd4       0x30 obj//home/marc/SJSU-Dev-New/firmware/lib/L2_Drivers/src/spi_sem.o
                0x0000000000010fd4                spi1_lock
 .text.spi1_unlock
                0x0000000000011004       0x24 obj//home/marc/SJSU-Dev-New/firmware/lib/L2_Drivers/src/spi_sem.o
                0x0000000000011004                spi1_unlock
 .text._ZN5Uart2D2Ev
                0x0000000000011028       0x14 obj//home/marc/SJSU-Dev-New/firmware/lib/L2_Drivers/src/uart2.o
                0x0000000000011028                Uart2::~Uart2()
                0x0000000000011028                Uart2::~Uart2()
 .text._ZN5Uart2D0Ev
                0x000000000001103c       0x14 obj//home/marc/SJSU-Dev-New/firmware/lib/L2_Drivers/src/uart2.o
                0x000000000001103c                Uart2::~Uart2()
 .text._ZN5Uart2C2Ev
                0x0000000000011050       0x1c obj//home/marc/SJSU-Dev-New/firmware/lib/L2_Drivers/src/uart2.o
                0x0000000000011050                Uart2::Uart2()
                0x0000000000011050                Uart2::Uart2()
 .text.UART2_IRQHandler
                0x000000000001106c       0x24 obj//home/marc/SJSU-Dev-New/firmware/lib/L2_Drivers/src/uart2.o
                0x000000000001106c                UART2_IRQHandler
 .text.adc0_start_conversion
                0x0000000000011090       0x24 obj//home/marc/SJSU-Dev-New/firmware/lib/L2_Drivers/src/adc.o
 .text.ADC_IRQHandler
                0x00000000000110b4       0x48 obj//home/marc/SJSU-Dev-New/firmware/lib/L2_Drivers/src/adc.o
                0x00000000000110b4                ADC_IRQHandler
 .text.adc0_init
                0x00000000000110fc       0x74 obj//home/marc/SJSU-Dev-New/firmware/lib/L2_Drivers/src/adc.o
                0x00000000000110fc                adc0_init
 .text.adc0_get_reading
                0x0000000000011170       0x74 obj//home/marc/SJSU-Dev-New/firmware/lib/L2_Drivers/src/adc.o
                0x0000000000011170                adc0_get_reading
 .text.RIT_IRQHandler
                0x00000000000111e4       0x1c obj//home/marc/SJSU-Dev-New/firmware/lib/L2_Drivers/src/lpc_rit.o
                0x00000000000111e4                RIT_IRQHandler
 .text._ZN5Uart0D2Ev
                0x0000000000011200       0x14 obj//home/marc/SJSU-Dev-New/firmware/lib/L2_Drivers/src/uart0.o
                0x0000000000011200                Uart0::~Uart0()
                0x0000000000011200                Uart0::~Uart0()
 .text._ZN5Uart0D0Ev
                0x0000000000011214       0x14 obj//home/marc/SJSU-Dev-New/firmware/lib/L2_Drivers/src/uart0.o
                0x0000000000011214                Uart0::~Uart0()
 .text._ZN5Uart0C2Ev
                0x0000000000011228       0x1c obj//home/marc/SJSU-Dev-New/firmware/lib/L2_Drivers/src/uart0.o
                0x0000000000011228                Uart0::Uart0()
                0x0000000000011228                Uart0::Uart0()
 .text.UART0_IRQHandler
                0x0000000000011244       0x24 obj//home/marc/SJSU-Dev-New/firmware/lib/L2_Drivers/src/uart0.o
                0x0000000000011244                UART0_IRQHandler
 .text.handle_eint_list
                0x0000000000011268       0x2c obj//home/marc/SJSU-Dev-New/firmware/lib/L2_Drivers/src/eint.o
 .text.eint3_enable.isra.0
                0x0000000000011294       0x38 obj//home/marc/SJSU-Dev-New/firmware/lib/L2_Drivers/src/eint.o
 .text.EINT3_IRQHandler
                0x00000000000112cc       0x80 obj//home/marc/SJSU-Dev-New/firmware/lib/L2_Drivers/src/eint.o
                0x00000000000112cc                EINT3_IRQHandler
 .text.eint3_enable_port0
                0x000000000001134c       0x30 obj//home/marc/SJSU-Dev-New/firmware/lib/L2_Drivers/src/eint.o
                0x000000000001134c                eint3_enable_port0
 .text.CAN_tx_now
                0x000000000001137c       0x32 obj//home/marc/SJSU-Dev-New/firmware/lib/L2_Drivers/src/can.o
 *fill*         0x00000000000113ae        0x2 ff
 .text.CAN_handle_isr
                0x00000000000113b0       0xa4 obj//home/marc/SJSU-Dev-New/firmware/lib/L2_Drivers/src/can.o
 .text.CAN_IRQHandler
                0x0000000000011454       0x28 obj//home/marc/SJSU-Dev-New/firmware/lib/L2_Drivers/src/can.o
                0x0000000000011454                CAN_IRQHandler
 .text.lpc_timer_get_struct
                0x000000000001147c       0x20 obj//home/marc/SJSU-Dev-New/firmware/lib/L2_Drivers/src/lpc_timers.o
 .text.lpc_timer_enable
                0x000000000001149c       0x6c obj//home/marc/SJSU-Dev-New/firmware/lib/L2_Drivers/src/lpc_timers.o
                0x000000000001149c                lpc_timer_enable
 .text._ZN5Uart3D2Ev
                0x0000000000011508       0x14 obj//home/marc/SJSU-Dev-New/firmware/lib/L2_Drivers/src/uart3.o
                0x0000000000011508                Uart3::~Uart3()
                0x0000000000011508                Uart3::~Uart3()
 .text._ZN5Uart3D0Ev
                0x000000000001151c       0x14 obj//home/marc/SJSU-Dev-New/firmware/lib/L2_Drivers/src/uart3.o
                0x000000000001151c                Uart3::~Uart3()
 .text._ZN5Uart3C2Ev
                0x0000000000011530       0x1c obj//home/marc/SJSU-Dev-New/firmware/lib/L2_Drivers/src/uart3.o
                0x0000000000011530                Uart3::Uart3()
                0x0000000000011530                Uart3::Uart3()
 .text.UART3_IRQHandler
                0x000000000001154c       0x24 obj//home/marc/SJSU-Dev-New/firmware/lib/L2_Drivers/src/uart3.o
                0x000000000001154c                UART3_IRQHandler
 .text._ZL13hl_print_linev
                0x0000000000011570        0xc obj//home/marc/SJSU-Dev-New/firmware/lib/L5_HighLevel/source/high_level_init.o
 .text.ssp_set_max_clock
                0x000000000001157c       0x2c obj//home/marc/SJSU-Dev-New/firmware/lib/L5_HighLevel/source/high_level_init.o
 .text._ZL16hl_mount_storageR16FileSystemObjectPKc
                0x00000000000115a8       0x90 obj//home/marc/SJSU-Dev-New/firmware/lib/L5_HighLevel/source/high_level_init.o
 .text._ZN7Storage13getFlashDriveEv
                0x0000000000011638       0x4c obj//home/marc/SJSU-Dev-New/firmware/lib/L5_HighLevel/source/high_level_init.o
                0x0000000000011638                Storage::getFlashDrive()
 .text._ZN17SingletonTemplateI4I2C2E11getInstanceEv
                0x0000000000011684       0x20 obj//home/marc/SJSU-Dev-New/firmware/lib/L5_HighLevel/source/high_level_init.o
                0x0000000000011684                SingletonTemplate<I2C2>::getInstance()
 .text._ZN17SingletonTemplateI11LED_DisplayE11getInstanceEv
                0x00000000000116a4       0x24 obj//home/marc/SJSU-Dev-New/firmware/lib/L5_HighLevel/source/high_level_init.o
                0x00000000000116a4                SingletonTemplate<LED_Display>::getInstance()
 .text._ZN17SingletonTemplateI3LEDE11getInstanceEv
                0x00000000000116c8       0x1c obj//home/marc/SJSU-Dev-New/firmware/lib/L5_HighLevel/source/high_level_init.o
                0x00000000000116c8                SingletonTemplate<LED>::getInstance()
 .text._ZN17SingletonTemplateI17TemperatureSensorE11getInstanceEv
                0x00000000000116e4       0x28 obj//home/marc/SJSU-Dev-New/firmware/lib/L5_HighLevel/source/high_level_init.o
                0x00000000000116e4                SingletonTemplate<TemperatureSensor>::getInstance()
 .text._ZN17SingletonTemplateI12Light_SensorE11getInstanceEv
                0x000000000001170c       0x18 obj//home/marc/SJSU-Dev-New/firmware/lib/L5_HighLevel/source/high_level_init.o
                0x000000000001170c                SingletonTemplate<Light_Sensor>::getInstance()
 .text._ZN17SingletonTemplateI8SwitchesE11getInstanceEv
                0x0000000000011724       0x18 obj//home/marc/SJSU-Dev-New/firmware/lib/L5_HighLevel/source/high_level_init.o
                0x0000000000011724                SingletonTemplate<Switches>::getInstance()
 .text._Z15high_level_initv
                0x000000000001173c      0x560 obj//home/marc/SJSU-Dev-New/firmware/lib/L5_HighLevel/source/high_level_init.o
                0x000000000001173c                high_level_init()
 .text._ZN17SingletonTemplateI9IR_SensorE11getInstanceEv
                0x0000000000011c9c       0x18 obj//home/marc/SJSU-Dev-New/firmware/lib/L5_HighLevel/source/remote.o
                0x0000000000011c9c                SingletonTemplate<IR_Sensor>::getInstance()
 .text.pvPortMalloc
                0x0000000000011cb4       0x1e obj//home/marc/SJSU-Dev-New/firmware/lib/L1_FreeRTOS/MemMang/freertos_mem_man.o
                0x0000000000011cb4                pvPortMalloc
 .text.vPortFree
                0x0000000000011cd2       0x1a obj//home/marc/SJSU-Dev-New/firmware/lib/L1_FreeRTOS/MemMang/freertos_mem_man.o
                0x0000000000011cd2                vPortFree
 .text.rts_not_full_trace_get
                0x0000000000011cec       0x14 obj//home/marc/SJSU-Dev-New/firmware/lib/L1_FreeRTOS/portable/run_time_stats.o
                0x0000000000011cec                rts_not_full_trace_get
 .text.prvTaskExitError
                0x0000000000011d00       0x12 obj//home/marc/SJSU-Dev-New/firmware/lib/L1_FreeRTOS/portable/no_mpu/port.o
 *fill*         0x0000000000011d12        0x2 ff
 .text.pxPortInitialiseStack
                0x0000000000011d14       0x24 obj//home/marc/SJSU-Dev-New/firmware/lib/L1_FreeRTOS/portable/no_mpu/port.o
                0x0000000000011d14                pxPortInitialiseStack
 *fill*         0x0000000000011d38        0x8 ff
 .text.vPortSVCHandler
                0x0000000000011d40       0x24 obj//home/marc/SJSU-Dev-New/firmware/lib/L1_FreeRTOS/portable/no_mpu/port.o
                0x0000000000011d40                vPortSVCHandler
 .text.vPortEnterCritical
                0x0000000000011d64       0x20 obj//home/marc/SJSU-Dev-New/firmware/lib/L1_FreeRTOS/portable/no_mpu/port.o
                0x0000000000011d64                vPortEnterCritical
 .text.vPortExitCritical
                0x0000000000011d84       0x14 obj//home/marc/SJSU-Dev-New/firmware/lib/L1_FreeRTOS/portable/no_mpu/port.o
                0x0000000000011d84                vPortExitCritical
 *fill*         0x0000000000011d98        0x8 ff
 .text.xPortPendSVHandler
                0x0000000000011da0       0x44 obj//home/marc/SJSU-Dev-New/firmware/lib/L1_FreeRTOS/portable/no_mpu/port.o
                0x0000000000011da0                xPortPendSVHandler
 .text.xPortSysTickHandler
                0x0000000000011de4       0x2c obj//home/marc/SJSU-Dev-New/firmware/lib/L1_FreeRTOS/portable/no_mpu/port.o
                0x0000000000011de4                xPortSysTickHandler
 .text.prvResetNextTaskUnblockTime
                0x0000000000011e10       0x24 obj//home/marc/SJSU-Dev-New/firmware/lib/L1_FreeRTOS/src/tasks.o
 .text.prvAddCurrentTaskToDelayedList
                0x0000000000011e34       0x8c obj//home/marc/SJSU-Dev-New/firmware/lib/L1_FreeRTOS/src/tasks.o
 .text.xTaskCreate
                0x0000000000011ec0      0x1a4 obj//home/marc/SJSU-Dev-New/firmware/lib/L1_FreeRTOS/src/tasks.o
                0x0000000000011ec0                xTaskCreate
 .text.vTaskSuspendAll
                0x0000000000012064       0x10 obj//home/marc/SJSU-Dev-New/firmware/lib/L1_FreeRTOS/src/tasks.o
                0x0000000000012064                vTaskSuspendAll
 .text.xTaskGetTickCountFromISR
                0x0000000000012074        0xc obj//home/marc/SJSU-Dev-New/firmware/lib/L1_FreeRTOS/src/tasks.o
                0x0000000000012074                xTaskGetTickCountFromISR
 .text.xTaskIncrementTick
                0x0000000000012080      0x10c obj//home/marc/SJSU-Dev-New/firmware/lib/L1_FreeRTOS/src/tasks.o
                0x0000000000012080                xTaskIncrementTick
 .text.xTaskResumeAll
                0x000000000001218c       0xd8 obj//home/marc/SJSU-Dev-New/firmware/lib/L1_FreeRTOS/src/tasks.o
                0x000000000001218c                xTaskResumeAll
 .text.vTaskDelay
                0x0000000000012264       0x30 obj//home/marc/SJSU-Dev-New/firmware/lib/L1_FreeRTOS/src/tasks.o
                0x0000000000012264                vTaskDelay
 .text.vTaskSwitchContext
                0x0000000000012294       0xb8 obj//home/marc/SJSU-Dev-New/firmware/lib/L1_FreeRTOS/src/tasks.o
                0x0000000000012294                vTaskSwitchContext
 .text.vTaskPlaceOnEventList
                0x000000000001234c       0x20 obj//home/marc/SJSU-Dev-New/firmware/lib/L1_FreeRTOS/src/tasks.o
                0x000000000001234c                vTaskPlaceOnEventList
 .text.xTaskRemoveFromEventList
                0x000000000001236c       0x70 obj//home/marc/SJSU-Dev-New/firmware/lib/L1_FreeRTOS/src/tasks.o
                0x000000000001236c                xTaskRemoveFromEventList
 .text.vTaskSetTimeOutState
                0x00000000000123dc       0x18 obj//home/marc/SJSU-Dev-New/firmware/lib/L1_FreeRTOS/src/tasks.o
                0x00000000000123dc                vTaskSetTimeOutState
 .text.xTaskCheckForTimeOut
                0x00000000000123f4       0x4c obj//home/marc/SJSU-Dev-New/firmware/lib/L1_FreeRTOS/src/tasks.o
                0x00000000000123f4                xTaskCheckForTimeOut
 .text.vTaskMissedYield
                0x0000000000012440        0xc obj//home/marc/SJSU-Dev-New/firmware/lib/L1_FreeRTOS/src/tasks.o
                0x0000000000012440                vTaskMissedYield
 .text.xTaskGetSchedulerState
                0x000000000001244c       0x20 obj//home/marc/SJSU-Dev-New/firmware/lib/L1_FreeRTOS/src/tasks.o
                0x000000000001244c                xTaskGetSchedulerState
 .text.vTaskPriorityInherit
                0x000000000001246c       0x90 obj//home/marc/SJSU-Dev-New/firmware/lib/L1_FreeRTOS/src/tasks.o
                0x000000000001246c                vTaskPriorityInherit
 .text.xTaskPriorityDisinherit
                0x00000000000124fc       0x70 obj//home/marc/SJSU-Dev-New/firmware/lib/L1_FreeRTOS/src/tasks.o
                0x00000000000124fc                xTaskPriorityDisinherit
 .text.pvTaskIncrementMutexHeldCount
                0x000000000001256c       0x18 obj//home/marc/SJSU-Dev-New/firmware/lib/L1_FreeRTOS/src/tasks.o
                0x000000000001256c                pvTaskIncrementMutexHeldCount
 .text.vRunTimeStatIsrEntry
                0x0000000000012584       0x28 obj//home/marc/SJSU-Dev-New/firmware/lib/L1_FreeRTOS/src/tasks.o
                0x0000000000012584                vRunTimeStatIsrEntry
 .text.vRunTimeStatIsrExit
                0x00000000000125ac       0x10 obj//home/marc/SJSU-Dev-New/firmware/lib/L1_FreeRTOS/src/tasks.o
                0x00000000000125ac                vRunTimeStatIsrExit
 .text.vListInitialise
                0x00000000000125bc       0x16 obj//home/marc/SJSU-Dev-New/firmware/lib/L1_FreeRTOS/src/list.o
                0x00000000000125bc                vListInitialise
 .text.vListInitialiseItem
                0x00000000000125d2        0x6 obj//home/marc/SJSU-Dev-New/firmware/lib/L1_FreeRTOS/src/list.o
                0x00000000000125d2                vListInitialiseItem
 .text.vListInsertEnd
                0x00000000000125d8       0x18 obj//home/marc/SJSU-Dev-New/firmware/lib/L1_FreeRTOS/src/list.o
                0x00000000000125d8                vListInsertEnd
 .text.vListInsert
                0x00000000000125f0       0x2e obj//home/marc/SJSU-Dev-New/firmware/lib/L1_FreeRTOS/src/list.o
                0x00000000000125f0                vListInsert
 .text.uxListRemove
                0x000000000001261e       0x20 obj//home/marc/SJSU-Dev-New/firmware/lib/L1_FreeRTOS/src/list.o
                0x000000000001261e                uxListRemove
 .text.prvCopyDataToQueue
                0x000000000001263e       0x66 obj//home/marc/SJSU-Dev-New/firmware/lib/L1_FreeRTOS/src/queue.o
 .text.prvNotifyQueueSetContainer
                0x00000000000126a4       0x4a obj//home/marc/SJSU-Dev-New/firmware/lib/L1_FreeRTOS/src/queue.o
 .text.prvCopyDataFromQueue
                0x00000000000126ee       0x28 obj//home/marc/SJSU-Dev-New/firmware/lib/L1_FreeRTOS/src/queue.o
 .text.prvUnlockQueue
                0x0000000000012716       0x7e obj//home/marc/SJSU-Dev-New/firmware/lib/L1_FreeRTOS/src/queue.o
 .text.xQueueGenericReset
                0x0000000000012794       0x6c obj//home/marc/SJSU-Dev-New/firmware/lib/L1_FreeRTOS/src/queue.o
                0x0000000000012794                xQueueGenericReset
 .text.xQueueGenericCreate
                0x0000000000012800       0x32 obj//home/marc/SJSU-Dev-New/firmware/lib/L1_FreeRTOS/src/queue.o
                0x0000000000012800                xQueueGenericCreate
 *fill*         0x0000000000012832        0x2 ff
 .text.xQueueGenericSend
                0x0000000000012834      0x104 obj//home/marc/SJSU-Dev-New/firmware/lib/L1_FreeRTOS/src/queue.o
                0x0000000000012834                xQueueGenericSend
 .text.xQueueCreateMutex
                0x0000000000012938       0x24 obj//home/marc/SJSU-Dev-New/firmware/lib/L1_FreeRTOS/src/queue.o
                0x0000000000012938                xQueueCreateMutex
 .text.xQueueGenericSendFromISR
                0x000000000001295c       0x80 obj//home/marc/SJSU-Dev-New/firmware/lib/L1_FreeRTOS/src/queue.o
                0x000000000001295c                xQueueGenericSendFromISR
 .text.xQueueGiveFromISR
                0x00000000000129dc       0x68 obj//home/marc/SJSU-Dev-New/firmware/lib/L1_FreeRTOS/src/queue.o
                0x00000000000129dc                xQueueGiveFromISR
 .text.xQueueGenericReceive
                0x0000000000012a44      0x134 obj//home/marc/SJSU-Dev-New/firmware/lib/L1_FreeRTOS/src/queue.o
                0x0000000000012a44                xQueueGenericReceive
 .text.xQueueReceiveFromISR
                0x0000000000012b78       0x68 obj//home/marc/SJSU-Dev-New/firmware/lib/L1_FreeRTOS/src/queue.o
                0x0000000000012b78                xQueueReceiveFromISR
 .text.uxQueueMessagesWaiting
                0x0000000000012be0       0x12 obj//home/marc/SJSU-Dev-New/firmware/lib/L1_FreeRTOS/src/queue.o
                0x0000000000012be0                uxQueueMessagesWaiting
 .text.uxQueueMessagesWaitingFromISR
                0x0000000000012bf2        0x4 obj//home/marc/SJSU-Dev-New/firmware/lib/L1_FreeRTOS/src/queue.o
                0x0000000000012bf2                uxQueueMessagesWaitingFromISR
 *fill*         0x0000000000012bf6        0x2 ff
 .text.vApplicationStackOverflowHook
                0x0000000000012bf8       0x38 obj//home/marc/SJSU-Dev-New/firmware/lib/L1_FreeRTOS/hooks/hooks.o
                0x0000000000012bf8                vApplicationStackOverflowHook
 .text.vApplicationMallocFailedHook
                0x0000000000012c30       0x24 obj//home/marc/SJSU-Dev-New/firmware/lib/L1_FreeRTOS/hooks/hooks.o
                0x0000000000012c30                vApplicationMallocFailedHook
 .text.remap_fatfs_errors
                0x0000000000012c54       0x56 obj//home/marc/SJSU-Dev-New/firmware/lib/newlib/newlib_syscalls.o
 *fill*         0x0000000000012caa        0x2 ff
 .text.findslot
                0x0000000000012cac       0x4c obj//home/marc/SJSU-Dev-New/firmware/lib/newlib/newlib_syscalls.o
 .text.remap_handle
                0x0000000000012cf8       0x28 obj//home/marc/SJSU-Dev-New/firmware/lib/newlib/newlib_syscalls.o
 .text.sys_set_outchar_func
                0x0000000000012d20        0xc obj//home/marc/SJSU-Dev-New/firmware/lib/newlib/newlib_syscalls.o
                0x0000000000012d20                sys_set_outchar_func
 .text.sys_set_inchar_func
                0x0000000000012d2c        0xc obj//home/marc/SJSU-Dev-New/firmware/lib/newlib/newlib_syscalls.o
                0x0000000000012d2c                sys_set_inchar_func
 .text._kill    0x0000000000012d38       0x10 obj//home/marc/SJSU-Dev-New/firmware/lib/newlib/newlib_syscalls.o
                0x0000000000012d38                _kill
 .text._exit    0x0000000000012d48       0x10 obj//home/marc/SJSU-Dev-New/firmware/lib/newlib/newlib_syscalls.o
                0x0000000000012d48                _exit
 .text._getpid  0x0000000000012d58        0x4 obj//home/marc/SJSU-Dev-New/firmware/lib/newlib/newlib_syscalls.o
                0x0000000000012d58                _getpid
 .text._init    0x0000000000012d5c        0x4 obj//home/marc/SJSU-Dev-New/firmware/lib/newlib/newlib_syscalls.o
                0x0000000000012d5c                _init
 .text.syscalls_init
                0x0000000000012d60       0x34 obj//home/marc/SJSU-Dev-New/firmware/lib/newlib/newlib_syscalls.o
                0x0000000000012d60                syscalls_init
 .text._read    0x0000000000012d94       0x9c obj//home/marc/SJSU-Dev-New/firmware/lib/newlib/newlib_syscalls.o
                0x0000000000012d94                _read
 .text._lseek   0x0000000000012e30       0x60 obj//home/marc/SJSU-Dev-New/firmware/lib/newlib/newlib_syscalls.o
                0x0000000000012e30                _lseek
 .text._write   0x0000000000012e90       0xa4 obj//home/marc/SJSU-Dev-New/firmware/lib/newlib/newlib_syscalls.o
                0x0000000000012e90                _write
 .text._close   0x0000000000012f34       0x54 obj//home/marc/SJSU-Dev-New/firmware/lib/newlib/newlib_syscalls.o
                0x0000000000012f34                _close
 .text._fstat   0x0000000000012f88       0x10 obj//home/marc/SJSU-Dev-New/firmware/lib/newlib/newlib_syscalls.o
                0x0000000000012f88                _fstat
 .text._isatty  0x0000000000012f98       0x24 obj//home/marc/SJSU-Dev-New/firmware/lib/newlib/newlib_syscalls.o
                0x0000000000012f98                _isatty
 .text._sbrk    0x0000000000012fbc       0x6c obj//home/marc/SJSU-Dev-New/firmware/lib/newlib/memory.o
                0x0000000000012fbc                _sbrk
 .text._Znwj    0x0000000000013028        0x4 obj//home/marc/SJSU-Dev-New/firmware/lib/newlib/memory.o
                0x0000000000013028                operator new(unsigned int)
 .text._ZdlPv   0x000000000001302c        0x4 obj//home/marc/SJSU-Dev-New/firmware/lib/newlib/memory.o
                0x000000000001302c                operator delete(void*)
 .text.sys_get_mem_info
                0x0000000000013030       0xb4 obj//home/marc/SJSU-Dev-New/firmware/lib/newlib/memory.o
                0x0000000000013030                sys_get_mem_info
 .text.__malloc_lock
                0x00000000000130e4        0x4 obj//home/marc/SJSU-Dev-New/firmware/lib/newlib/malloc_lock.o
                0x00000000000130e4                __malloc_lock
 .text.__malloc_unlock
                0x00000000000130e8        0x4 obj//home/marc/SJSU-Dev-New/firmware/lib/newlib/malloc_lock.o
                0x00000000000130e8                __malloc_unlock
 .text._gettimeofday
                0x00000000000130ec       0x7a obj//home/marc/SJSU-Dev-New/firmware/lib/newlib/newlib_time.o
                0x00000000000130ec                _gettimeofday
 *fill*         0x0000000000013166        0x2 ff
 .text.lpc_pconp
                0x0000000000013168       0x34 obj//home/marc/SJSU-Dev-New/firmware/lib/L0_LowLevel/source/lpc_peripherals.o
                0x0000000000013168                lpc_pconp
 .text.lpc_pclk
                0x000000000001319c       0x48 obj//home/marc/SJSU-Dev-New/firmware/lib/L0_LowLevel/source/lpc_peripherals.o
                0x000000000001319c                lpc_pclk
 .text.__set_PSP
                0x00000000000131e4        0x6 obj//home/marc/SJSU-Dev-New/firmware/lib/L0_LowLevel/source/core_cm3.o
                0x00000000000131e4                __set_PSP
 .text.__set_MSP
                0x00000000000131ea        0x6 obj//home/marc/SJSU-Dev-New/firmware/lib/L0_LowLevel/source/core_cm3.o
                0x00000000000131ea                __set_MSP
 .text.__set_BASEPRI
                0x00000000000131f0        0x6 obj//home/marc/SJSU-Dev-New/firmware/lib/L0_LowLevel/source/core_cm3.o
                0x00000000000131f0                __set_BASEPRI
 *fill*         0x00000000000131f6        0x2 ff
 .text._ZL19sys_clock_pll0_feedv
                0x00000000000131f8       0x14 obj//home/marc/SJSU-Dev-New/firmware/lib/L0_LowLevel/source/sys_clock.o
 .text._ZL23sys_clock_configure_plljjPiS_S_.constprop.0
                0x000000000001320c       0x78 obj//home/marc/SJSU-Dev-New/firmware/lib/L0_LowLevel/source/sys_clock.o
 .text._Z19sys_clock_configurev
                0x0000000000013284       0xb4 obj//home/marc/SJSU-Dev-New/firmware/lib/L0_LowLevel/source/sys_clock.o
                0x0000000000013284                sys_clock_configure()
 .text.sys_get_cpu_clock
                0x0000000000013338       0xa8 obj//home/marc/SJSU-Dev-New/firmware/lib/L0_LowLevel/source/sys_clock.o
                0x0000000000013338                sys_get_cpu_clock
 .text.lpc_sys_setup_system_timer
                0x00000000000133e0       0x54 obj//home/marc/SJSU-Dev-New/firmware/lib/L0_LowLevel/source/lpc_sys.o
                0x00000000000133e0                lpc_sys_setup_system_timer
 .text.sys_get_uptime_us
                0x0000000000013434       0x2c obj//home/marc/SJSU-Dev-New/firmware/lib/L0_LowLevel/source/lpc_sys.o
                0x0000000000013434                sys_get_uptime_us
 .text.sys_get_mem_info_str
                0x0000000000013460       0x38 obj//home/marc/SJSU-Dev-New/firmware/lib/L0_LowLevel/source/lpc_sys.o
                0x0000000000013460                sys_get_mem_info_str
 .text.TIMER1_IRQHandler
                0x0000000000013498       0xbc obj//home/marc/SJSU-Dev-New/firmware/lib/L0_LowLevel/source/lpc_sys.o
                0x0000000000013498                TIMER1_IRQHandler
 .text.isr_forwarder_routine
                0x0000000000013554       0x3c obj//home/marc/SJSU-Dev-New/firmware/lib/L0_LowLevel/source/startup.o
 .text.isr_hard_fault_handler
                0x0000000000013590       0x58 obj//home/marc/SJSU-Dev-New/firmware/lib/L0_LowLevel/source/startup.o
                0x0000000000013590                isr_hard_fault_handler
 .text.sys_get_boot_type
                0x00000000000135e8        0xc obj//home/marc/SJSU-Dev-New/firmware/lib/L0_LowLevel/source/low_level_init.o
                0x00000000000135e8                sys_get_boot_type
 .text._Z14low_level_initv
                0x00000000000135f4      0x228 obj//home/marc/SJSU-Dev-New/firmware/lib/L0_LowLevel/source/low_level_init.o
                0x00000000000135f4                low_level_init()
 .text.uart0_init
                0x000000000001381c       0x60 obj//home/marc/SJSU-Dev-New/firmware/lib/L0_LowLevel/source/uart0_min.o
                0x000000000001381c                uart0_init
 .text.uart0_getchar
                0x000000000001387c       0x18 obj//home/marc/SJSU-Dev-New/firmware/lib/L0_LowLevel/source/uart0_min.o
                0x000000000001387c                uart0_getchar
 .text.uart0_putchar
                0x0000000000013894       0x18 obj//home/marc/SJSU-Dev-New/firmware/lib/L0_LowLevel/source/uart0_min.o
                0x0000000000013894                uart0_putchar
 .text.uart0_puts
                0x00000000000138ac       0x1a obj//home/marc/SJSU-Dev-New/firmware/lib/L0_LowLevel/source/uart0_min.o
                0x00000000000138ac                uart0_puts
 .text.mesh_incr_soft_timers_for_arr
                0x00000000000138c6       0x26 obj//home/marc/SJSU-Dev-New/firmware/lib/L4_IO/wireless/src/mesh.o
 .text.mesh_update_soft_timers
                0x00000000000138ec       0x4c obj//home/marc/SJSU-Dev-New/firmware/lib/L4_IO/wireless/src/mesh.o
 .text.mesh_send_packet
                0x0000000000013938       0x3c obj//home/marc/SJSU-Dev-New/firmware/lib/L4_IO/wireless/src/mesh.o
 .text.mesh_send_retry_packet
                0x0000000000013974       0x34 obj//home/marc/SJSU-Dev-New/firmware/lib/L4_IO/wireless/src/mesh.o
 .text.mesh_find_rte_tbl_entry
                0x00000000000139a8       0x24 obj//home/marc/SJSU-Dev-New/firmware/lib/L4_IO/wireless/src/mesh.o
 .text.mesh_update_rte_scores
                0x00000000000139cc       0x28 obj//home/marc/SJSU-Dev-New/firmware/lib/L4_IO/wireless/src/mesh.o
 .text.mesh_get_pnd_pkt_slot
                0x00000000000139f4       0x40 obj//home/marc/SJSU-Dev-New/firmware/lib/L4_IO/wireless/src/mesh.o
 .text.mesh_pending_packets_add
                0x0000000000013a34       0x90 obj//home/marc/SJSU-Dev-New/firmware/lib/L4_IO/wireless/src/mesh.o
 .text.mesh_get_rte_to_modify
                0x0000000000013ac4       0x58 obj//home/marc/SJSU-Dev-New/firmware/lib/L4_IO/wireless/src/mesh.o
 .text.mesh_handle_pnd_pkts_for_arr
                0x0000000000013b1c      0x178 obj//home/marc/SJSU-Dev-New/firmware/lib/L4_IO/wireless/src/mesh.o
 .text.mesh_set_node_address
                0x0000000000013c94       0x18 obj//home/marc/SJSU-Dev-New/firmware/lib/L4_IO/wireless/src/mesh.o
                0x0000000000013c94                mesh_set_node_address
 .text.mesh_get_node_address
                0x0000000000013cac        0xc obj//home/marc/SJSU-Dev-New/firmware/lib/L4_IO/wireless/src/mesh.o
                0x0000000000013cac                mesh_get_node_address
 .text.mesh_form_pkt
                0x0000000000013cb8       0xf8 obj//home/marc/SJSU-Dev-New/firmware/lib/L4_IO/wireless/src/mesh.o
                0x0000000000013cb8                mesh_form_pkt
 .text.mesh_send_formed_pkt
                0x0000000000013db0       0x58 obj//home/marc/SJSU-Dev-New/firmware/lib/L4_IO/wireless/src/mesh.o
                0x0000000000013db0                mesh_send_formed_pkt
 .text.mesh_init
                0x0000000000013e08      0x100 obj//home/marc/SJSU-Dev-New/firmware/lib/L4_IO/wireless/src/mesh.o
                0x0000000000013e08                mesh_init
 .text.mesh_send
                0x0000000000013f08       0x3e obj//home/marc/SJSU-Dev-New/firmware/lib/L4_IO/wireless/src/mesh.o
                0x0000000000013f08                mesh_send
 .text.mesh_send_ack
                0x0000000000013f46       0x1a obj//home/marc/SJSU-Dev-New/firmware/lib/L4_IO/wireless/src/mesh.o
 .text.mesh_get_num_routing_entries
                0x0000000000013f60       0x1c obj//home/marc/SJSU-Dev-New/firmware/lib/L4_IO/wireless/src/mesh.o
                0x0000000000013f60                mesh_get_num_routing_entries
 .text.mesh_service
                0x0000000000013f7c      0x2d0 obj//home/marc/SJSU-Dev-New/firmware/lib/L4_IO/wireless/src/mesh.o
                0x0000000000013f7c                mesh_service
 .text.mesh_get_pnd_pkt_count
                0x000000000001424c       0x34 obj//home/marc/SJSU-Dev-New/firmware/lib/L4_IO/wireless/src/mesh.o
                0x000000000001424c                mesh_get_pnd_pkt_count
 .text.nordic_transfer
                0x0000000000014280       0xe8 obj//home/marc/SJSU-Dev-New/firmware/lib/L4_IO/wireless/src/nrf24L01Plus.o
 .text.nordic_readRegister
                0x0000000000014368       0x20 obj//home/marc/SJSU-Dev-New/firmware/lib/L4_IO/wireless/src/nrf24L01Plus.o
 .text.nordic_writeRegister
                0x0000000000014388       0x1e obj//home/marc/SJSU-Dev-New/firmware/lib/L4_IO/wireless/src/nrf24L01Plus.o
 .text.nordic_is_tx_fifo_empty
                0x00000000000143a6        0xe obj//home/marc/SJSU-Dev-New/firmware/lib/L4_IO/wireless/src/nrf24L01Plus.o
                0x00000000000143a6                nordic_is_tx_fifo_empty
 .text.nordic_clear_all_intr_flags
                0x00000000000143b4        0x8 obj//home/marc/SJSU-Dev-New/firmware/lib/L4_IO/wireless/src/nrf24L01Plus.o
                0x00000000000143b4                nordic_clear_all_intr_flags
 .text.nordic_queue_tx_fifo
                0x00000000000143bc        0xc obj//home/marc/SJSU-Dev-New/firmware/lib/L4_IO/wireless/src/nrf24L01Plus.o
                0x00000000000143bc                nordic_queue_tx_fifo
 .text.nordic_standby1_to_tx_mode1
                0x00000000000143c8       0x16 obj//home/marc/SJSU-Dev-New/firmware/lib/L4_IO/wireless/src/nrf24L01Plus.o
                0x00000000000143c8                nordic_standby1_to_tx_mode1
 *fill*         0x00000000000143de        0x2 ff
 .text.nordic_rx_to_Stanby1
                0x00000000000143e0       0x10 obj//home/marc/SJSU-Dev-New/firmware/lib/L4_IO/wireless/src/nrf24L01Plus.o
                0x00000000000143e0                nordic_rx_to_Stanby1
 .text.nordic_standby1_to_rx
                0x00000000000143f0       0x24 obj//home/marc/SJSU-Dev-New/firmware/lib/L4_IO/wireless/src/nrf24L01Plus.o
                0x00000000000143f0                nordic_standby1_to_rx
 .text.nordic_clear_packet_sent_flag
                0x0000000000014414        0x8 obj//home/marc/SJSU-Dev-New/firmware/lib/L4_IO/wireless/src/nrf24L01Plus.o
                0x0000000000014414                nordic_clear_packet_sent_flag
 .text.nordic_flush_tx_fifo
                0x000000000001441c        0xc obj//home/marc/SJSU-Dev-New/firmware/lib/L4_IO/wireless/src/nrf24L01Plus.o
                0x000000000001441c                nordic_flush_tx_fifo
 .text.nordic_mode1_send_single_packet
                0x0000000000014428       0x4c obj//home/marc/SJSU-Dev-New/firmware/lib/L4_IO/wireless/src/nrf24L01Plus.o
                0x0000000000014428                nordic_mode1_send_single_packet
 .text.nordic_is_packet_available
                0x0000000000014474       0x10 obj//home/marc/SJSU-Dev-New/firmware/lib/L4_IO/wireless/src/nrf24L01Plus.o
                0x0000000000014474                nordic_is_packet_available
 .text.nordic_clear_packet_available_flag
                0x0000000000014484        0x8 obj//home/marc/SJSU-Dev-New/firmware/lib/L4_IO/wireless/src/nrf24L01Plus.o
                0x0000000000014484                nordic_clear_packet_available_flag
 .text.nordic_read_rx_fifo
                0x000000000001448c       0x14 obj//home/marc/SJSU-Dev-New/firmware/lib/L4_IO/wireless/src/nrf24L01Plus.o
                0x000000000001448c                nordic_read_rx_fifo
 .text.nordic_flush_rx_fifo
                0x00000000000144a0        0xc obj//home/marc/SJSU-Dev-New/firmware/lib/L4_IO/wireless/src/nrf24L01Plus.o
                0x00000000000144a0                nordic_flush_rx_fifo
 .text.nordic_set_intr_signals
                0x00000000000144ac       0x3e obj//home/marc/SJSU-Dev-New/firmware/lib/L4_IO/wireless/src/nrf24L01Plus.o
                0x00000000000144ac                nordic_set_intr_signals
 .text.nordic_set_crc
                0x00000000000144ea       0x38 obj//home/marc/SJSU-Dev-New/firmware/lib/L4_IO/wireless/src/nrf24L01Plus.o
                0x00000000000144ea                nordic_set_crc
 .text.nordic_power_up
                0x0000000000014522       0x18 obj//home/marc/SJSU-Dev-New/firmware/lib/L4_IO/wireless/src/nrf24L01Plus.o
                0x0000000000014522                nordic_power_up
 .text.nordic_power_down
                0x000000000001453a       0x16 obj//home/marc/SJSU-Dev-New/firmware/lib/L4_IO/wireless/src/nrf24L01Plus.o
                0x000000000001453a                nordic_power_down
 .text.nordic_set_channel
                0x0000000000014550       0x24 obj//home/marc/SJSU-Dev-New/firmware/lib/L4_IO/wireless/src/nrf24L01Plus.o
                0x0000000000014550                nordic_set_channel
 .text.nordic_set_air_data_rate
                0x0000000000014574       0x2c obj//home/marc/SJSU-Dev-New/firmware/lib/L4_IO/wireless/src/nrf24L01Plus.o
                0x0000000000014574                nordic_set_air_data_rate
 .text.nordic_set_power_level
                0x00000000000145a0       0x24 obj//home/marc/SJSU-Dev-New/firmware/lib/L4_IO/wireless/src/nrf24L01Plus.o
                0x00000000000145a0                nordic_set_power_level
 .text.nordic_set_auto_transmit_options
                0x00000000000145c4       0x2c obj//home/marc/SJSU-Dev-New/firmware/lib/L4_IO/wireless/src/nrf24L01Plus.o
                0x00000000000145c4                nordic_set_auto_transmit_options
 .text.nordic_set_payload_for_pipe
                0x00000000000145f0       0x14 obj//home/marc/SJSU-Dev-New/firmware/lib/L4_IO/wireless/src/nrf24L01Plus.o
                0x00000000000145f0                nordic_set_payload_for_pipe
 .text.nordic_set_addr_width
                0x0000000000014604       0x16 obj//home/marc/SJSU-Dev-New/firmware/lib/L4_IO/wireless/src/nrf24L01Plus.o
                0x0000000000014604                nordic_set_addr_width
 .text.nordic_set_tx_address
                0x000000000001461a        0xc obj//home/marc/SJSU-Dev-New/firmware/lib/L4_IO/wireless/src/nrf24L01Plus.o
                0x000000000001461a                nordic_set_tx_address
 .text.nordic_set_rx_pipe0_addr
                0x0000000000014626        0xc obj//home/marc/SJSU-Dev-New/firmware/lib/L4_IO/wireless/src/nrf24L01Plus.o
                0x0000000000014626                nordic_set_rx_pipe0_addr
 *fill*         0x0000000000014632        0x2 ff
 .text.nordic_init
                0x0000000000014634       0xc8 obj//home/marc/SJSU-Dev-New/firmware/lib/L4_IO/wireless/src/nrf24L01Plus.o
                0x0000000000014634                nordic_init
 .text.nrf_driver_init
                0x00000000000146fc       0x70 obj//home/marc/SJSU-Dev-New/firmware/lib/L4_IO/wireless/src/wireless.o
 .text.nrf_driver_app_recv
                0x000000000001476c       0x50 obj//home/marc/SJSU-Dev-New/firmware/lib/L4_IO/wireless/src/wireless.o
 .text.nrf_driver_send
                0x00000000000147bc       0x58 obj//home/marc/SJSU-Dev-New/firmware/lib/L4_IO/wireless/src/wireless.o
 .text.nrf_irq_callback
                0x0000000000014814       0x34 obj//home/marc/SJSU-Dev-New/firmware/lib/L4_IO/wireless/src/wireless.o
 .text.nrf_driver_receive
                0x0000000000014848       0x22 obj//home/marc/SJSU-Dev-New/firmware/lib/L4_IO/wireless/src/wireless.o
 .text.nrf_driver_get_timer
                0x000000000001486a       0x28 obj//home/marc/SJSU-Dev-New/firmware/lib/L4_IO/wireless/src/wireless.o
 *fill*         0x0000000000014892        0x2 ff
 .text.wireless_init
                0x0000000000014894       0x4c obj//home/marc/SJSU-Dev-New/firmware/lib/L4_IO/wireless/src/wireless.o
                0x0000000000014894                wireless_init
 .text.wireless_service
                0x00000000000148e0       0x4c obj//home/marc/SJSU-Dev-New/firmware/lib/L4_IO/wireless/src/wireless.o
                0x00000000000148e0                wireless_service
 .text.get_fattime
                0x000000000001492c       0x52 obj//home/marc/SJSU-Dev-New/firmware/lib/L4_IO/fat/fatfs_time.o
                0x000000000001492c                get_fattime
 .text.mem_cpy  0x000000000001497e       0x38 obj//home/marc/SJSU-Dev-New/firmware/lib/L4_IO/fat/ff.o
 .text.mem_set  0x00000000000149b6        0xe obj//home/marc/SJSU-Dev-New/firmware/lib/L4_IO/fat/ff.o
 .text.sum_sfn  0x00000000000149c4       0x1e obj//home/marc/SJSU-Dev-New/firmware/lib/L4_IO/fat/ff.o
 .text.get_ldnumber
                0x00000000000149e2       0x3a obj//home/marc/SJSU-Dev-New/firmware/lib/L4_IO/fat/ff.o
 .text.sync_window.part.1
                0x0000000000014a1c       0x46 obj//home/marc/SJSU-Dev-New/firmware/lib/L4_IO/fat/ff.o
 .text.sync_window
                0x0000000000014a62        0xc obj//home/marc/SJSU-Dev-New/firmware/lib/L4_IO/fat/ff.o
 *fill*         0x0000000000014a6e        0x2 ff
 .text.sync_fs  0x0000000000014a70       0x74 obj//home/marc/SJSU-Dev-New/firmware/lib/L4_IO/fat/ff.o
 .text.move_window
                0x0000000000014ae4       0x34 obj//home/marc/SJSU-Dev-New/firmware/lib/L4_IO/fat/ff.o
 .text.check_fs
                0x0000000000014b18       0x4c obj//home/marc/SJSU-Dev-New/firmware/lib/L4_IO/fat/ff.o
 .text.find_volume
                0x0000000000014b64      0x21c obj//home/marc/SJSU-Dev-New/firmware/lib/L4_IO/fat/ff.o
 .text.validate
                0x0000000000014d80       0x3a obj//home/marc/SJSU-Dev-New/firmware/lib/L4_IO/fat/ff.o
 .text.unlock_fs
                0x0000000000014dba       0x1a obj//home/marc/SJSU-Dev-New/firmware/lib/L4_IO/fat/ff.o
 .text.clust2sect
                0x0000000000014dd4       0x16 obj//home/marc/SJSU-Dev-New/firmware/lib/L4_IO/fat/ff.o
                0x0000000000014dd4                clust2sect
 .text.get_fat  0x0000000000014dea       0xa6 obj//home/marc/SJSU-Dev-New/firmware/lib/L4_IO/fat/ff.o
                0x0000000000014dea                get_fat
 .text.dir_sdi  0x0000000000014e90       0x80 obj//home/marc/SJSU-Dev-New/firmware/lib/L4_IO/fat/ff.o
 .text.put_fat  0x0000000000014f10       0xd2 obj//home/marc/SJSU-Dev-New/firmware/lib/L4_IO/fat/ff.o
                0x0000000000014f10                put_fat
 .text.create_chain
                0x0000000000014fe2       0xa0 obj//home/marc/SJSU-Dev-New/firmware/lib/L4_IO/fat/ff.o
 .text.dir_next
                0x0000000000015082       0xec obj//home/marc/SJSU-Dev-New/firmware/lib/L4_IO/fat/ff.o
 *fill*         0x000000000001516e        0x2 ff
 .text.dir_find.part.9
                0x0000000000015170      0x120 obj//home/marc/SJSU-Dev-New/firmware/lib/L4_IO/fat/ff.o
 .text.follow_path
                0x0000000000015290      0x270 obj//home/marc/SJSU-Dev-New/firmware/lib/L4_IO/fat/ff.o
 .text.dir_register
                0x0000000000015500      0x238 obj//home/marc/SJSU-Dev-New/firmware/lib/L4_IO/fat/ff.o
 .text.remove_chain
                0x0000000000015738       0x58 obj//home/marc/SJSU-Dev-New/firmware/lib/L4_IO/fat/ff.o
 .text.f_mount  0x0000000000015790       0x7c obj//home/marc/SJSU-Dev-New/firmware/lib/L4_IO/fat/ff.o
                0x0000000000015790                f_mount
 .text.f_open   0x000000000001580c      0x12e obj//home/marc/SJSU-Dev-New/firmware/lib/L4_IO/fat/ff.o
                0x000000000001580c                f_open
 .text.f_read   0x000000000001593a      0x170 obj//home/marc/SJSU-Dev-New/firmware/lib/L4_IO/fat/ff.o
                0x000000000001593a                f_read
 .text.f_write  0x0000000000015aaa      0x1ac obj//home/marc/SJSU-Dev-New/firmware/lib/L4_IO/fat/ff.o
                0x0000000000015aaa                f_write
 .text.f_sync   0x0000000000015c56       0x8a obj//home/marc/SJSU-Dev-New/firmware/lib/L4_IO/fat/ff.o
                0x0000000000015c56                f_sync
 .text.f_close  0x0000000000015ce0       0x24 obj//home/marc/SJSU-Dev-New/firmware/lib/L4_IO/fat/ff.o
                0x0000000000015ce0                f_close
 .text.f_lseek  0x0000000000015d04      0x14e obj//home/marc/SJSU-Dev-New/firmware/lib/L4_IO/fat/ff.o
                0x0000000000015d04                f_lseek
 .text.f_getfree
                0x0000000000015e52       0xc8 obj//home/marc/SJSU-Dev-New/firmware/lib/L4_IO/fat/ff.o
                0x0000000000015e52                f_getfree
 *fill*         0x0000000000015f1a        0x2 ff
 .text.f_mkfs   0x0000000000015f1c      0x4f4 obj//home/marc/SJSU-Dev-New/firmware/lib/L4_IO/fat/ff.o
                0x0000000000015f1c                f_mkfs
 .text.ff_convert
                0x0000000000016410       0x3c obj//home/marc/SJSU-Dev-New/firmware/lib/L4_IO/fat/option/ccsbcs.o
                0x0000000000016410                ff_convert
 .text.ff_wtoupper
                0x000000000001644c       0x24 obj//home/marc/SJSU-Dev-New/firmware/lib/L4_IO/fat/option/ccsbcs.o
                0x000000000001644c                ff_wtoupper
 .text.ff_cre_syncobj
                0x0000000000016470       0x14 obj//home/marc/SJSU-Dev-New/firmware/lib/L4_IO/fat/option/reentrant.o
                0x0000000000016470                ff_cre_syncobj
 .text.ff_del_syncobj
                0x0000000000016484        0x4 obj//home/marc/SJSU-Dev-New/firmware/lib/L4_IO/fat/option/reentrant.o
                0x0000000000016484                ff_del_syncobj
 .text.ff_req_grant
                0x0000000000016488       0x26 obj//home/marc/SJSU-Dev-New/firmware/lib/L4_IO/fat/option/reentrant.o
                0x0000000000016488                ff_req_grant
 .text.ff_rel_grant
                0x00000000000164ae       0x1e obj//home/marc/SJSU-Dev-New/firmware/lib/L4_IO/fat/option/reentrant.o
                0x00000000000164ae                ff_rel_grant
 .text.sys_get_uptime_ms
                0x00000000000164cc       0x12 obj//home/marc/SJSU-Dev-New/firmware/lib/L4_IO/fat/disk/sd.o
 *fill*         0x00000000000164de        0x2 ff
 .text.ssp1_set_max_clock
                0x00000000000164e0       0x30 obj//home/marc/SJSU-Dev-New/firmware/lib/L4_IO/fat/disk/sd.o
 .text.ssp1_exchange_byte
                0x0000000000016510       0x14 obj//home/marc/SJSU-Dev-New/firmware/lib/L4_IO/fat/disk/sd.o
 .text.wait_ready
                0x0000000000016524       0x2e obj//home/marc/SJSU-Dev-New/firmware/lib/L4_IO/fat/disk/sd.o
                0x0000000000016524                wait_ready
 *fill*         0x0000000000016552        0x2 ff
 .text.power_off
                0x0000000000016554       0x24 obj//home/marc/SJSU-Dev-New/firmware/lib/L4_IO/fat/disk/sd.o
                0x0000000000016554                power_off
 .text.rcvr_datablock
                0x0000000000016578       0x8c obj//home/marc/SJSU-Dev-New/firmware/lib/L4_IO/fat/disk/sd.o
                0x0000000000016578                rcvr_datablock
 .text.xmit_datablock
                0x0000000000016604       0x4c obj//home/marc/SJSU-Dev-New/firmware/lib/L4_IO/fat/disk/sd.o
                0x0000000000016604                xmit_datablock
 .text.send_cmd
                0x0000000000016650       0x8c obj//home/marc/SJSU-Dev-New/firmware/lib/L4_IO/fat/disk/sd.o
                0x0000000000016650                send_cmd
 .text.sd_update_card_status
                0x00000000000166dc       0x24 obj//home/marc/SJSU-Dev-New/firmware/lib/L4_IO/fat/disk/sd.o
                0x00000000000166dc                sd_update_card_status
 .text.sd_initialize
                0x0000000000016700      0x16c obj//home/marc/SJSU-Dev-New/firmware/lib/L4_IO/fat/disk/sd.o
                0x0000000000016700                sd_initialize
 .text.sd_status
                0x000000000001686c       0x10 obj//home/marc/SJSU-Dev-New/firmware/lib/L4_IO/fat/disk/sd.o
                0x000000000001686c                sd_status
 .text.sd_read  0x000000000001687c       0x98 obj//home/marc/SJSU-Dev-New/firmware/lib/L4_IO/fat/disk/sd.o
                0x000000000001687c                sd_read
 .text.sd_write
                0x0000000000016914       0xb4 obj//home/marc/SJSU-Dev-New/firmware/lib/L4_IO/fat/disk/sd.o
                0x0000000000016914                sd_write
 .text.sd_ioctl
                0x00000000000169c8      0x21c obj//home/marc/SJSU-Dev-New/firmware/lib/L4_IO/fat/disk/sd.o
                0x00000000000169c8                sd_ioctl
 .text._ZL24flash_get_mem_size_bytesv
                0x0000000000016be4       0x20 obj//home/marc/SJSU-Dev-New/firmware/lib/L4_IO/fat/disk/spi_flash.o
 .text._ZL37flash_perform_page_io_of_fatfs_sectorPFvPhmmES_m
                0x0000000000016c04       0x74 obj//home/marc/SJSU-Dev-New/firmware/lib/L4_IO/fat/disk/spi_flash.o
 .text.ssp1_exchange_data
                0x0000000000016c78       0xac obj//home/marc/SJSU-Dev-New/firmware/lib/L4_IO/fat/disk/spi_flash.o
 .text._ZL18flash_send_op_addr14flash_opcode_tm
                0x0000000000016d24       0x26 obj//home/marc/SJSU-Dev-New/firmware/lib/L4_IO/fat/disk/spi_flash.o
 *fill*         0x0000000000016d4a        0x2 ff
 .text._ZL15flash_read_pagePhmm
                0x0000000000016d4c       0x44 obj//home/marc/SJSU-Dev-New/firmware/lib/L4_IO/fat/disk/spi_flash.o
 .text._ZL20flash_wait_for_readyv
                0x0000000000016d90       0x40 obj//home/marc/SJSU-Dev-New/firmware/lib/L4_IO/fat/disk/spi_flash.o
 .text.flash_initialize
                0x0000000000016dd0       0x98 obj//home/marc/SJSU-Dev-New/firmware/lib/L4_IO/fat/disk/spi_flash.o
                0x0000000000016dd0                flash_initialize
 .text.flash_read_sectors
                0x0000000000016e68       0x50 obj//home/marc/SJSU-Dev-New/firmware/lib/L4_IO/fat/disk/spi_flash.o
                0x0000000000016e68                flash_read_sectors
 .text.flash_write_sectors
                0x0000000000016eb8       0x4c obj//home/marc/SJSU-Dev-New/firmware/lib/L4_IO/fat/disk/spi_flash.o
                0x0000000000016eb8                flash_write_sectors
 .text.flash_ioctl
                0x0000000000016f04       0x36 obj//home/marc/SJSU-Dev-New/firmware/lib/L4_IO/fat/disk/spi_flash.o
                0x0000000000016f04                flash_ioctl
 *fill*         0x0000000000016f3a        0x2 ff
 .text.flash_write_permanent_id
                0x0000000000016f3c       0x44 obj//home/marc/SJSU-Dev-New/firmware/lib/L4_IO/fat/disk/spi_flash.o
                0x0000000000016f3c                flash_write_permanent_id
 .text.flash_read_permanent_id
                0x0000000000016f80       0x28 obj//home/marc/SJSU-Dev-New/firmware/lib/L4_IO/fat/disk/spi_flash.o
                0x0000000000016f80                flash_read_permanent_id
 .text.flash_get_page_count
                0x0000000000016fa8       0x20 obj//home/marc/SJSU-Dev-New/firmware/lib/L4_IO/fat/disk/spi_flash.o
                0x0000000000016fa8                flash_get_page_count
 .text.flash_get_page_size
                0x0000000000016fc8        0xc obj//home/marc/SJSU-Dev-New/firmware/lib/L4_IO/fat/disk/spi_flash.o
                0x0000000000016fc8                flash_get_page_size
 .text.flash_supports_metadata
                0x0000000000016fd4       0x10 obj//home/marc/SJSU-Dev-New/firmware/lib/L4_IO/fat/disk/spi_flash.o
                0x0000000000016fd4                flash_supports_metadata
 .text._ZL16flash_write_pagePhmm
                0x0000000000016fe4       0x8c obj//home/marc/SJSU-Dev-New/firmware/lib/L4_IO/fat/disk/spi_flash.o
 .text.flash_chip_erase
                0x0000000000017070       0x2c obj//home/marc/SJSU-Dev-New/firmware/lib/L4_IO/fat/disk/spi_flash.o
                0x0000000000017070                flash_chip_erase
 .text.disk_initialize
                0x000000000001709c       0x26 obj//home/marc/SJSU-Dev-New/firmware/lib/L4_IO/fat/disk/diskio.o
                0x000000000001709c                disk_initialize
 .text.disk_status
                0x00000000000170c2       0x10 obj//home/marc/SJSU-Dev-New/firmware/lib/L4_IO/fat/disk/diskio.o
                0x00000000000170c2                disk_status
 .text.disk_read
                0x00000000000170d2       0x38 obj//home/marc/SJSU-Dev-New/firmware/lib/L4_IO/fat/disk/diskio.o
                0x00000000000170d2                disk_read
 .text.disk_write
                0x000000000001710a       0x38 obj//home/marc/SJSU-Dev-New/firmware/lib/L4_IO/fat/disk/diskio.o
                0x000000000001710a                disk_write
 .text.disk_ioctl
                0x0000000000017142       0x32 obj//home/marc/SJSU-Dev-New/firmware/lib/L4_IO/fat/disk/diskio.o
                0x0000000000017142                disk_ioctl
 .text._ZN11i2c2_device8writeRegEhh
                0x0000000000017174        0xc obj//home/marc/SJSU-Dev-New/firmware/lib/L4_IO/src/io_source.o
                0x0000000000017174                i2c2_device::writeReg(unsigned char, unsigned char)
 .text._ZN11i2c2_device16get16BitRegisterEh
                0x0000000000017180       0x2a obj//home/marc/SJSU-Dev-New/firmware/lib/L4_IO/src/io_source.o
                0x0000000000017180                i2c2_device::get16BitRegister(unsigned char)
 .text._ZN19Acceleration_Sensor4initEv
                0x00000000000171aa       0x20 obj//home/marc/SJSU-Dev-New/firmware/lib/L4_IO/src/io_source.o
                0x00000000000171aa                Acceleration_Sensor::init()
 *fill*         0x00000000000171ca        0x2 ff
 .text._ZN9IR_Sensor11storeIrCodeEm
                0x00000000000171cc       0x1c obj//home/marc/SJSU-Dev-New/firmware/lib/L4_IO/src/io_source.o
                0x00000000000171cc                IR_Sensor::storeIrCode(unsigned long)
 .text._ZN9IR_Sensor12decodeIrCodeEv
                0x00000000000171e8       0x64 obj//home/marc/SJSU-Dev-New/firmware/lib/L4_IO/src/io_source.o
                0x00000000000171e8                IR_Sensor::decodeIrCode()
 .text._ZN9IR_Sensor4initEv
                0x000000000001724c       0x34 obj//home/marc/SJSU-Dev-New/firmware/lib/L4_IO/src/io_source.o
                0x000000000001724c                IR_Sensor::init()
 .text._ZN11LED_Display12setLeftDigitEc
                0x0000000000017280       0x18 obj//home/marc/SJSU-Dev-New/firmware/lib/L4_IO/src/io_source.o
                0x0000000000017280                LED_Display::setLeftDigit(char)
 .text._ZN11LED_Display13setRightDigitEc
                0x0000000000017298       0x18 obj//home/marc/SJSU-Dev-New/firmware/lib/L4_IO/src/io_source.o
                0x0000000000017298                LED_Display::setRightDigit(char)
 .text._ZN11LED_Display4initEv
                0x00000000000172b0       0x38 obj//home/marc/SJSU-Dev-New/firmware/lib/L4_IO/src/io_source.o
                0x00000000000172b0                LED_Display::init()
 .text._ZN11LED_Display9setNumberEc
                0x00000000000172e8       0x3a obj//home/marc/SJSU-Dev-New/firmware/lib/L4_IO/src/io_source.o
                0x00000000000172e8                LED_Display::setNumber(char)
 .text._ZN3LED4initEv
                0x0000000000017322        0x4 obj//home/marc/SJSU-Dev-New/firmware/lib/L4_IO/src/io_source.o
                0x0000000000017322                LED::init()
 *fill*         0x0000000000017326        0x2 ff
 .text._ZN3LED6setAllEh
                0x0000000000017328       0x50 obj//home/marc/SJSU-Dev-New/firmware/lib/L4_IO/src/io_source.o
                0x0000000000017328                LED::setAll(unsigned char)
 .text._ZN12Light_Sensor4initEv
                0x0000000000017378        0x4 obj//home/marc/SJSU-Dev-New/firmware/lib/L4_IO/src/io_source.o
                0x0000000000017378                Light_Sensor::init()
 .text._ZN12Light_Sensor11getRawValueEv
                0x000000000001737c        0x6 obj//home/marc/SJSU-Dev-New/firmware/lib/L4_IO/src/io_source.o
                0x000000000001737c                Light_Sensor::getRawValue()
 .text._ZN8Switches4initEv
                0x0000000000017382        0x4 obj//home/marc/SJSU-Dev-New/firmware/lib/L4_IO/src/io_source.o
                0x0000000000017382                Switches::init()
 *fill*         0x0000000000017386        0x2 ff
 .text._ZN8Switches15getSwitchValuesEv
                0x0000000000017388       0x18 obj//home/marc/SJSU-Dev-New/firmware/lib/L4_IO/src/io_source.o
                0x0000000000017388                Switches::getSwitchValues()
 .text._ZN8I2C_Temp4initEv
                0x00000000000173a0       0x22 obj//home/marc/SJSU-Dev-New/firmware/lib/L4_IO/src/io_source.o
                0x00000000000173a0                I2C_Temp::init()
 .text._ZN8I2C_Temp10getCelsiusEv
                0x00000000000173c2       0x30 obj//home/marc/SJSU-Dev-New/firmware/lib/L4_IO/src/io_source.o
                0x00000000000173c2                I2C_Temp::getCelsius()
 *fill*         0x00000000000173f2        0x2 ff
 .text._ZN8I2C_Temp12getFarenheitEv
                0x00000000000173f4       0x24 obj//home/marc/SJSU-Dev-New/firmware/lib/L4_IO/src/io_source.o
                0x00000000000173f4                I2C_Temp::getFarenheit()
 .text._ZN7Storage4readEPKcPvjj
                0x0000000000017418       0x44 obj//home/marc/SJSU-Dev-New/firmware/lib/L4_IO/src/storage.o
                0x0000000000017418                Storage::read(char const*, void*, unsigned int, unsigned int)
 .text._ZN8I2C_Base15i2cStateMachineEv
                0x000000000001745c      0x2e8 obj/L5_Application/main.o
                0x000000000001745c                I2C_Base::i2cStateMachine()
 .text.startup.main
                0x0000000000017744       0x44 obj/L5_Application/main.o
                0x0000000000017744                main
 .text._ZNK10__cxxabiv117__class_type_info11__do_upcastEPKS0_PPv
                0x0000000000017788       0x34 /home/marc/SJSU-Dev-New/tools/gcc-arm-none-eabi-6-2017-q2-update/bin/../lib/gcc/arm-none-eabi/6.3.1/../../../../arm-none-eabi/lib/thumb/v7-m/libstdc++_nano.a(class_type_info.o)
                0x0000000000017788                __cxxabiv1::__class_type_info::__do_upcast(__cxxabiv1::__class_type_info const*, void**) const
 .text._ZNK10__cxxabiv117__class_type_info20__do_find_public_srcEiPKvPKS0_S2_
                0x00000000000177bc        0xc /home/marc/SJSU-Dev-New/tools/gcc-arm-none-eabi-6-2017-q2-update/bin/../lib/gcc/arm-none-eabi/6.3.1/../../../../arm-none-eabi/lib/thumb/v7-m/libstdc++_nano.a(class_type_info.o)
                0x00000000000177bc                __cxxabiv1::__class_type_info::__do_find_public_src(int, void const*, __cxxabiv1::__class_type_info const*, void const*) const
 .text._ZN10__cxxabiv117__class_type_infoD2Ev
                0x00000000000177c8       0x14 /home/marc/SJSU-Dev-New/tools/gcc-arm-none-eabi-6-2017-q2-update/bin/../lib/gcc/arm-none-eabi/6.3.1/../../../../arm-none-eabi/lib/thumb/v7-m/libstdc++_nano.a(class_type_info.o)
                0x00000000000177c8                __cxxabiv1::__class_type_info::~__class_type_info()
                0x00000000000177c8                __cxxabiv1::__class_type_info::~__class_type_info()
 .text._ZN10__cxxabiv117__class_type_infoD0Ev
                0x00000000000177dc       0x14 /home/marc/SJSU-Dev-New/tools/gcc-arm-none-eabi-6-2017-q2-update/bin/../lib/gcc/arm-none-eabi/6.3.1/../../../../arm-none-eabi/lib/thumb/v7-m/libstdc++_nano.a(class_type_info.o)
                0x00000000000177dc                __cxxabiv1::__class_type_info::~__class_type_info()
 .text._ZNK10__cxxabiv117__class_type_info11__do_upcastEPKS0_PKvRNS0_15__upcast_resultE
                0x00000000000177f0       0x18 /home/marc/SJSU-Dev-New/tools/gcc-arm-none-eabi-6-2017-q2-update/bin/../lib/gcc/arm-none-eabi/6.3.1/../../../../arm-none-eabi/lib/thumb/v7-m/libstdc++_nano.a(class_type_info.o)
                0x00000000000177f0                __cxxabiv1::__class_type_info::__do_upcast(__cxxabiv1::__class_type_info const*, void const*, __cxxabiv1::__class_type_info::__upcast_result&) const
 .text._ZNK10__cxxabiv117__class_type_info10__do_catchEPKSt9type_infoPPvj
                0x0000000000017808       0x2a /home/marc/SJSU-Dev-New/tools/gcc-arm-none-eabi-6-2017-q2-update/bin/../lib/gcc/arm-none-eabi/6.3.1/../../../../arm-none-eabi/lib/thumb/v7-m/libstdc++_nano.a(class_type_info.o)
                0x0000000000017808                __cxxabiv1::__class_type_info::__do_catch(std::type_info const*, void**, unsigned int) const
 .text._ZNK10__cxxabiv117__class_type_info12__do_dyncastEiNS0_10__sub_kindEPKS0_PKvS3_S5_RNS0_16__dyncast_resultE
                0x0000000000017832       0x38 /home/marc/SJSU-Dev-New/tools/gcc-arm-none-eabi-6-2017-q2-update/bin/../lib/gcc/arm-none-eabi/6.3.1/../../../../arm-none-eabi/lib/thumb/v7-m/libstdc++_nano.a(class_type_info.o)
                0x0000000000017832                __cxxabiv1::__class_type_info::__do_dyncast(int, __cxxabiv1::__class_type_info::__sub_kind, __cxxabiv1::__class_type_info const*, void const*, __cxxabiv1::__class_type_info const*, void const*, __cxxabiv1::__class_type_info::__dyncast_result&) const
 *fill*         0x000000000001786a        0x2 ff
 .text._ZN10__cxxabiv120__si_class_type_infoD2Ev
                0x000000000001786c       0x14 /home/marc/SJSU-Dev-New/tools/gcc-arm-none-eabi-6-2017-q2-update/bin/../lib/gcc/arm-none-eabi/6.3.1/../../../../arm-none-eabi/lib/thumb/v7-m/libstdc++_nano.a(si_class_type_info.o)
                0x000000000001786c                __cxxabiv1::__si_class_type_info::~__si_class_type_info()
                0x000000000001786c                __cxxabiv1::__si_class_type_info::~__si_class_type_info()
 .text._ZN10__cxxabiv120__si_class_type_infoD0Ev
                0x0000000000017880       0x14 /home/marc/SJSU-Dev-New/tools/gcc-arm-none-eabi-6-2017-q2-update/bin/../lib/gcc/arm-none-eabi/6.3.1/../../../../arm-none-eabi/lib/thumb/v7-m/libstdc++_nano.a(si_class_type_info.o)
                0x0000000000017880                __cxxabiv1::__si_class_type_info::~__si_class_type_info()
 .text._ZNK10__cxxabiv120__si_class_type_info20__do_find_public_srcEiPKvPKNS_17__class_type_infoES2_
                0x0000000000017894       0x38 /home/marc/SJSU-Dev-New/tools/gcc-arm-none-eabi-6-2017-q2-update/bin/../lib/gcc/arm-none-eabi/6.3.1/../../../../arm-none-eabi/lib/thumb/v7-m/libstdc++_nano.a(si_class_type_info.o)
                0x0000000000017894                __cxxabiv1::__si_class_type_info::__do_find_public_src(int, void const*, __cxxabiv1::__class_type_info const*, void const*) const
 .text._ZNK10__cxxabiv120__si_class_type_info12__do_dyncastEiNS_17__class_type_info10__sub_kindEPKS1_PKvS4_S6_RNS1_16__dyncast_resultE
                0x00000000000178cc       0x7c /home/marc/SJSU-Dev-New/tools/gcc-arm-none-eabi-6-2017-q2-update/bin/../lib/gcc/arm-none-eabi/6.3.1/../../../../arm-none-eabi/lib/thumb/v7-m/libstdc++_nano.a(si_class_type_info.o)
                0x00000000000178cc                __cxxabiv1::__si_class_type_info::__do_dyncast(int, __cxxabiv1::__class_type_info::__sub_kind, __cxxabiv1::__class_type_info const*, void const*, __cxxabiv1::__class_type_info const*, void const*, __cxxabiv1::__class_type_info::__dyncast_result&) const
 .text._ZNK10__cxxabiv120__si_class_type_info11__do_upcastEPKNS_17__class_type_infoEPKvRNS1_15__upcast_resultE
                0x0000000000017948       0x2a /home/marc/SJSU-Dev-New/tools/gcc-arm-none-eabi-6-2017-q2-update/bin/../lib/gcc/arm-none-eabi/6.3.1/../../../../arm-none-eabi/lib/thumb/v7-m/libstdc++_nano.a(si_class_type_info.o)
                0x0000000000017948                __cxxabiv1::__si_class_type_info::__do_upcast(__cxxabiv1::__class_type_info const*, void const*, __cxxabiv1::__class_type_info::__upcast_result&) const
 .text._ZdlPvj  0x0000000000017972        0x4 /home/marc/SJSU-Dev-New/tools/gcc-arm-none-eabi-6-2017-q2-update/bin/../lib/gcc/arm-none-eabi/6.3.1/../../../../arm-none-eabi/lib/thumb/v7-m/libstdc++_nano.a(del_ops.o)
                0x0000000000017972                operator delete(void*, unsigned int)
 .text.__cxa_guard_acquire
                0x0000000000017976       0x18 /home/marc/SJSU-Dev-New/tools/gcc-arm-none-eabi-6-2017-q2-update/bin/../lib/gcc/arm-none-eabi/6.3.1/../../../../arm-none-eabi/lib/thumb/v7-m/libstdc++_nano.a(guard.o)
                0x0000000000017976                __cxa_guard_acquire
 .text.__cxa_guard_release
                0x000000000001798e        0x6 /home/marc/SJSU-Dev-New/tools/gcc-arm-none-eabi-6-2017-q2-update/bin/../lib/gcc/arm-none-eabi/6.3.1/../../../../arm-none-eabi/lib/thumb/v7-m/libstdc++_nano.a(guard.o)
                0x000000000001798e                __cxa_guard_release
 .text.__cxa_pure_virtual
                0x0000000000017994        0x6 /home/marc/SJSU-Dev-New/tools/gcc-arm-none-eabi-6-2017-q2-update/bin/../lib/gcc/arm-none-eabi/6.3.1/../../../../arm-none-eabi/lib/thumb/v7-m/libstdc++_nano.a(pure.o)
                0x0000000000017994                __cxa_pure_virtual
 *fill*         0x000000000001799a        0x2 ff
 .text._ZN10__cxxabiv121__vmi_class_type_infoD2Ev
                0x000000000001799c       0x14 /home/marc/SJSU-Dev-New/tools/gcc-arm-none-eabi-6-2017-q2-update/bin/../lib/gcc/arm-none-eabi/6.3.1/../../../../arm-none-eabi/lib/thumb/v7-m/libstdc++_nano.a(vmi_class_type_info.o)
                0x000000000001799c                __cxxabiv1::__vmi_class_type_info::~__vmi_class_type_info()
                0x000000000001799c                __cxxabiv1::__vmi_class_type_info::~__vmi_class_type_info()
 .text._ZN10__cxxabiv121__vmi_class_type_infoD0Ev
                0x00000000000179b0       0x14 /home/marc/SJSU-Dev-New/tools/gcc-arm-none-eabi-6-2017-q2-update/bin/../lib/gcc/arm-none-eabi/6.3.1/../../../../arm-none-eabi/lib/thumb/v7-m/libstdc++_nano.a(vmi_class_type_info.o)
                0x00000000000179b0                __cxxabiv1::__vmi_class_type_info::~__vmi_class_type_info()
 .text._ZNK10__cxxabiv121__vmi_class_type_info20__do_find_public_srcEiPKvPKNS_17__class_type_infoES2_
                0x00000000000179c4       0x74 /home/marc/SJSU-Dev-New/tools/gcc-arm-none-eabi-6-2017-q2-update/bin/../lib/gcc/arm-none-eabi/6.3.1/../../../../arm-none-eabi/lib/thumb/v7-m/libstdc++_nano.a(vmi_class_type_info.o)
                0x00000000000179c4                __cxxabiv1::__vmi_class_type_info::__do_find_public_src(int, void const*, __cxxabiv1::__class_type_info const*, void const*) const
 .text._ZNK10__cxxabiv117__class_type_info17__find_public_srcEiPKvPKS0_S2_
                0x0000000000017a38       0x2a /home/marc/SJSU-Dev-New/tools/gcc-arm-none-eabi-6-2017-q2-update/bin/../lib/gcc/arm-none-eabi/6.3.1/../../../../arm-none-eabi/lib/thumb/v7-m/libstdc++_nano.a(vmi_class_type_info.o)
                0x0000000000017a38                __cxxabiv1::__class_type_info::__find_public_src(int, void const*, __cxxabiv1::__class_type_info const*, void const*) const
 .text._ZNK10__cxxabiv121__vmi_class_type_info12__do_dyncastEiNS_17__class_type_info10__sub_kindEPKS1_PKvS4_S6_RNS1_16__dyncast_resultE
                0x0000000000017a62      0x292 /home/marc/SJSU-Dev-New/tools/gcc-arm-none-eabi-6-2017-q2-update/bin/../lib/gcc/arm-none-eabi/6.3.1/../../../../arm-none-eabi/lib/thumb/v7-m/libstdc++_nano.a(vmi_class_type_info.o)
                0x0000000000017a62                __cxxabiv1::__vmi_class_type_info::__do_dyncast(int, __cxxabiv1::__class_type_info::__sub_kind, __cxxabiv1::__class_type_info const*, void const*, __cxxabiv1::__class_type_info const*, void const*, __cxxabiv1::__class_type_info::__dyncast_result&) const
 .text._ZNK10__cxxabiv121__vmi_class_type_info11__do_upcastEPKNS_17__class_type_infoEPKvRNS1_15__upcast_resultE
                0x0000000000017cf4      0x12a /home/marc/SJSU-Dev-New/tools/gcc-arm-none-eabi-6-2017-q2-update/bin/../lib/gcc/arm-none-eabi/6.3.1/../../../../arm-none-eabi/lib/thumb/v7-m/libstdc++_nano.a(vmi_class_type_info.o)
                0x0000000000017cf4                __cxxabiv1::__vmi_class_type_info::__do_upcast(__cxxabiv1::__class_type_info const*, void const*, __cxxabiv1::__class_type_info::__upcast_result&) const
 .text._ZNSt9type_infoD2Ev
                0x0000000000017e1e        0x2 /home/marc/SJSU-Dev-New/tools/gcc-arm-none-eabi-6-2017-q2-update/bin/../lib/gcc/arm-none-eabi/6.3.1/../../../../arm-none-eabi/lib/thumb/v7-m/libstdc++_nano.a(tinfo.o)
                0x0000000000017e1e                std::type_info::~type_info()
                0x0000000000017e1e                std::type_info::~type_info()
 .text._ZNKSt9type_info15__is_function_pEv
                0x0000000000017e20        0x4 /home/marc/SJSU-Dev-New/tools/gcc-arm-none-eabi-6-2017-q2-update/bin/../lib/gcc/arm-none-eabi/6.3.1/../../../../arm-none-eabi/lib/thumb/v7-m/libstdc++_nano.a(tinfo.o)
                0x0000000000017e20                std::type_info::__is_function_p() const
                0x0000000000017e20                std::type_info::__is_pointer_p() const
 .text._ZNKSt9type_infoeqERKS_
                0x0000000000017e24       0x2c /home/marc/SJSU-Dev-New/tools/gcc-arm-none-eabi-6-2017-q2-update/bin/../lib/gcc/arm-none-eabi/6.3.1/../../../../arm-none-eabi/lib/thumb/v7-m/libstdc++_nano.a(tinfo.o)
                0x0000000000017e24                std::type_info::operator==(std::type_info const&) const
 .text._ZN10__cxxabiv111__terminateEPFvvE
                0x0000000000017e50        0x8 /home/marc/SJSU-Dev-New/tools/gcc-arm-none-eabi-6-2017-q2-update/bin/../lib/gcc/arm-none-eabi/6.3.1/../../../../arm-none-eabi/lib/thumb/v7-m/libstdc++_nano.a(eh_terminate.o)
                0x0000000000017e50                __cxxabiv1::__terminate(void (*)())
 .text._ZSt13get_terminatev
                0x0000000000017e58       0x10 /home/marc/SJSU-Dev-New/tools/gcc-arm-none-eabi-6-2017-q2-update/bin/../lib/gcc/arm-none-eabi/6.3.1/../../../../arm-none-eabi/lib/thumb/v7-m/libstdc++_nano.a(eh_terminate.o)
                0x0000000000017e58                std::get_terminate()
 .text._ZSt9terminatev
                0x0000000000017e68        0xa /home/marc/SJSU-Dev-New/tools/gcc-arm-none-eabi-6-2017-q2-update/bin/../lib/gcc/arm-none-eabi/6.3.1/../../../../arm-none-eabi/lib/thumb/v7-m/libstdc++_nano.a(eh_terminate.o)
                0x0000000000017e68                std::terminate()
 *fill*         0x0000000000017e72        0x2 ff
 .text          0x0000000000017e74       0x18 /home/marc/SJSU-Dev-New/tools/gcc-arm-none-eabi-6-2017-q2-update/bin/../lib/gcc/arm-none-eabi/6.3.1/thumb/v7-m/libgcc.a(_ashldi3.o)
                0x0000000000017e74                __ashldi3
                0x0000000000017e74                __aeabi_llsl
 .text          0x0000000000017e8c      0x370 /home/marc/SJSU-Dev-New/tools/gcc-arm-none-eabi-6-2017-q2-update/bin/../lib/gcc/arm-none-eabi/6.3.1/thumb/v7-m/libgcc.a(_arm_addsubdf3.o)
                0x0000000000017e8c                __aeabi_drsub
                0x0000000000017e94                __aeabi_dsub
                0x0000000000017e94                __subdf3
                0x0000000000017e98                __adddf3
                0x0000000000017e98                __aeabi_dadd
                0x0000000000018110                __aeabi_ui2d
                0x0000000000018110                __floatunsidf
                0x0000000000018130                __floatsidf
                0x0000000000018130                __aeabi_i2d
                0x0000000000018154                __extendsfdf2
                0x0000000000018154                __aeabi_f2d
                0x0000000000018190                __aeabi_ul2d
                0x0000000000018190                __floatundidf
                0x00000000000181a0                __floatdidf
                0x00000000000181a0                __aeabi_l2d
 .text          0x00000000000181fc       0x40 /home/marc/SJSU-Dev-New/tools/gcc-arm-none-eabi-6-2017-q2-update/bin/../lib/gcc/arm-none-eabi/6.3.1/thumb/v7-m/libgcc.a(_arm_fixunsdfsi.o)
                0x00000000000181fc                __fixunsdfsi
                0x00000000000181fc                __aeabi_d2uiz
 .text          0x000000000001823c       0xa0 /home/marc/SJSU-Dev-New/tools/gcc-arm-none-eabi-6-2017-q2-update/bin/../lib/gcc/arm-none-eabi/6.3.1/thumb/v7-m/libgcc.a(_arm_truncdfsf2.o)
                0x000000000001823c                __aeabi_d2f
                0x000000000001823c                __truncdfsf2
 .text          0x00000000000182dc      0x21c /home/marc/SJSU-Dev-New/tools/gcc-arm-none-eabi-6-2017-q2-update/bin/../lib/gcc/arm-none-eabi/6.3.1/thumb/v7-m/libgcc.a(_arm_addsubsf3.o)
                0x00000000000182dc                __aeabi_frsub
                0x00000000000182e4                __subsf3
                0x00000000000182e4                __aeabi_fsub
                0x00000000000182e8                __aeabi_fadd
                0x00000000000182e8                __addsf3
                0x0000000000018448                __aeabi_ui2f
                0x0000000000018448                __floatunsisf
                0x0000000000018450                __aeabi_i2f
                0x0000000000018450                __floatsisf
                0x000000000001846c                __floatundisf
                0x000000000001846c                __aeabi_ul2f
                0x000000000001847c                __floatdisf
                0x000000000001847c                __aeabi_l2f
 .text          0x00000000000184f8      0x2a0 /home/marc/SJSU-Dev-New/tools/gcc-arm-none-eabi-6-2017-q2-update/bin/../lib/gcc/arm-none-eabi/6.3.1/thumb/v7-m/libgcc.a(_arm_muldivsf3.o)
                0x00000000000184f8                __mulsf3
                0x00000000000184f8                __aeabi_fmul
                0x0000000000018660                __divsf3
                0x0000000000018660                __aeabi_fdiv